Archive member included because of file (symbol)

/home/deh/CodeSourcery/Sourcery_G++_Lite/arm-none-eabi/lib/thumb2/libc.a(lib_a-reent.o)
                              newlib_support.o (errno)
/home/deh/CodeSourcery/Sourcery_G++_Lite/arm-none-eabi/lib/thumb2/libc.a(lib_a-freer.o)
                              /home/deh/CodeSourcery/Sourcery_G++_Lite/arm-none-eabi/lib/thumb2/libc.a(lib_a-reent.o) (_free_r)
/home/deh/CodeSourcery/Sourcery_G++_Lite/arm-none-eabi/lib/thumb2/libc.a(lib_a-impure.o)
                              /home/deh/CodeSourcery/Sourcery_G++_Lite/arm-none-eabi/lib/thumb2/libc.a(lib_a-reent.o) (_impure_ptr)
/home/deh/CodeSourcery/Sourcery_G++_Lite/arm-none-eabi/lib/thumb2/libc.a(lib_a-mallocr.o)
                              /home/deh/CodeSourcery/Sourcery_G++_Lite/arm-none-eabi/lib/thumb2/libc.a(lib_a-freer.o) (__malloc_av_)
/home/deh/CodeSourcery/Sourcery_G++_Lite/arm-none-eabi/lib/thumb2/libc.a(lib_a-mlock.o)
                              /home/deh/CodeSourcery/Sourcery_G++_Lite/arm-none-eabi/lib/thumb2/libc.a(lib_a-freer.o) (__malloc_lock)
/home/deh/CodeSourcery/Sourcery_G++_Lite/arm-none-eabi/lib/thumb2/libc.a(lib_a-sbrkr.o)
                              /home/deh/CodeSourcery/Sourcery_G++_Lite/arm-none-eabi/lib/thumb2/libc.a(lib_a-freer.o) (_sbrk_r)
./../../../../svn_pod/sw_stm32/trunk/lib/libmiscstm32/libmiscstm32.a(busfreq.o)
                              ldr.o (sysclk_freq)
./../../../../svn_pod/sw_stm32/trunk/lib/libmiscstm32/libmiscstm32.a(clockspecifysetup.o)
                              ldr.o (clockspecifysetup)
./../../../../svn_pod/sw_stm32/trunk/lib/libmiscstm32/libmiscstm32.a(DTW_counter.o)
                              ldr.o (DTW_counter_init)
./../../../../svn_pod/sw_stm32/trunk/lib/libmiscstm32/libmiscstm32.a(printf.o)
                              ldr.o (init_printf)
./../../../../svn_pod/sw_stm32/trunk/lib/libmiscstm32/libmiscstm32.a(startup_deh.o)
                              (Reset_Handler)
./../../../../svn_pod/sw_stm32/trunk/lib/libusartstm32/libusartstm32.a(USART1_rxinttxint.o)
                              ldr.o (USART1_rxinttxint_init)
./../../../../svn_pod/sw_stm32/trunk/lib/libusartstm32/libusartstm32.a(USART1_txint_putc.o)
                              ldr.o (USART1_txint_putc)
./../../../../svn_pod/sw_stm32/trunk/lib/libusartstm32/libusartstm32.a(USART1_txint_puts.o)
                              ldr.o (USART1_txint_puts)
./../../../../svn_pod/sw_stm32/trunk/lib/libusartstm32/libusartstm32.a(USART1_txint_send.o)
                              ldr.o (USART1_txint_send)
./../../../../svn_pod/sw_stm32/trunk/lib/libusartstm32/libusartstm32.a(USART1_txint_busy.o)
                              ./../../../../svn_pod/sw_stm32/trunk/lib/libusartstm32/libusartstm32.a(USART1_txint_putc.o) (USART1_txint_busy)
./../../../../svn_pod/sw_stm32/trunk/lib/libusartstm32/libusartstm32.a(usartx_putsS.o)
                              ./../../../../svn_pod/sw_stm32/trunk/lib/libusartstm32/libusartstm32.a(USART1_txint_puts.o) (usartx_putsS)
./../../../../svn_pod/sw_stm32/trunk/lib/libusartstm32/libusartstm32.a(USART1_txmin.o)
                              ./../../../../svn_pod/sw_stm32/trunk/lib/libusartstm32/libusartstm32.a(USART1_rxinttxint.o) (pUSARTcbt1)
./../../../../svn_pod/sw_stm32/trunk/lib/libusartstm32/libusartstm32.a(usartx_txdma_init.o)
                              ./../../../../svn_pod/sw_stm32/trunk/lib/libusartstm32/libusartstm32.a(USART1_rxinttxint.o) (usartx_txdma_allocatebuffers)
./../../../../svn_pod/sw_stm32/trunk/lib/libusartstm32/libusartstm32.a(usartx_tx_advlnptr.o)
                              ./../../../../svn_pod/sw_stm32/trunk/lib/libusartstm32/libusartstm32.a(USART1_rxinttxint.o) (usartx_txisr_advlnptr)
./../../../../svn_pod/sw_stm32/trunk/lib/libusartstm32/libusartstm32.a(USART1_rxdma.o)
                              ./../../../../svn_pod/sw_stm32/trunk/lib/libusartstm32/libusartstm32.a(USART1_rxinttxint.o) (pUSARTcbr1)
./../../../../svn_pod/sw_stm32/trunk/lib/libusartstm32/libusartstm32.a(usartx_rxint_init.o)
                              ./../../../../svn_pod/sw_stm32/trunk/lib/libusartstm32/libusartstm32.a(USART1_rxinttxint.o) (usartx_rxint_allocatebuffers)
./../../../../svn_pod/sw_stm32/trunk/lib/libusartstm32/libusartstm32.a(usartx_txint_send.o)
                              ./../../../../svn_pod/sw_stm32/trunk/lib/libusartstm32/libusartstm32.a(USART1_txint_send.o) (usartx_txint_send)
./../../../../svn_pod/sw_stm32/trunk/lib/libusartstm32/libusartstm32.a(usartx_txint_init.o)
                              ./../../../../svn_pod/sw_stm32/trunk/lib/libusartstm32/libusartstm32.a(USART1_rxinttxint.o) (usartx_txint_usart_init)
./../../../../svn_pod/sw_stm32/trunk/lib/libusartstm32/libusartstm32.a(mymalloc.o)
                              ./../../../../svn_pod/sw_stm32/trunk/lib/libusartstm32/libusartstm32.a(usartx_txdma_init.o) (mymalloc)
./../../../../svn_pod/sw_stm32/trunk/lib/libusartstm32/libusartstm32.a(usartx_setbaud.o)
                              ./../../../../svn_pod/sw_stm32/trunk/lib/libusartstm32/libusartstm32.a(usartx_txdma_init.o) (usartx_setbaud)
./../../../../svn_pod/sw_stm32/trunk/lib/libusartstm32/libusartstm32.a(usartx_txmin_init.o)
                              ./../../../../svn_pod/sw_stm32/trunk/lib/libusartstm32/libusartstm32.a(USART1_txmin.o) (usartx_txmin_init)
./../../../../svn_pod/sw_stm32/trunk/lib/libusartstm32/libusartstm32.a(usartx_rxdma_init.o)
                              ./../../../../svn_pod/sw_stm32/trunk/lib/libusartstm32/libusartstm32.a(USART1_rxdma.o) (usartx_rxdma_allocatebuffers)
./../../../sw_f103/trunk/lib/libsensormisc/libsensormisc.a(crc-32.o)
                              ldr.o (rc_crc32)
./../../../sw_f103/trunk/lib/libsensormisc/libsensormisc.a(can_nxp_setRS.o)
                              ldr.o (can_nxp_setRS)
./../../../sw_f103/trunk/lib/libsensormisc/libsensormisc.a(canwinch_setup_F103_pod.o)
                              ldr.o (canwinch_setup_F103_pod_clocks)
./../../../sw_f103/trunk/lib/libsensormisc/libsensormisc.a(panic_leds_pod.o)
                              vector.o (panic_leds_pod)
./../../../sw_f103/trunk/lib/libdevicestm32/libdevicestm32.a(flash_write.o)
                              canwinch_ldrproto.o (flash_write)
./../../../sw_f103/trunk/lib/libdevicestm32/libdevicestm32.a(SENSORpinconfig.o)
                              ./../../../sw_f103/trunk/lib/libsensormisc/libsensormisc.a(can_nxp_setRS.o) (configure_pin)
./../../../../svn_pod/sw_stm32/trunk/devices/libdevicesstm32.a(pinconfig_all.o)
                              ./../../../sw_f103/trunk/lib/libdevicestm32/libdevicestm32.a(SENSORpinconfig.o) (pinconfig_all)
./../../../../svn_pod/sw_stm32/trunk/devices/libdevicesstm32.a(PODpinconfig.o)
                              ldr.o (PODgpiopins_Config)
./../../../../svn_common/trunk/f103/libcommon_allf103.a(can_driver.o)
                              ./../../../sw_f103/trunk/lib/libsensormisc/libsensormisc.a(canwinch_setup_F103_pod.o) (can_driver_init)
./../../../../svn_common/trunk/f103/libcommon_allf103.a(can_driver_port.o)
                              ./../../../../svn_common/trunk/f103/libcommon_allf103.a(can_driver.o) (can_driver_port)
./../../../../svn_common/trunk/f103/libcommon_allf103.a(can_driver_filter.o)
                              ./../../../sw_f103/trunk/lib/libsensormisc/libsensormisc.a(canwinch_setup_F103_pod.o) (can_driver_filter_deactivate_all)
./../../../../svn_common/trunk/f103/libcommon_allf103.a(can_msg_reset.o)
                              ldr.o (can_msg_reset_init)
/home/deh/CodeSourcery/Sourcery_G++_Lite/arm-none-eabi/lib/thumb2/libc.a(lib_a-calloc.o)
                              ./../../../../svn_common/trunk/f103/libcommon_allf103.a(can_driver.o) (calloc)
/home/deh/CodeSourcery/Sourcery_G++_Lite/arm-none-eabi/lib/thumb2/libc.a(lib_a-callocr.o)
                              /home/deh/CodeSourcery/Sourcery_G++_Lite/arm-none-eabi/lib/thumb2/libc.a(lib_a-calloc.o) (_calloc_r)
/home/deh/CodeSourcery/Sourcery_G++_Lite/arm-none-eabi/lib/thumb2/libc.a(lib_a-memset.o)
                              /home/deh/CodeSourcery/Sourcery_G++_Lite/arm-none-eabi/lib/thumb2/libc.a(lib_a-callocr.o) (memset)

Allocating common symbols
Common symbol       size              file

errno               0x4               /home/deh/CodeSourcery/Sourcery_G++_Lite/arm-none-eabi/lib/thumb2/libc.a(lib_a-reent.o)

Memory Configuration

Name             Origin             Length             Attributes
RAM              0x20000000         0x00010000         xrw
FLASH            0x08000000         0x00005000         xr
FLASHH           0x0807f800         0x00000800         xr
*default*        0x00000000         0xffffffff

Linker script and memory map

LOAD /home/deh/CodeSourcery/Sourcery_G++_Lite/lib/gcc/arm-none-eabi/4.5.2/thumb2/libgcc.a
LOAD /home/deh/CodeSourcery/Sourcery_G++_Lite/lib/gcc/arm-none-eabi/4.5.2/thumb2/libgcov.a
LOAD /home/deh/CodeSourcery/Sourcery_G++_Lite/arm-none-eabi/lib/thumb2/libc.a
LOAD /home/deh/CodeSourcery/Sourcery_G++_Lite/arm-none-eabi/lib/thumb2/libm.a
                0x08005004                __appjump = 0x8005004
                0x08005000                __appoffset = 0x8005000
                0x00000400                _MYHEAP_SIZE = 0x400
                0x2000fc00                __MSP = 0x2000fc00

.flash          0x08000000     0x3f74
 *(.vectors)
 .vectors       0x08000000      0x130 vector.o
                0x08000000                vector_table
 .vectors       0x08000130        0x8 ldr.o
                0x08000130                unique_can_block
 *(.vtable)
 .vtable        0x08000138       0x18 ldr.o
                0x08000138                fixedaddress
 *(.text .text.* .gnu.linkonce.t.*)
 .text          0x08000150       0x40 vector.o
                0x08000150                usage_fault_handler
                0x08000156                bus_fault_handler
                0x0800015c                mem_manage_handler
                0x08000162                hard_fault_handler
                0x08000168                DMA1CH4_IRQHandler
                0x08000168                rtc_isr
                0x08000168                p1_TIM1_TRG_COM_IRQHandler
                0x08000168                TIM6_IRQHandler
                0x08000168                I2C1_ER_IRQHandler_ten
                0x08000168                DMA1CH1_IRQHandler_tension
                0x08000168                usb_wakeup_isr
                0x08000168                dma1_channel6_isr
                0x08000168                exti2_isr
                0x08000168                null_handler
                0x08000168                dDMA1CH2_IRQHandler
                0x08000168                I2C2_EV_IRQHandler
                0x08000168                dma1_channel5_isr
                0x08000168                ADC1_2_IRQHandler
                0x08000168                p1_TIM1_UP_IRQHandler
                0x08000168                tim8_trg_com_isr
                0x08000168                SYSTICK_IRQHandler
                0x08000168                SPI1_TEN_IRQHandler
                0x08000168                sdio_isr
                0x08000168                tim8_brk_isr
                0x08000168                dma2_channel4_5_isr
                0x08000168                usart5_isr
                0x08000168                USART3_IRQHandler
                0x08000168                pvd_isr
                0x08000168                ADC3_IRQHandler
                0x08000168                TIM4_IRQHandler
                0x08000168                sv_call_handler
                0x08000168                rcc_isr
                0x08000168                flash_isr
                0x08000168                I2C1_EV_IRQHandler
                0x08000168                rtc_alarm_isr
                0x08000168                exti15_10_isr
                0x08000168                p1_TIM1_BRK_IRQHandler
                0x08000168                exti1_isr
                0x08000168                CAN_SCE_Handler
                0x08000168                dma2_channel1_isr
                0x08000168                pend_sv_handler
                0x08000168                spi2_isr
                0x08000168                tim8_up_isr
                0x08000168                TIM7_IRQHandler
                0x08000168                dma2_channel2_isr
                0x08000168                TIM5_IRQHandler
                0x08000168                exti3_isr
                0x08000168                debug_monitor_handler
                0x08000168                tim3_isr
                0x08000168                exti4_isr
                0x08000168                DMA2CH3_IRQHandler
                0x08000168                exti9_5_isr
                0x08000168                TIM2_IRQHandler
                0x08000168                FSMC_IRQHandler_ten
                0x08000168                nmi_handler
                0x08000168                USART2_IRQHandler
                0x08000168                tim8_cc_isr
                0x08000168                I2C2_ER_IRQHandler
                0x08000168                tamper_isr
                0x08000168                p1_TIM1_CC_IRQHandler
                0x08000168                wwdg_isr
                0x08000168                dma1_channel3_isr
                0x08000168                usart4_isr
                0x08000168                spi3_isr
                0x08000168                DMA1CH7_IRQHandler
                0x08000168                exti0_isr
                0x0800016e                relocate_vector
 .text          0x08000190      0x2c4 ldr.o
                0x08000190                putc
                0x08000196                system_reset
                0x080001a8                toggle_1led
                0x080001cc                main
 .text          0x08000454      0x148 newlib_support.o
                0x08000454                _close
                0x0800045a                _execve
                0x0800046c                _fork
                0x0800047c                _fstat
                0x08000486                _getpid
                0x0800048a                _isatty
                0x080004a0                _kill
                0x080004b0                _link
                0x080004c0                _lseek
                0x080004c4                _sbrk
                0x080004e0                _read
                0x080004f4                _stat
                0x080004fe                _times
                0x08000504                _unlink
                0x08000514                _wait
                0x08000524                _write
                0x08000588                _exit
 .text          0x0800059c      0x87c canwinch_ldrproto.o
                0x080006d0                canwinch_ldrproto_init
                0x08000784                mv2
                0x0800078e                mv4
                0x080007a4                do_dataread
                0x080007d8                addressOK
                0x08000810                do_datawrite
                0x080009e8                do_wrblk
                0x08000a0c                do_crc
                0x08000ad8                do_set_addr
                0x08000b4c                do_flashsize
                0x08000b84                do_rd4
                0x08000bcc                do_getfromdaddress
                0x08000c28                do_send4
                0x08000c64                do_getflashpaddr
                0x08000cc8                do_cmd_cmd
                0x08000de4                canwinch_ldrproto_poll
 .text          0x08000e18      0x118 /home/deh/CodeSourcery/Sourcery_G++_Lite/arm-none-eabi/lib/thumb2/libc.a(lib_a-reent.o)
                0x08000e18                cleanup_glue
                0x08000e34                _reclaim_reent
                0x08000ef4                _wrapup_reent
 .text          0x08000f30      0x240 /home/deh/CodeSourcery/Sourcery_G++_Lite/arm-none-eabi/lib/thumb2/libc.a(lib_a-freer.o)
                0x08000f30                _malloc_trim_r
                0x08000fd8                _free_r
 .text          0x08001170        0x0 /home/deh/CodeSourcery/Sourcery_G++_Lite/arm-none-eabi/lib/thumb2/libc.a(lib_a-impure.o)
 .text          0x08001170      0x57c /home/deh/CodeSourcery/Sourcery_G++_Lite/arm-none-eabi/lib/thumb2/libc.a(lib_a-mallocr.o)
                0x08001170                _malloc_r
 .text          0x080016ec        0x8 /home/deh/CodeSourcery/Sourcery_G++_Lite/arm-none-eabi/lib/thumb2/libc.a(lib_a-mlock.o)
                0x080016ec                __malloc_lock
                0x080016f0                __malloc_unlock
 .text          0x080016f4       0x28 /home/deh/CodeSourcery/Sourcery_G++_Lite/arm-none-eabi/lib/thumb2/libc.a(lib_a-sbrkr.o)
                0x080016f4                _sbrk_r
 .text          0x0800171c        0x0 ./../../../../svn_pod/sw_stm32/trunk/lib/libmiscstm32/libmiscstm32.a(busfreq.o)
 .text          0x0800171c      0x184 ./../../../../svn_pod/sw_stm32/trunk/lib/libmiscstm32/libmiscstm32.a(clockspecifysetup.o)
                0x0800171c                convert
                0x08001728                clockspecifysetup
 .text          0x080018a0       0x20 ./../../../../svn_pod/sw_stm32/trunk/lib/libmiscstm32/libmiscstm32.a(DTW_counter.o)
                0x080018a0                DTW_counter_init
 .text          0x080018c0      0x2f4 ./../../../../svn_pod/sw_stm32/trunk/lib/libmiscstm32/libmiscstm32.a(printf.o)
                0x080019ae                tfp_format
                0x08001b58                init_printf
                0x08001b64                tfp_printf
                0x08001b88                tfp_sprintf
 .text          0x08001bb4       0x40 ./../../../../svn_pod/sw_stm32/trunk/lib/libmiscstm32/libmiscstm32.a(startup_deh.o)
                0x08001bb4                Reset_Handler
 .text          0x08001bf4       0xf8 ./../../../../svn_pod/sw_stm32/trunk/lib/libusartstm32/libusartstm32.a(USART1_rxinttxint.o)
                0x08001bf4                USART1_rxinttxint_init
                0x08001c80                USART1_IRQHandler
 .text          0x08001cec       0x38 ./../../../../svn_pod/sw_stm32/trunk/lib/libusartstm32/libusartstm32.a(USART1_txint_putc.o)
                0x08001cec                USART1_txint_putc
 .text          0x08001d24       0x2c ./../../../../svn_pod/sw_stm32/trunk/lib/libusartstm32/libusartstm32.a(USART1_txint_puts.o)
                0x08001d24                USART1_txint_puts
 .text          0x08001d50       0x1c ./../../../../svn_pod/sw_stm32/trunk/lib/libusartstm32/libusartstm32.a(USART1_txint_send.o)
                0x08001d50                USART1_txint_send
 .text          0x08001d6c       0x14 ./../../../../svn_pod/sw_stm32/trunk/lib/libusartstm32/libusartstm32.a(USART1_txint_busy.o)
                0x08001d6c                USART1_txint_busy
 .text          0x08001d80       0x20 ./../../../../svn_pod/sw_stm32/trunk/lib/libusartstm32/libusartstm32.a(usartx_putsS.o)
                0x08001d80                usartx_putsS
 .text          0x08001da0       0x30 ./../../../../svn_pod/sw_stm32/trunk/lib/libusartstm32/libusartstm32.a(USART1_txmin.o)
                0x08001da0                USART1_txmin_init
 .text          0x08001dd0       0x9a ./../../../../svn_pod/sw_stm32/trunk/lib/libusartstm32/libusartstm32.a(usartx_txdma_init.o)
                0x08001dd0                usartx_txdma_allocatebuffers
                0x08001e4c                usartx_txdma_usart_init
 .text          0x08001e6a       0x44 ./../../../../svn_pod/sw_stm32/trunk/lib/libusartstm32/libusartstm32.a(usartx_tx_advlnptr.o)
                0x08001e6a                usartx_txmain_advlnptr
                0x08001e8c                usartx_txisr_advlnptr
 *fill*         0x08001eae        0x2 00
 .text          0x08001eb0       0x68 ./../../../../svn_pod/sw_stm32/trunk/lib/libusartstm32/libusartstm32.a(USART1_rxdma.o)
                0x08001eb0                USART1_rxdma_init
 .text          0x08001f18       0xfe ./../../../../svn_pod/sw_stm32/trunk/lib/libusartstm32/libusartstm32.a(usartx_rxint_init.o)
                0x08001f18                usartx_rxint_allocatebuffers
                0x08001f7a                usartx_rxint_usart_init
                0x08001f90                usartx_rxint_rxmainadvptr
                0x08001fb4                usartx_rxint_rxisrptradv2
                0x08001fd6                usartx_rxint_rxisrptradv
 .text          0x08002016       0x1c ./../../../../svn_pod/sw_stm32/trunk/lib/libusartstm32/libusartstm32.a(usartx_txint_send.o)
                0x08002016                usartx_txint_send
 .text          0x08002032       0x76 ./../../../../svn_pod/sw_stm32/trunk/lib/libusartstm32/libusartstm32.a(usartx_txint_init.o)
                0x08002032                usartx_txint_allocatebuffers
                0x08002092                usartx_txint_usart_init
 .text          0x080020a8       0x24 ./../../../../svn_pod/sw_stm32/trunk/lib/libusartstm32/libusartstm32.a(mymalloc.o)
                0x080020a8                mymalloc
 .text          0x080020cc       0x48 ./../../../../svn_pod/sw_stm32/trunk/lib/libusartstm32/libusartstm32.a(usartx_setbaud.o)
                0x080020cc                usartx_setbaud
 .text          0x08002114       0x16 ./../../../../svn_pod/sw_stm32/trunk/lib/libusartstm32/libusartstm32.a(usartx_txmin_init.o)
                0x08002114                usartx_txmin_init
 .text          0x0800212a       0x6e ./../../../../svn_pod/sw_stm32/trunk/lib/libusartstm32/libusartstm32.a(usartx_rxdma_init.o)
                0x0800212a                usartx_rxdma_allocatebuffers
                0x0800217a                usartx_rxdma_usart_init
 .text          0x08002198       0x2c ./../../../sw_f103/trunk/lib/libsensormisc/libsensormisc.a(crc-32.o)
                0x08002198                rc_crc32
 .text          0x080021c4       0x54 ./../../../sw_f103/trunk/lib/libsensormisc/libsensormisc.a(can_nxp_setRS.o)
                0x080021c4                can_nxp_setRS
 .text          0x08002218       0x60 ./../../../sw_f103/trunk/lib/libsensormisc/libsensormisc.a(canwinch_setup_F103_pod.o)
                0x08002218                canwinch_setup_F103_pod_clocks
                0x08002220                canwinch_setup_F103_pod
 .text          0x08002278       0x94 ./../../../sw_f103/trunk/lib/libsensormisc/libsensormisc.a(panic_leds_pod.o)
                0x0800228e                panic_leds_pod
 .text          0x0800230c      0x23c ./../../../sw_f103/trunk/lib/libdevicestm32/libdevicestm32.a(flash_write.o)
                0x0800230c                flash_write_ram
                0x0800235c                flash_unlock
                0x08002378                flash_unlock2
                0x08002394                flash_write
                0x0800246c                flash_erase
 .text          0x08002548       0x4c ./../../../sw_f103/trunk/lib/libdevicestm32/libdevicestm32.a(SENSORpinconfig.o)
                0x08002548                SENSORgpiopins_Config
                0x08002570                configure_pin
 .text          0x08002594       0x8a ./../../../../svn_pod/sw_stm32/trunk/devices/libdevicesstm32.a(pinconfig_all.o)
                0x08002594                pinconfig_all
 *fill*         0x0800261e        0x2 00
 .text          0x08002620      0x1e0 ./../../../../svn_pod/sw_stm32/trunk/devices/libdevicesstm32.a(PODpinconfig.o)
                0x08002620                PODgpiopins_Config
                0x080026fc                PODgpiopins_default
                0x08002770                PA0_reconfig
                0x0800279c                configure_pin_pod
                0x080027c0                configure_pin_in_pd
 .text          0x08002800      0x770 ./../../../../svn_common/trunk/f103/libcommon_allf103.a(can_driver.o)
                0x08002940                can_driver_init
                0x08002be0                can_driver_enable_interrupts
                0x08002c10                can_driver_toss0
                0x08002c14                can_driver_toss1
                0x08002c18                can_driver_peek0
                0x08002c26                can_driver_peek1
                0x08002c40                can_driver_put
                0x08002d64                can_driver_getcount
                0x08002da4                CAN_TX_IRQHandler
                0x08002e3c                CAN_RX_IRQHandler
                0x08002f08                CAN1_TX_IRQHandler
                0x08002f14                CAN2_TX_IRQHandler
                0x08002f20                CAN1_RX0_IRQHandler
                0x08002f34                CAN1_RX1_IRQHandler
                0x08002f48                CAN2_RX0_IRQHandler
                0x08002f5c                CAN2_RX1_IRQHandler
 .text          0x08002f70       0xd8 ./../../../../svn_common/trunk/f103/libcommon_allf103.a(can_driver_port.o)
                0x08002f70                can_driver_port
 .text          0x08003048      0x360 ./../../../../svn_common/trunk/f103/libcommon_allf103.a(can_driver_filter.o)
                0x08003048                can_driver_filter_deactivate_one
                0x08003090                can_driver_filter_deactivate_all
                0x080030c0                can_driver_filter_setCAN2boundary
                0x08003110                can_driver_filter_insert
                0x08003238                can_driver_filter_add_one_32b_id
                0x080032f4                can_driver_filter_add_two_32b_id
                0x08003334                can_driver_filter_add_param_tbl
                0x08003364                can_driver_filter_setbanknum
                0x08003384                can_driver_filter_getbanknum
 .text          0x080033a8       0x50 ./../../../../svn_common/trunk/f103/libcommon_allf103.a(can_msg_reset.o)
                0x080033e4                can_msg_reset_init
 .text          0x080033f8       0x14 /home/deh/CodeSourcery/Sourcery_G++_Lite/arm-none-eabi/lib/thumb2/libc.a(lib_a-calloc.o)
                0x080033f8                calloc
 .text          0x0800340c       0x5c /home/deh/CodeSourcery/Sourcery_G++_Lite/arm-none-eabi/lib/thumb2/libc.a(lib_a-callocr.o)
                0x0800340c                _calloc_r
 .text          0x08003468       0xb4 /home/deh/CodeSourcery/Sourcery_G++_Lite/arm-none-eabi/lib/thumb2/libc.a(lib_a-memset.o)
                0x08003468                memset
 *(.plt)
 *(.gnu.warning)
 *(.glue_7t)
 .glue_7t       0x00000000        0x0 linker stubs
 *(.glue_7)
 .glue_7        0x00000000        0x0 linker stubs
 *(.vfp11_veneer)
 .vfp11_veneer  0x00000000        0x0 linker stubs
 *(.ARM.extab* .gnu.linkonce.armextab.*)
 *(.gcc_except_table)
 *(.v4_bx)
 .v4_bx         0x00000000        0x0 linker stubs
 *(.rodata.str1.*)
 .rodata.str1.1
                0x0800351c      0x1fc ldr.o
 .rodata.str1.1
                0x08003718        0x6 newlib_support.o
 .rodata.str1.1
                0x0800371e      0x31b canwinch_ldrproto.o
                                0x31e (size before relaxing)
 *fill*         0x08003a39        0x3 00
 .rodata.str1.4
                0x08003a3c        0x4 /home/deh/CodeSourcery/Sourcery_G++_Lite/arm-none-eabi/lib/thumb2/libc.a(lib_a-impure.o)
 *(.rodata)
 .rodata        0x08003a40       0x20 ldr.o
                0x08003a40                msginit
                0x08003a50                can_ldr_ready
 .rodata        0x08003a60       0x10 canwinch_ldrproto.o
                0x08003a60                table
 .rodata        0x08003a70        0x4 /home/deh/CodeSourcery/Sourcery_G++_Lite/arm-none-eabi/lib/thumb2/libc.a(lib_a-impure.o)
                0x08003a70                _global_impure_ptr
 .rodata        0x08003a74       0x30 ./../../../../svn_pod/sw_stm32/trunk/lib/libmiscstm32/libmiscstm32.a(clockspecifysetup.o)
                0x08003a74                pllmulxtbl
                0x08003a84                ahbtbl
 .rodata        0x08003aa4      0x400 ./../../../sw_f103/trunk/lib/libsensormisc/libsensormisc.a(crc-32.o)
                0x08003aa4                crctable
 .rodata        0x08003ea4       0x4c ./../../../sw_f103/trunk/lib/libsensormisc/libsensormisc.a(canwinch_setup_F103_pod.o)
                0x08003ea4                clocks
 .rodata        0x08003ef0       0x18 ./../../../sw_f103/trunk/lib/libdevicestm32/libdevicestm32.a(SENSORpinconfig.o)
                0x08003ef0                led21green
                0x08003ef8                led20red
                0x08003f00                led19red
 .rodata        0x08003f08       0x30 ./../../../../svn_common/trunk/f103/libcommon_allf103.a(can_driver.o)
 .rodata        0x08003f38       0x30 ./../../../../svn_common/trunk/f103/libcommon_allf103.a(can_driver_port.o)
 .rodata        0x08003f68        0xc ./../../../../svn_common/trunk/f103/libcommon_allf103.a(can_driver_filter.o)
                0x08003f74                . = ALIGN (0x4)

.flashh         0x0807f800        0x0
                0x0807f800                __highflashlayout = .
 *(.appparam)
                0x0807f800                . = ALIGN (0x4)

.ARM.exidx      0x08003f74        0x0
                0x08003f74                __exidx_start = .
 *(.ARM.exidx* .gnu.linkonce.armexidx.*)
                0x08003f74                __exidx_end = .
                0x08003f74                __data_image = .
                0x08003f74                PROVIDE (__data_image, .)

.data           0x20000000      0x518 load address 0x08003f74
                0x20000000                __data_section_start = .
                0x20000000                _sdata = .
                0x20000000                PROVIDE (__data_section_start, .)
 *(.cs3.region-head.ram)
 *(.jcr)
 *(.got.plt)
 *(.got)
 *(.shdata)
 *(.data .data.* .gnu.linkonce.d.*)
 .data          0x20000000        0x0 vector.o
 .data          0x20000000        0x0 ldr.o
 .data          0x20000000        0x4 newlib_support.o
                0x20000000                environ
 .data          0x20000004        0x4 canwinch_ldrproto.o
                0x20000004                flashblocksize
 .data          0x20000008        0x0 /home/deh/CodeSourcery/Sourcery_G++_Lite/arm-none-eabi/lib/thumb2/libc.a(lib_a-reent.o)
 .data          0x20000008        0x0 /home/deh/CodeSourcery/Sourcery_G++_Lite/arm-none-eabi/lib/thumb2/libc.a(lib_a-freer.o)
 .data          0x20000008       0xf4 /home/deh/CodeSourcery/Sourcery_G++_Lite/arm-none-eabi/lib/thumb2/libc.a(lib_a-impure.o)
                0x20000008                _impure_ptr
 .data          0x200000fc      0x410 /home/deh/CodeSourcery/Sourcery_G++_Lite/arm-none-eabi/lib/thumb2/libc.a(lib_a-mallocr.o)
                0x200000fc                __malloc_av_
                0x20000504                __malloc_sbrk_base
                0x20000508                __malloc_trim_threshold
 .data          0x2000050c        0x0 /home/deh/CodeSourcery/Sourcery_G++_Lite/arm-none-eabi/lib/thumb2/libc.a(lib_a-mlock.o)
 .data          0x2000050c        0x0 /home/deh/CodeSourcery/Sourcery_G++_Lite/arm-none-eabi/lib/thumb2/libc.a(lib_a-sbrkr.o)
 .data          0x2000050c        0x0 ./../../../../svn_pod/sw_stm32/trunk/lib/libmiscstm32/libmiscstm32.a(busfreq.o)
 .data          0x2000050c        0x0 ./../../../../svn_pod/sw_stm32/trunk/lib/libmiscstm32/libmiscstm32.a(clockspecifysetup.o)
 .data          0x2000050c        0x0 ./../../../../svn_pod/sw_stm32/trunk/lib/libmiscstm32/libmiscstm32.a(DTW_counter.o)
 .data          0x2000050c        0x0 ./../../../../svn_pod/sw_stm32/trunk/lib/libmiscstm32/libmiscstm32.a(printf.o)
 .data          0x2000050c        0x0 ./../../../../svn_pod/sw_stm32/trunk/lib/libmiscstm32/libmiscstm32.a(startup_deh.o)
 .data          0x2000050c        0x0 ./../../../../svn_pod/sw_stm32/trunk/lib/libusartstm32/libusartstm32.a(USART1_rxinttxint.o)
 .data          0x2000050c        0x0 ./../../../../svn_pod/sw_stm32/trunk/lib/libusartstm32/libusartstm32.a(USART1_txint_putc.o)
 .data          0x2000050c        0x0 ./../../../../svn_pod/sw_stm32/trunk/lib/libusartstm32/libusartstm32.a(USART1_txint_puts.o)
 .data          0x2000050c        0x0 ./../../../../svn_pod/sw_stm32/trunk/lib/libusartstm32/libusartstm32.a(USART1_txint_send.o)
 .data          0x2000050c        0x0 ./../../../../svn_pod/sw_stm32/trunk/lib/libusartstm32/libusartstm32.a(USART1_txint_busy.o)
 .data          0x2000050c        0x0 ./../../../../svn_pod/sw_stm32/trunk/lib/libusartstm32/libusartstm32.a(usartx_putsS.o)
 .data          0x2000050c        0x0 ./../../../../svn_pod/sw_stm32/trunk/lib/libusartstm32/libusartstm32.a(USART1_txmin.o)
 .data          0x2000050c        0x0 ./../../../../svn_pod/sw_stm32/trunk/lib/libusartstm32/libusartstm32.a(usartx_txdma_init.o)
 .data          0x2000050c        0x0 ./../../../../svn_pod/sw_stm32/trunk/lib/libusartstm32/libusartstm32.a(usartx_tx_advlnptr.o)
 .data          0x2000050c        0x0 ./../../../../svn_pod/sw_stm32/trunk/lib/libusartstm32/libusartstm32.a(USART1_rxdma.o)
 .data          0x2000050c        0x0 ./../../../../svn_pod/sw_stm32/trunk/lib/libusartstm32/libusartstm32.a(usartx_rxint_init.o)
 .data          0x2000050c        0x0 ./../../../../svn_pod/sw_stm32/trunk/lib/libusartstm32/libusartstm32.a(usartx_txint_send.o)
 .data          0x2000050c        0x0 ./../../../../svn_pod/sw_stm32/trunk/lib/libusartstm32/libusartstm32.a(usartx_txint_init.o)
 .data          0x2000050c        0x4 ./../../../../svn_pod/sw_stm32/trunk/lib/libusartstm32/libusartstm32.a(mymalloc.o)
                0x2000050c                myheap
 .data          0x20000510        0x0 ./../../../../svn_pod/sw_stm32/trunk/lib/libusartstm32/libusartstm32.a(usartx_setbaud.o)
 .data          0x20000510        0x0 ./../../../../svn_pod/sw_stm32/trunk/lib/libusartstm32/libusartstm32.a(usartx_txmin_init.o)
 .data          0x20000510        0x0 ./../../../../svn_pod/sw_stm32/trunk/lib/libusartstm32/libusartstm32.a(usartx_rxdma_init.o)
 .data          0x20000510        0x0 ./../../../sw_f103/trunk/lib/libsensormisc/libsensormisc.a(crc-32.o)
 .data          0x20000510        0x0 ./../../../sw_f103/trunk/lib/libsensormisc/libsensormisc.a(can_nxp_setRS.o)
 .data          0x20000510        0x0 ./../../../sw_f103/trunk/lib/libsensormisc/libsensormisc.a(canwinch_setup_F103_pod.o)
 .data          0x20000510        0x0 ./../../../sw_f103/trunk/lib/libsensormisc/libsensormisc.a(panic_leds_pod.o)
 .data          0x20000510        0x0 ./../../../sw_f103/trunk/lib/libdevicestm32/libdevicestm32.a(flash_write.o)
 .data          0x20000510        0x0 ./../../../sw_f103/trunk/lib/libdevicestm32/libdevicestm32.a(SENSORpinconfig.o)
 .data          0x20000510        0x0 ./../../../../svn_pod/sw_stm32/trunk/devices/libdevicesstm32.a(pinconfig_all.o)
 .data          0x20000510        0x0 ./../../../../svn_pod/sw_stm32/trunk/devices/libdevicesstm32.a(PODpinconfig.o)
 .data          0x20000510        0x0 ./../../../../svn_common/trunk/f103/libcommon_allf103.a(can_driver.o)
 .data          0x20000510        0x0 ./../../../../svn_common/trunk/f103/libcommon_allf103.a(can_driver_port.o)
 .data          0x20000510        0x8 ./../../../../svn_common/trunk/f103/libcommon_allf103.a(can_driver_filter.o)
 .data          0x20000518        0x0 ./../../../../svn_common/trunk/f103/libcommon_allf103.a(can_msg_reset.o)
 .data          0x20000518        0x0 /home/deh/CodeSourcery/Sourcery_G++_Lite/arm-none-eabi/lib/thumb2/libc.a(lib_a-calloc.o)
 .data          0x20000518        0x0 /home/deh/CodeSourcery/Sourcery_G++_Lite/arm-none-eabi/lib/thumb2/libc.a(lib_a-callocr.o)
 .data          0x20000518        0x0 /home/deh/CodeSourcery/Sourcery_G++_Lite/arm-none-eabi/lib/thumb2/libc.a(lib_a-memset.o)
                0x20000518                _edata = .
                0x20000518                __data_image_end = .
                0x20000518                PROVIDE (__data_image_end, .)
                0x20000518                _end_data = .
                0x20000518                . = ALIGN (0x4)

.ram            0x20000518     0x1140 load address 0x0800448c
                0x20000518                PROVIDE (_start_of_bss, .)
                0x20000518                _sbss = .
 *(.bss)
 .bss           0x20000518        0x0 vector.o
 .bss           0x20000518        0x4 ldr.o
                0x20000518                pctl1
 .bss           0x2000051c        0x8 newlib_support.o
                0x20000520                __env
 *fill*         0x20000524        0x4 00
 .bss           0x20000528      0x870 canwinch_ldrproto.o
                0x20000d38                padd
                0x20000d54                flash_hi
                0x20000d78                sw_padd
                0x20000d7c                err_novalidadd
                0x20000d80                ldr_phase
                0x20000d84                padd_start
                0x20000d88                err_bogus_cmds_cmds
                0x20000d8c                err_bogus_cmds
                0x20000d90                sw_flash1sttime
 .bss           0x20000d98        0x0 /home/deh/CodeSourcery/Sourcery_G++_Lite/arm-none-eabi/lib/thumb2/libc.a(lib_a-reent.o)
 .bss           0x20000d98        0x0 /home/deh/CodeSourcery/Sourcery_G++_Lite/arm-none-eabi/lib/thumb2/libc.a(lib_a-freer.o)
 .bss           0x20000d98        0x0 /home/deh/CodeSourcery/Sourcery_G++_Lite/arm-none-eabi/lib/thumb2/libc.a(lib_a-impure.o)
 .bss           0x20000d98       0x34 /home/deh/CodeSourcery/Sourcery_G++_Lite/arm-none-eabi/lib/thumb2/libc.a(lib_a-mallocr.o)
                0x20000d98                __malloc_top_pad
                0x20000d9c                __malloc_current_mallinfo
                0x20000dc4                __malloc_max_sbrked_mem
                0x20000dc8                __malloc_max_total_mem
 .bss           0x20000dcc        0x0 /home/deh/CodeSourcery/Sourcery_G++_Lite/arm-none-eabi/lib/thumb2/libc.a(lib_a-mlock.o)
 .bss           0x20000dcc        0x0 /home/deh/CodeSourcery/Sourcery_G++_Lite/arm-none-eabi/lib/thumb2/libc.a(lib_a-sbrkr.o)
 .bss           0x20000dcc       0x10 ./../../../../svn_pod/sw_stm32/trunk/lib/libmiscstm32/libmiscstm32.a(busfreq.o)
                0x20000dcc                sysclk_freq
                0x20000dd0                pclk2_freq
                0x20000dd4                pclk1_freq
                0x20000dd8                hclk_freq
 .bss           0x20000ddc        0x8 ./../../../../svn_pod/sw_stm32/trunk/lib/libmiscstm32/libmiscstm32.a(clockspecifysetup.o)
                0x20000ddc                pdev2
                0x20000dde                pdev1
                0x20000de0                pmul2
                0x20000de2                pmul1
 .bss           0x20000de4        0x0 ./../../../../svn_pod/sw_stm32/trunk/lib/libmiscstm32/libmiscstm32.a(DTW_counter.o)
 .bss           0x20000de4        0x8 ./../../../../svn_pod/sw_stm32/trunk/lib/libmiscstm32/libmiscstm32.a(printf.o)
 .bss           0x20000dec        0x0 ./../../../../svn_pod/sw_stm32/trunk/lib/libmiscstm32/libmiscstm32.a(startup_deh.o)
 .bss           0x20000dec        0x0 ./../../../../svn_pod/sw_stm32/trunk/lib/libusartstm32/libusartstm32.a(USART1_rxinttxint.o)
 .bss           0x20000dec        0x0 ./../../../../svn_pod/sw_stm32/trunk/lib/libusartstm32/libusartstm32.a(USART1_txint_putc.o)
 .bss           0x20000dec        0x0 ./../../../../svn_pod/sw_stm32/trunk/lib/libusartstm32/libusartstm32.a(USART1_txint_puts.o)
 .bss           0x20000dec        0x0 ./../../../../svn_pod/sw_stm32/trunk/lib/libusartstm32/libusartstm32.a(USART1_txint_send.o)
 .bss           0x20000dec        0x0 ./../../../../svn_pod/sw_stm32/trunk/lib/libusartstm32/libusartstm32.a(USART1_txint_busy.o)
 .bss           0x20000dec        0x0 ./../../../../svn_pod/sw_stm32/trunk/lib/libusartstm32/libusartstm32.a(usartx_putsS.o)
 .bss           0x20000dec        0x4 ./../../../../svn_pod/sw_stm32/trunk/lib/libusartstm32/libusartstm32.a(USART1_txmin.o)
                0x20000dec                pUSARTcbt1
 .bss           0x20000df0        0x0 ./../../../../svn_pod/sw_stm32/trunk/lib/libusartstm32/libusartstm32.a(usartx_txdma_init.o)
 .bss           0x20000df0        0x0 ./../../../../svn_pod/sw_stm32/trunk/lib/libusartstm32/libusartstm32.a(usartx_tx_advlnptr.o)
 .bss           0x20000df0        0x4 ./../../../../svn_pod/sw_stm32/trunk/lib/libusartstm32/libusartstm32.a(USART1_rxdma.o)
                0x20000df0                pUSARTcbr1
 .bss           0x20000df4        0x0 ./../../../../svn_pod/sw_stm32/trunk/lib/libusartstm32/libusartstm32.a(usartx_rxint_init.o)
 .bss           0x20000df4        0x0 ./../../../../svn_pod/sw_stm32/trunk/lib/libusartstm32/libusartstm32.a(usartx_txint_send.o)
 .bss           0x20000df4        0x0 ./../../../../svn_pod/sw_stm32/trunk/lib/libusartstm32/libusartstm32.a(usartx_txint_init.o)
 .bss           0x20000df4      0x800 ./../../../../svn_pod/sw_stm32/trunk/lib/libusartstm32/libusartstm32.a(mymalloc.o)
                0x20000df4                myheapblock
 .bss           0x200015f4        0x0 ./../../../../svn_pod/sw_stm32/trunk/lib/libusartstm32/libusartstm32.a(usartx_setbaud.o)
 .bss           0x200015f4        0x0 ./../../../../svn_pod/sw_stm32/trunk/lib/libusartstm32/libusartstm32.a(usartx_txmin_init.o)
 .bss           0x200015f4        0x0 ./../../../../svn_pod/sw_stm32/trunk/lib/libusartstm32/libusartstm32.a(usartx_rxdma_init.o)
 .bss           0x200015f4        0x0 ./../../../sw_f103/trunk/lib/libsensormisc/libsensormisc.a(crc-32.o)
 .bss           0x200015f4        0x0 ./../../../sw_f103/trunk/lib/libsensormisc/libsensormisc.a(can_nxp_setRS.o)
 .bss           0x200015f4        0x0 ./../../../sw_f103/trunk/lib/libsensormisc/libsensormisc.a(canwinch_setup_F103_pod.o)
 .bss           0x200015f4        0x0 ./../../../sw_f103/trunk/lib/libsensormisc/libsensormisc.a(panic_leds_pod.o)
 .bss           0x200015f4        0x4 ./../../../sw_f103/trunk/lib/libdevicestm32/libdevicestm32.a(flash_write.o)
                0x200015f4                flash_err
 .bss           0x200015f8        0x0 ./../../../sw_f103/trunk/lib/libdevicestm32/libdevicestm32.a(SENSORpinconfig.o)
 .bss           0x200015f8        0x0 ./../../../../svn_pod/sw_stm32/trunk/devices/libdevicesstm32.a(pinconfig_all.o)
 .bss           0x200015f8        0x0 ./../../../../svn_pod/sw_stm32/trunk/devices/libdevicesstm32.a(PODpinconfig.o)
 .bss           0x200015f8       0x4c ./../../../../svn_common/trunk/f103/libcommon_allf103.a(can_driver.o)
                0x20001600                friict
                0x20001604                debugB
                0x20001608                debugC
                0x20001610                frii
                0x20001628                buffct
                0x2000162c                pcan_errors
                0x20001630                debugA
                0x20001634                debugT1
                0x20001638                debugD
                0x2000163c                debugT2
                0x20001640                debugT3
 .bss           0x20001644        0x0 ./../../../../svn_common/trunk/f103/libcommon_allf103.a(can_driver_port.o)
 .bss           0x20001644        0x8 ./../../../../svn_common/trunk/f103/libcommon_allf103.a(can_driver_filter.o)
 .bss           0x2000164c        0x8 ./../../../../svn_common/trunk/f103/libcommon_allf103.a(can_msg_reset.o)
                0x20001650                can_msg_reset_ptr
 .bss           0x20001654        0x0 /home/deh/CodeSourcery/Sourcery_G++_Lite/arm-none-eabi/lib/thumb2/libc.a(lib_a-calloc.o)
 .bss           0x20001654        0x0 /home/deh/CodeSourcery/Sourcery_G++_Lite/arm-none-eabi/lib/thumb2/libc.a(lib_a-callocr.o)
 .bss           0x20001654        0x0 /home/deh/CodeSourcery/Sourcery_G++_Lite/arm-none-eabi/lib/thumb2/libc.a(lib_a-memset.o)
 *(.bss*)
 *(.shbss)
 *(.bss .bss.* .gnu.linkonce.b.*)
 *(COMMON)
 COMMON         0x20001654        0x4 /home/deh/CodeSourcery/Sourcery_G++_Lite/arm-none-eabi/lib/thumb2/libc.a(lib_a-reent.o)
                0x20001654                errno
                0x20001658                . = ALIGN (0x4)
 *(.ram.b .bss.ram)
                0x20001658                . = ALIGN (0x4)
                0x20001658                _ebss = .
                0x20001658                _end_of_bss = .
                0x20001658                _end = .
                0x20001658                __end = .
                0x20001658                PROVIDE (_end_of_bss, .)
LOAD vector.o
LOAD ldr.o
LOAD newlib_support.o
LOAD canwinch_ldrproto.o
LOAD /home/deh/CodeSourcery/Sourcery_G++_Lite/arm-none-eabi/lib/thumb2/libm.a
LOAD /home/deh/CodeSourcery/Sourcery_G++_Lite/lib/gcc/arm-none-eabi/4.5.2/thumb2/libgcc.a
LOAD /home/deh/CodeSourcery/Sourcery_G++_Lite/arm-none-eabi/lib/thumb2/libc.a
LOAD /home/deh/CodeSourcery/Sourcery_G++_Lite/lib/gcc/arm-none-eabi/4.5.2/thumb2/libgcc.a
LOAD ./../../../../svn_pod/sw_stm32/trunk/lib/libmiscstm32/libmiscstm32.a
LOAD ./../../../../svn_pod/sw_stm32/trunk/lib/libusartstm32/libusartstm32.a
LOAD ./../../../sw_f103/trunk/lib/libsensormisc/libsensormisc.a
LOAD ./../../../sw_f103/trunk/lib/libdevicestm32/libdevicestm32.a
LOAD ./../../../sw_f103/trunk/lib/libsensormisc/libsensormisc.a
LOAD ./../../../../svn_pod/sw_stm32/trunk/lib/libsupportstm32/libsupportstm32.a
LOAD ./../../../../svn_pod/sw_stm32/trunk/devices/libdevicesstm32.a
LOAD /home/deh/CodeSourcery/Sourcery_G++_Lite/arm-none-eabi/lib/thumb2/libc.a
LOAD /home/deh/CodeSourcery/Sourcery_G++_Lite/arm-none-eabi/lib/thumb2/libm.a
LOAD /home/deh/CodeSourcery/Sourcery_G++_Lite/lib/gcc/arm-none-eabi/4.5.2/thumb2/libgcc.a
LOAD ./../../../../svn_common/trunk/f103/libcommon_allf103.a
LOAD /home/deh/CodeSourcery/Sourcery_G++_Lite/arm-none-eabi/lib/thumb2/libc.a
LOAD /home/deh/CodeSourcery/Sourcery_G++_Lite/lib/gcc/arm-none-eabi/4.5.2/thumb2/libgcc.a
LOAD ./../../../sw_f103/trunk/lib/libdevicestm32/libdevicestm32.a
LOAD ./../../../../svn_pod/sw_stm32/trunk/devices/libdevicesstm32.a
OUTPUT(ldr elf32-littlearm)

.debug_abbrev   0x00000000     0x275e
 .debug_abbrev  0x00000000       0xa4 vector.o
 .debug_abbrev  0x000000a4      0x202 ldr.o
 .debug_abbrev  0x000002a6      0x162 newlib_support.o
 .debug_abbrev  0x00000408      0x387 canwinch_ldrproto.o
 .debug_abbrev  0x0000078f       0x2c ./../../../../svn_pod/sw_stm32/trunk/lib/libmiscstm32/libmiscstm32.a(busfreq.o)
 .debug_abbrev  0x000007bb      0x152 ./../../../../svn_pod/sw_stm32/trunk/lib/libmiscstm32/libmiscstm32.a(clockspecifysetup.o)
 .debug_abbrev  0x0000090d       0x42 ./../../../../svn_pod/sw_stm32/trunk/lib/libmiscstm32/libmiscstm32.a(DTW_counter.o)
 .debug_abbrev  0x0000094f      0x265 ./../../../../svn_pod/sw_stm32/trunk/lib/libmiscstm32/libmiscstm32.a(printf.o)
 .debug_abbrev  0x00000bb4       0x98 ./../../../../svn_pod/sw_stm32/trunk/lib/libmiscstm32/libmiscstm32.a(startup_deh.o)
 .debug_abbrev  0x00000c4c       0xd7 ./../../../../svn_pod/sw_stm32/trunk/lib/libusartstm32/libusartstm32.a(USART1_rxinttxint.o)
 .debug_abbrev  0x00000d23       0xa4 ./../../../../svn_pod/sw_stm32/trunk/lib/libusartstm32/libusartstm32.a(USART1_txint_putc.o)
 .debug_abbrev  0x00000dc7       0xa2 ./../../../../svn_pod/sw_stm32/trunk/lib/libusartstm32/libusartstm32.a(USART1_txint_puts.o)
 .debug_abbrev  0x00000e69       0x91 ./../../../../svn_pod/sw_stm32/trunk/lib/libusartstm32/libusartstm32.a(USART1_txint_send.o)
 .debug_abbrev  0x00000efa       0x93 ./../../../../svn_pod/sw_stm32/trunk/lib/libusartstm32/libusartstm32.a(USART1_txint_busy.o)
 .debug_abbrev  0x00000f8d       0xa2 ./../../../../svn_pod/sw_stm32/trunk/lib/libusartstm32/libusartstm32.a(USART1_txmin.o)
 .debug_abbrev  0x0000102f       0xc6 ./../../../../svn_pod/sw_stm32/trunk/lib/libusartstm32/libusartstm32.a(usartx_txdma_init.o)
 .debug_abbrev  0x000010f5       0xa6 ./../../../../svn_pod/sw_stm32/trunk/lib/libusartstm32/libusartstm32.a(usartx_tx_advlnptr.o)
 .debug_abbrev  0x0000119b       0xc4 ./../../../../svn_pod/sw_stm32/trunk/lib/libusartstm32/libusartstm32.a(USART1_rxdma.o)
 .debug_abbrev  0x0000125f      0x11c ./../../../../svn_pod/sw_stm32/trunk/lib/libusartstm32/libusartstm32.a(usartx_rxint_init.o)
 .debug_abbrev  0x0000137b       0xa2 ./../../../../svn_pod/sw_stm32/trunk/lib/libusartstm32/libusartstm32.a(usartx_txint_send.o)
 .debug_abbrev  0x0000141d       0xc6 ./../../../../svn_pod/sw_stm32/trunk/lib/libusartstm32/libusartstm32.a(usartx_txint_init.o)
 .debug_abbrev  0x000014e3       0xbf ./../../../../svn_pod/sw_stm32/trunk/lib/libusartstm32/libusartstm32.a(mymalloc.o)
 .debug_abbrev  0x000015a2       0x99 ./../../../../svn_pod/sw_stm32/trunk/lib/libusartstm32/libusartstm32.a(usartx_setbaud.o)
 .debug_abbrev  0x0000163b       0x68 ./../../../../svn_pod/sw_stm32/trunk/lib/libusartstm32/libusartstm32.a(usartx_txmin_init.o)
 .debug_abbrev  0x000016a3       0xc6 ./../../../../svn_pod/sw_stm32/trunk/lib/libusartstm32/libusartstm32.a(usartx_rxdma_init.o)
 .debug_abbrev  0x00001769       0xdd ./../../../sw_f103/trunk/lib/libsensormisc/libsensormisc.a(crc-32.o)
 .debug_abbrev  0x00001846       0x77 ./../../../sw_f103/trunk/lib/libsensormisc/libsensormisc.a(can_nxp_setRS.o)
 .debug_abbrev  0x000018bd      0x213 ./../../../sw_f103/trunk/lib/libsensormisc/libsensormisc.a(canwinch_setup_F103_pod.o)
 .debug_abbrev  0x00001ad0       0xf1 ./../../../sw_f103/trunk/lib/libsensormisc/libsensormisc.a(panic_leds_pod.o)
 .debug_abbrev  0x00001bc1       0xbd ./../../../sw_f103/trunk/lib/libdevicestm32/libdevicestm32.a(flash_write.o)
 .debug_abbrev  0x00001c7e      0x145 ./../../../sw_f103/trunk/lib/libdevicestm32/libdevicestm32.a(SENSORpinconfig.o)
 .debug_abbrev  0x00001dc3       0xdf ./../../../../svn_pod/sw_stm32/trunk/devices/libdevicesstm32.a(pinconfig_all.o)
 .debug_abbrev  0x00001ea2       0xc8 ./../../../../svn_pod/sw_stm32/trunk/devices/libdevicesstm32.a(PODpinconfig.o)
 .debug_abbrev  0x00001f6a      0x38f ./../../../../svn_common/trunk/f103/libcommon_allf103.a(can_driver.o)
 .debug_abbrev  0x000022f9      0x129 ./../../../../svn_common/trunk/f103/libcommon_allf103.a(can_driver_port.o)
 .debug_abbrev  0x00002422      0x1af ./../../../../svn_common/trunk/f103/libcommon_allf103.a(can_driver_filter.o)
 .debug_abbrev  0x000025d1      0x18d ./../../../../svn_common/trunk/f103/libcommon_allf103.a(can_msg_reset.o)

.debug_info     0x00000000     0x71ed
 .debug_info    0x00000000      0x150 vector.o
 .debug_info    0x00000150      0x764 ldr.o
 .debug_info    0x000008b4      0x6a6 newlib_support.o
 .debug_info    0x00000f5a      0xdcc canwinch_ldrproto.o
 .debug_info    0x00001d26       0x69 ./../../../../svn_pod/sw_stm32/trunk/lib/libmiscstm32/libmiscstm32.a(busfreq.o)
 .debug_info    0x00001d8f      0x33f ./../../../../svn_pod/sw_stm32/trunk/lib/libmiscstm32/libmiscstm32.a(clockspecifysetup.o)
 .debug_info    0x000020ce       0x7d ./../../../../svn_pod/sw_stm32/trunk/lib/libmiscstm32/libmiscstm32.a(DTW_counter.o)
 .debug_info    0x0000214b      0x66d ./../../../../svn_pod/sw_stm32/trunk/lib/libmiscstm32/libmiscstm32.a(printf.o)
 .debug_info    0x000027b8       0xc0 ./../../../../svn_pod/sw_stm32/trunk/lib/libmiscstm32/libmiscstm32.a(startup_deh.o)
 .debug_info    0x00002878      0x2b7 ./../../../../svn_pod/sw_stm32/trunk/lib/libusartstm32/libusartstm32.a(USART1_rxinttxint.o)
 .debug_info    0x00002b2f      0x187 ./../../../../svn_pod/sw_stm32/trunk/lib/libusartstm32/libusartstm32.a(USART1_txint_putc.o)
 .debug_info    0x00002cb6      0x183 ./../../../../svn_pod/sw_stm32/trunk/lib/libusartstm32/libusartstm32.a(USART1_txint_puts.o)
 .debug_info    0x00002e39      0x171 ./../../../../svn_pod/sw_stm32/trunk/lib/libusartstm32/libusartstm32.a(USART1_txint_send.o)
 .debug_info    0x00002faa      0x174 ./../../../../svn_pod/sw_stm32/trunk/lib/libusartstm32/libusartstm32.a(USART1_txint_busy.o)
 .debug_info    0x0000311e      0x192 ./../../../../svn_pod/sw_stm32/trunk/lib/libusartstm32/libusartstm32.a(USART1_txmin.o)
 .debug_info    0x000032b0      0x20e ./../../../../svn_pod/sw_stm32/trunk/lib/libusartstm32/libusartstm32.a(usartx_txdma_init.o)
 .debug_info    0x000034be      0x18a ./../../../../svn_pod/sw_stm32/trunk/lib/libusartstm32/libusartstm32.a(usartx_tx_advlnptr.o)
 .debug_info    0x00003648      0x1c3 ./../../../../svn_pod/sw_stm32/trunk/lib/libusartstm32/libusartstm32.a(USART1_rxdma.o)
 .debug_info    0x0000380b      0x27b ./../../../../svn_pod/sw_stm32/trunk/lib/libusartstm32/libusartstm32.a(usartx_rxint_init.o)
 .debug_info    0x00003a86      0x17e ./../../../../svn_pod/sw_stm32/trunk/lib/libusartstm32/libusartstm32.a(usartx_txint_send.o)
 .debug_info    0x00003c04      0x201 ./../../../../svn_pod/sw_stm32/trunk/lib/libusartstm32/libusartstm32.a(usartx_txint_init.o)
 .debug_info    0x00003e05      0x12c ./../../../../svn_pod/sw_stm32/trunk/lib/libusartstm32/libusartstm32.a(mymalloc.o)
 .debug_info    0x00003f31      0x15a ./../../../../svn_pod/sw_stm32/trunk/lib/libusartstm32/libusartstm32.a(usartx_setbaud.o)
 .debug_info    0x0000408b       0xd3 ./../../../../svn_pod/sw_stm32/trunk/lib/libusartstm32/libusartstm32.a(usartx_txmin_init.o)
 .debug_info    0x0000415e      0x1f3 ./../../../../svn_pod/sw_stm32/trunk/lib/libusartstm32/libusartstm32.a(usartx_rxdma_init.o)
 .debug_info    0x00004351      0x14f ./../../../sw_f103/trunk/lib/libsensormisc/libsensormisc.a(crc-32.o)
 .debug_info    0x000044a0       0xcb ./../../../sw_f103/trunk/lib/libsensormisc/libsensormisc.a(can_nxp_setRS.o)
 .debug_info    0x0000456b      0x8ef ./../../../sw_f103/trunk/lib/libsensormisc/libsensormisc.a(canwinch_setup_F103_pod.o)
 .debug_info    0x00004e5a      0x16f ./../../../sw_f103/trunk/lib/libsensormisc/libsensormisc.a(panic_leds_pod.o)
 .debug_info    0x00004fc9      0x1d7 ./../../../sw_f103/trunk/lib/libdevicestm32/libdevicestm32.a(flash_write.o)
 .debug_info    0x000051a0      0x235 ./../../../sw_f103/trunk/lib/libdevicestm32/libdevicestm32.a(SENSORpinconfig.o)
 .debug_info    0x000053d5      0x1a4 ./../../../../svn_pod/sw_stm32/trunk/devices/libdevicesstm32.a(pinconfig_all.o)
 .debug_info    0x00005579      0x168 ./../../../../svn_pod/sw_stm32/trunk/devices/libdevicesstm32.a(PODpinconfig.o)
 .debug_info    0x000056e1      0xf63 ./../../../../svn_common/trunk/f103/libcommon_allf103.a(can_driver.o)
 .debug_info    0x00006644      0x28e ./../../../../svn_common/trunk/f103/libcommon_allf103.a(can_driver_port.o)
 .debug_info    0x000068d2      0x3fc ./../../../../svn_common/trunk/f103/libcommon_allf103.a(can_driver_filter.o)
 .debug_info    0x00006cce      0x51f ./../../../../svn_common/trunk/f103/libcommon_allf103.a(can_msg_reset.o)

.debug_line     0x00000000     0x4123
 .debug_line    0x00000000      0x13d vector.o
 .debug_line    0x0000013d      0x28f ldr.o
 .debug_line    0x000003cc      0x154 newlib_support.o
 .debug_line    0x00000520      0x40c canwinch_ldrproto.o
 .debug_line    0x0000092c       0x2a ./../../../../svn_pod/sw_stm32/trunk/lib/libmiscstm32/libmiscstm32.a(busfreq.o)
 .debug_line    0x00000956      0x208 ./../../../../svn_pod/sw_stm32/trunk/lib/libmiscstm32/libmiscstm32.a(clockspecifysetup.o)
 .debug_line    0x00000b5e       0x3f ./../../../../svn_pod/sw_stm32/trunk/lib/libmiscstm32/libmiscstm32.a(DTW_counter.o)
 .debug_line    0x00000b9d      0x19b ./../../../../svn_pod/sw_stm32/trunk/lib/libmiscstm32/libmiscstm32.a(printf.o)
 .debug_line    0x00000d38       0x5b ./../../../../svn_pod/sw_stm32/trunk/lib/libmiscstm32/libmiscstm32.a(startup_deh.o)
 .debug_line    0x00000d93      0x1f7 ./../../../../svn_pod/sw_stm32/trunk/lib/libusartstm32/libusartstm32.a(USART1_rxinttxint.o)
 .debug_line    0x00000f8a      0x1de ./../../../../svn_pod/sw_stm32/trunk/lib/libusartstm32/libusartstm32.a(USART1_txint_putc.o)
 .debug_line    0x00001168      0x1e0 ./../../../../svn_pod/sw_stm32/trunk/lib/libusartstm32/libusartstm32.a(USART1_txint_puts.o)
 .debug_line    0x00001348      0x1d5 ./../../../../svn_pod/sw_stm32/trunk/lib/libusartstm32/libusartstm32.a(USART1_txint_send.o)
 .debug_line    0x0000151d      0x1d6 ./../../../../svn_pod/sw_stm32/trunk/lib/libusartstm32/libusartstm32.a(USART1_txint_busy.o)
 .debug_line    0x000016f3      0x1b1 ./../../../../svn_pod/sw_stm32/trunk/lib/libusartstm32/libusartstm32.a(USART1_txmin.o)
 .debug_line    0x000018a4      0x1f3 ./../../../../svn_pod/sw_stm32/trunk/lib/libusartstm32/libusartstm32.a(usartx_txdma_init.o)
 .debug_line    0x00001a97      0x1bf ./../../../../svn_pod/sw_stm32/trunk/lib/libusartstm32/libusartstm32.a(usartx_tx_advlnptr.o)
 .debug_line    0x00001c56      0x1e2 ./../../../../svn_pod/sw_stm32/trunk/lib/libusartstm32/libusartstm32.a(USART1_rxdma.o)
 .debug_line    0x00001e38      0x1fc ./../../../../svn_pod/sw_stm32/trunk/lib/libusartstm32/libusartstm32.a(usartx_rxint_init.o)
 .debug_line    0x00002034      0x1b8 ./../../../../svn_pod/sw_stm32/trunk/lib/libusartstm32/libusartstm32.a(usartx_txint_send.o)
 .debug_line    0x000021ec      0x1d1 ./../../../../svn_pod/sw_stm32/trunk/lib/libusartstm32/libusartstm32.a(usartx_txint_init.o)
 .debug_line    0x000023bd      0x17a ./../../../../svn_pod/sw_stm32/trunk/lib/libusartstm32/libusartstm32.a(mymalloc.o)
 .debug_line    0x00002537      0x187 ./../../../../svn_pod/sw_stm32/trunk/lib/libusartstm32/libusartstm32.a(usartx_setbaud.o)
 .debug_line    0x000026be      0x17f ./../../../../svn_pod/sw_stm32/trunk/lib/libusartstm32/libusartstm32.a(usartx_txmin_init.o)
 .debug_line    0x0000283d      0x1ce ./../../../../svn_pod/sw_stm32/trunk/lib/libusartstm32/libusartstm32.a(usartx_rxdma_init.o)
 .debug_line    0x00002a0b      0x13d ./../../../sw_f103/trunk/lib/libsensormisc/libsensormisc.a(crc-32.o)
 .debug_line    0x00002b48      0x13e ./../../../sw_f103/trunk/lib/libsensormisc/libsensormisc.a(can_nxp_setRS.o)
 .debug_line    0x00002c86      0x1f6 ./../../../sw_f103/trunk/lib/libsensormisc/libsensormisc.a(canwinch_setup_F103_pod.o)
 .debug_line    0x00002e7c      0x16d ./../../../sw_f103/trunk/lib/libsensormisc/libsensormisc.a(panic_leds_pod.o)
 .debug_line    0x00002fe9      0x1fc ./../../../sw_f103/trunk/lib/libdevicestm32/libdevicestm32.a(flash_write.o)
 .debug_line    0x000031e5      0x1bd ./../../../sw_f103/trunk/lib/libdevicestm32/libdevicestm32.a(SENSORpinconfig.o)
 .debug_line    0x000033a2      0x14a ./../../../../svn_pod/sw_stm32/trunk/devices/libdevicesstm32.a(pinconfig_all.o)
 .debug_line    0x000034ec      0x175 ./../../../../svn_pod/sw_stm32/trunk/devices/libdevicesstm32.a(PODpinconfig.o)
 .debug_line    0x00003661      0x4fe ./../../../../svn_common/trunk/f103/libcommon_allf103.a(can_driver.o)
 .debug_line    0x00003b5f      0x1c4 ./../../../../svn_common/trunk/f103/libcommon_allf103.a(can_driver_port.o)
 .debug_line    0x00003d23      0x287 ./../../../../svn_common/trunk/f103/libcommon_allf103.a(can_driver_filter.o)
 .debug_line    0x00003faa      0x179 ./../../../../svn_common/trunk/f103/libcommon_allf103.a(can_msg_reset.o)

.debug_pubnames
                0x00000000      0x928
 .debug_pubnames
                0x00000000       0xa4 vector.o
 .debug_pubnames
                0x000000a4       0x93 ldr.o
 .debug_pubnames
                0x00000137       0xdf newlib_support.o
 .debug_pubnames
                0x00000216      0x1c1 canwinch_ldrproto.o
 .debug_pubnames
                0x000003d7       0x43 ./../../../../svn_pod/sw_stm32/trunk/lib/libusartstm32/libusartstm32.a(USART1_rxinttxint.o)
 .debug_pubnames
                0x0000041a       0x28 ./../../../../svn_pod/sw_stm32/trunk/lib/libusartstm32/libusartstm32.a(USART1_txint_putc.o)
 .debug_pubnames
                0x00000442       0x28 ./../../../../svn_pod/sw_stm32/trunk/lib/libusartstm32/libusartstm32.a(USART1_txint_puts.o)
 .debug_pubnames
                0x0000046a       0x28 ./../../../../svn_pod/sw_stm32/trunk/lib/libusartstm32/libusartstm32.a(USART1_txint_send.o)
 .debug_pubnames
                0x00000492       0x28 ./../../../../svn_pod/sw_stm32/trunk/lib/libusartstm32/libusartstm32.a(USART1_txint_busy.o)
 .debug_pubnames
                0x000004ba       0x37 ./../../../../svn_pod/sw_stm32/trunk/lib/libusartstm32/libusartstm32.a(USART1_txmin.o)
 .debug_pubnames
                0x000004f1       0x4f ./../../../../svn_pod/sw_stm32/trunk/lib/libusartstm32/libusartstm32.a(usartx_txdma_init.o)
 .debug_pubnames
                0x00000540       0x47 ./../../../../svn_pod/sw_stm32/trunk/lib/libusartstm32/libusartstm32.a(usartx_tx_advlnptr.o)
 .debug_pubnames
                0x00000587       0x37 ./../../../../svn_pod/sw_stm32/trunk/lib/libusartstm32/libusartstm32.a(USART1_rxdma.o)
 .debug_pubnames
                0x000005be       0xa8 ./../../../../svn_pod/sw_stm32/trunk/lib/libusartstm32/libusartstm32.a(usartx_rxint_init.o)
 .debug_pubnames
                0x00000666       0x28 ./../../../../svn_pod/sw_stm32/trunk/lib/libusartstm32/libusartstm32.a(usartx_txint_send.o)
 .debug_pubnames
                0x0000068e       0x4f ./../../../../svn_pod/sw_stm32/trunk/lib/libusartstm32/libusartstm32.a(usartx_txint_init.o)
 .debug_pubnames
                0x000006dd       0x3a ./../../../../svn_pod/sw_stm32/trunk/lib/libusartstm32/libusartstm32.a(mymalloc.o)
 .debug_pubnames
                0x00000717       0x25 ./../../../../svn_pod/sw_stm32/trunk/lib/libusartstm32/libusartstm32.a(usartx_setbaud.o)
 .debug_pubnames
                0x0000073c       0x28 ./../../../../svn_pod/sw_stm32/trunk/lib/libusartstm32/libusartstm32.a(usartx_txmin_init.o)
 .debug_pubnames
                0x00000764       0x4f ./../../../../svn_pod/sw_stm32/trunk/lib/libusartstm32/libusartstm32.a(usartx_rxdma_init.o)
 .debug_pubnames
                0x000007b3       0x2c ./../../../sw_f103/trunk/lib/libsensormisc/libsensormisc.a(crc-32.o)
 .debug_pubnames
                0x000007df       0x24 ./../../../sw_f103/trunk/lib/libsensormisc/libsensormisc.a(can_nxp_setRS.o)
 .debug_pubnames
                0x00000803       0x5c ./../../../sw_f103/trunk/lib/libsensormisc/libsensormisc.a(canwinch_setup_F103_pod.o)
 .debug_pubnames
                0x0000085f       0x25 ./../../../sw_f103/trunk/lib/libsensormisc/libsensormisc.a(panic_leds_pod.o)
 .debug_pubnames
                0x00000884       0x24 ./../../../../svn_pod/sw_stm32/trunk/devices/libdevicesstm32.a(pinconfig_all.o)
 .debug_pubnames
                0x000008a8       0x80 ./../../../../svn_pod/sw_stm32/trunk/devices/libdevicesstm32.a(PODpinconfig.o)

.debug_pubtypes
                0x00000000      0xa16
 .debug_pubtypes
                0x00000000       0x27 vector.o
 .debug_pubtypes
                0x00000027      0x11b ldr.o
 .debug_pubtypes
                0x00000142       0xbe newlib_support.o
 .debug_pubtypes
                0x00000200      0x139 canwinch_ldrproto.o
 .debug_pubtypes
                0x00000339       0x56 ./../../../../svn_pod/sw_stm32/trunk/lib/libusartstm32/libusartstm32.a(USART1_rxinttxint.o)
 .debug_pubtypes
                0x0000038f       0x34 ./../../../../svn_pod/sw_stm32/trunk/lib/libusartstm32/libusartstm32.a(USART1_txint_putc.o)
 .debug_pubtypes
                0x000003c3       0x34 ./../../../../svn_pod/sw_stm32/trunk/lib/libusartstm32/libusartstm32.a(USART1_txint_puts.o)
 .debug_pubtypes
                0x000003f7       0x34 ./../../../../svn_pod/sw_stm32/trunk/lib/libusartstm32/libusartstm32.a(USART1_txint_send.o)
 .debug_pubtypes
                0x0000042b       0x34 ./../../../../svn_pod/sw_stm32/trunk/lib/libusartstm32/libusartstm32.a(USART1_txint_busy.o)
 .debug_pubtypes
                0x0000045f       0x49 ./../../../../svn_pod/sw_stm32/trunk/lib/libusartstm32/libusartstm32.a(USART1_txmin.o)
 .debug_pubtypes
                0x000004a8       0x49 ./../../../../svn_pod/sw_stm32/trunk/lib/libusartstm32/libusartstm32.a(usartx_txdma_init.o)
 .debug_pubtypes
                0x000004f1       0x34 ./../../../../svn_pod/sw_stm32/trunk/lib/libusartstm32/libusartstm32.a(usartx_tx_advlnptr.o)
 .debug_pubtypes
                0x00000525       0x49 ./../../../../svn_pod/sw_stm32/trunk/lib/libusartstm32/libusartstm32.a(USART1_rxdma.o)
 .debug_pubtypes
                0x0000056e       0x49 ./../../../../svn_pod/sw_stm32/trunk/lib/libusartstm32/libusartstm32.a(usartx_rxint_init.o)
 .debug_pubtypes
                0x000005b7       0x34 ./../../../../svn_pod/sw_stm32/trunk/lib/libusartstm32/libusartstm32.a(usartx_txint_send.o)
 .debug_pubtypes
                0x000005eb       0x49 ./../../../../svn_pod/sw_stm32/trunk/lib/libusartstm32/libusartstm32.a(usartx_txint_init.o)
 .debug_pubtypes
                0x00000634       0x3c ./../../../../svn_pod/sw_stm32/trunk/lib/libusartstm32/libusartstm32.a(mymalloc.o)
 .debug_pubtypes
                0x00000670       0x4f ./../../../../svn_pod/sw_stm32/trunk/lib/libusartstm32/libusartstm32.a(usartx_setbaud.o)
 .debug_pubtypes
                0x000006bf       0x3c ./../../../../svn_pod/sw_stm32/trunk/lib/libusartstm32/libusartstm32.a(usartx_txmin_init.o)
 .debug_pubtypes
                0x000006fb       0x49 ./../../../../svn_pod/sw_stm32/trunk/lib/libusartstm32/libusartstm32.a(usartx_rxdma_init.o)
 .debug_pubtypes
                0x00000744       0x3a ./../../../sw_f103/trunk/lib/libsensormisc/libsensormisc.a(crc-32.o)
 .debug_pubtypes
                0x0000077e       0x3c ./../../../sw_f103/trunk/lib/libsensormisc/libsensormisc.a(can_nxp_setRS.o)
 .debug_pubtypes
                0x000007ba      0x173 ./../../../sw_f103/trunk/lib/libsensormisc/libsensormisc.a(canwinch_setup_F103_pod.o)
 .debug_pubtypes
                0x0000092d       0x3c ./../../../sw_f103/trunk/lib/libsensormisc/libsensormisc.a(panic_leds_pod.o)
 .debug_pubtypes
                0x00000969       0x71 ./../../../../svn_pod/sw_stm32/trunk/devices/libdevicesstm32.a(pinconfig_all.o)
 .debug_pubtypes
                0x000009da       0x3c ./../../../../svn_pod/sw_stm32/trunk/devices/libdevicesstm32.a(PODpinconfig.o)

.debug_aranges  0x00000000      0x4a0
 .debug_aranges
                0x00000000       0x20 vector.o
 .debug_aranges
                0x00000020       0x28 ldr.o
 .debug_aranges
                0x00000048       0x20 newlib_support.o
 .debug_aranges
                0x00000068       0x20 canwinch_ldrproto.o
 .debug_aranges
                0x00000088       0x18 ./../../../../svn_pod/sw_stm32/trunk/lib/libmiscstm32/libmiscstm32.a(busfreq.o)
 .debug_aranges
                0x000000a0       0x20 ./../../../../svn_pod/sw_stm32/trunk/lib/libmiscstm32/libmiscstm32.a(clockspecifysetup.o)
 .debug_aranges
                0x000000c0       0x20 ./../../../../svn_pod/sw_stm32/trunk/lib/libmiscstm32/libmiscstm32.a(DTW_counter.o)
 .debug_aranges
                0x000000e0       0x20 ./../../../../svn_pod/sw_stm32/trunk/lib/libmiscstm32/libmiscstm32.a(printf.o)
 .debug_aranges
                0x00000100       0x20 ./../../../../svn_pod/sw_stm32/trunk/lib/libmiscstm32/libmiscstm32.a(startup_deh.o)
 .debug_aranges
                0x00000120       0x20 ./../../../../svn_pod/sw_stm32/trunk/lib/libusartstm32/libusartstm32.a(USART1_rxinttxint.o)
 .debug_aranges
                0x00000140       0x20 ./../../../../svn_pod/sw_stm32/trunk/lib/libusartstm32/libusartstm32.a(USART1_txint_putc.o)
 .debug_aranges
                0x00000160       0x20 ./../../../../svn_pod/sw_stm32/trunk/lib/libusartstm32/libusartstm32.a(USART1_txint_puts.o)
 .debug_aranges
                0x00000180       0x20 ./../../../../svn_pod/sw_stm32/trunk/lib/libusartstm32/libusartstm32.a(USART1_txint_send.o)
 .debug_aranges
                0x000001a0       0x20 ./../../../../svn_pod/sw_stm32/trunk/lib/libusartstm32/libusartstm32.a(USART1_txint_busy.o)
 .debug_aranges
                0x000001c0       0x20 ./../../../../svn_pod/sw_stm32/trunk/lib/libusartstm32/libusartstm32.a(USART1_txmin.o)
 .debug_aranges
                0x000001e0       0x20 ./../../../../svn_pod/sw_stm32/trunk/lib/libusartstm32/libusartstm32.a(usartx_txdma_init.o)
 .debug_aranges
                0x00000200       0x20 ./../../../../svn_pod/sw_stm32/trunk/lib/libusartstm32/libusartstm32.a(usartx_tx_advlnptr.o)
 .debug_aranges
                0x00000220       0x20 ./../../../../svn_pod/sw_stm32/trunk/lib/libusartstm32/libusartstm32.a(USART1_rxdma.o)
 .debug_aranges
                0x00000240       0x20 ./../../../../svn_pod/sw_stm32/trunk/lib/libusartstm32/libusartstm32.a(usartx_rxint_init.o)
 .debug_aranges
                0x00000260       0x20 ./../../../../svn_pod/sw_stm32/trunk/lib/libusartstm32/libusartstm32.a(usartx_txint_send.o)
 .debug_aranges
                0x00000280       0x20 ./../../../../svn_pod/sw_stm32/trunk/lib/libusartstm32/libusartstm32.a(usartx_txint_init.o)
 .debug_aranges
                0x000002a0       0x20 ./../../../../svn_pod/sw_stm32/trunk/lib/libusartstm32/libusartstm32.a(mymalloc.o)
 .debug_aranges
                0x000002c0       0x20 ./../../../../svn_pod/sw_stm32/trunk/lib/libusartstm32/libusartstm32.a(usartx_setbaud.o)
 .debug_aranges
                0x000002e0       0x20 ./../../../../svn_pod/sw_stm32/trunk/lib/libusartstm32/libusartstm32.a(usartx_txmin_init.o)
 .debug_aranges
                0x00000300       0x20 ./../../../../svn_pod/sw_stm32/trunk/lib/libusartstm32/libusartstm32.a(usartx_rxdma_init.o)
 .debug_aranges
                0x00000320       0x20 ./../../../sw_f103/trunk/lib/libsensormisc/libsensormisc.a(crc-32.o)
 .debug_aranges
                0x00000340       0x20 ./../../../sw_f103/trunk/lib/libsensormisc/libsensormisc.a(can_nxp_setRS.o)
 .debug_aranges
                0x00000360       0x20 ./../../../sw_f103/trunk/lib/libsensormisc/libsensormisc.a(canwinch_setup_F103_pod.o)
 .debug_aranges
                0x00000380       0x20 ./../../../sw_f103/trunk/lib/libsensormisc/libsensormisc.a(panic_leds_pod.o)
 .debug_aranges
                0x000003a0       0x20 ./../../../sw_f103/trunk/lib/libdevicestm32/libdevicestm32.a(flash_write.o)
 .debug_aranges
                0x000003c0       0x20 ./../../../sw_f103/trunk/lib/libdevicestm32/libdevicestm32.a(SENSORpinconfig.o)
 .debug_aranges
                0x000003e0       0x20 ./../../../../svn_pod/sw_stm32/trunk/devices/libdevicesstm32.a(pinconfig_all.o)
 .debug_aranges
                0x00000400       0x20 ./../../../../svn_pod/sw_stm32/trunk/devices/libdevicesstm32.a(PODpinconfig.o)
 .debug_aranges
                0x00000420       0x20 ./../../../../svn_common/trunk/f103/libcommon_allf103.a(can_driver.o)
 .debug_aranges
                0x00000440       0x20 ./../../../../svn_common/trunk/f103/libcommon_allf103.a(can_driver_port.o)
 .debug_aranges
                0x00000460       0x20 ./../../../../svn_common/trunk/f103/libcommon_allf103.a(can_driver_filter.o)
 .debug_aranges
                0x00000480       0x20 ./../../../../svn_common/trunk/f103/libcommon_allf103.a(can_msg_reset.o)

.debug_str      0x00000000     0x1c62
 .debug_str     0x00000000      0x117 vector.o
                                0x160 (size before relaxing)
 .debug_str     0x00000117      0x2d5 ldr.o
                                0x3ee (size before relaxing)
 .debug_str     0x000003ec      0x1d3 newlib_support.o
                                0x2cb (size before relaxing)
 .debug_str     0x000005bf      0x238 canwinch_ldrproto.o
                                0x56b (size before relaxing)
 .debug_str     0x000007f7       0xb8 ./../../../../svn_pod/sw_stm32/trunk/lib/libmiscstm32/libmiscstm32.a(busfreq.o)
                                 0xf1 (size before relaxing)
 .debug_str     0x000008af      0x22a ./../../../../svn_pod/sw_stm32/trunk/lib/libmiscstm32/libmiscstm32.a(clockspecifysetup.o)
                                0x39d (size before relaxing)
 .debug_str     0x00000ad9       0x1f ./../../../../svn_pod/sw_stm32/trunk/lib/libmiscstm32/libmiscstm32.a(DTW_counter.o)
                                0x151 (size before relaxing)
 .debug_str     0x00000af8       0x9c ./../../../../svn_pod/sw_stm32/trunk/lib/libmiscstm32/libmiscstm32.a(printf.o)
                                0x19c (size before relaxing)
 .debug_str     0x00000b94       0x69 ./../../../../svn_pod/sw_stm32/trunk/lib/libmiscstm32/libmiscstm32.a(startup_deh.o)
                                0x12a (size before relaxing)
 .debug_str     0x00000bfd      0x1d1 ./../../../../svn_pod/sw_stm32/trunk/lib/libusartstm32/libusartstm32.a(USART1_rxinttxint.o)
                                0x281 (size before relaxing)
 .debug_str     0x00000dce       0x26 ./../../../../svn_pod/sw_stm32/trunk/lib/libusartstm32/libusartstm32.a(USART1_txint_putc.o)
                                0x193 (size before relaxing)
 .debug_str     0x00000df4       0x26 ./../../../../svn_pod/sw_stm32/trunk/lib/libusartstm32/libusartstm32.a(USART1_txint_puts.o)
                                0x193 (size before relaxing)
 .debug_str     0x00000e1a       0x26 ./../../../../svn_pod/sw_stm32/trunk/lib/libusartstm32/libusartstm32.a(USART1_txint_send.o)
                                0x193 (size before relaxing)
 .debug_str     0x00000e40       0x26 ./../../../../svn_pod/sw_stm32/trunk/lib/libusartstm32/libusartstm32.a(USART1_txint_busy.o)
                                0x193 (size before relaxing)
 .debug_str     0x00000e66       0x21 ./../../../../svn_pod/sw_stm32/trunk/lib/libusartstm32/libusartstm32.a(USART1_txmin.o)
                                0x1a0 (size before relaxing)
 .debug_str     0x00000e87       0x81 ./../../../../svn_pod/sw_stm32/trunk/lib/libusartstm32/libusartstm32.a(usartx_txdma_init.o)
                                0x1f5 (size before relaxing)
 .debug_str     0x00000f08       0x42 ./../../../../svn_pod/sw_stm32/trunk/lib/libusartstm32/libusartstm32.a(usartx_tx_advlnptr.o)
                                0x1af (size before relaxing)
 .debug_str     0x00000f4a       0x3d ./../../../../svn_pod/sw_stm32/trunk/lib/libusartstm32/libusartstm32.a(USART1_rxdma.o)
                                0x1b7 (size before relaxing)
 .debug_str     0x00000f87       0xc7 ./../../../../svn_pod/sw_stm32/trunk/lib/libusartstm32/libusartstm32.a(usartx_rxint_init.o)
                                0x238 (size before relaxing)
 .debug_str     0x0000104e       0x26 ./../../../../svn_pod/sw_stm32/trunk/lib/libusartstm32/libusartstm32.a(usartx_txint_send.o)
                                0x198 (size before relaxing)
 .debug_str     0x00001074       0x49 ./../../../../svn_pod/sw_stm32/trunk/lib/libusartstm32/libusartstm32.a(usartx_txint_init.o)
                                0x1f5 (size before relaxing)
 .debug_str     0x000010bd       0x31 ./../../../../svn_pod/sw_stm32/trunk/lib/libusartstm32/libusartstm32.a(mymalloc.o)
                                0x113 (size before relaxing)
 .debug_str     0x000010ee       0x64 ./../../../../svn_pod/sw_stm32/trunk/lib/libusartstm32/libusartstm32.a(usartx_setbaud.o)
                                0x164 (size before relaxing)
 .debug_str     0x00001152       0x26 ./../../../../svn_pod/sw_stm32/trunk/lib/libusartstm32/libusartstm32.a(usartx_txmin_init.o)
                                0x118 (size before relaxing)
 .debug_str     0x00001178       0x65 ./../../../../svn_pod/sw_stm32/trunk/lib/libusartstm32/libusartstm32.a(usartx_rxdma_init.o)
                                0x1ec (size before relaxing)
 .debug_str     0x000011dd       0x5e ./../../../sw_f103/trunk/lib/libsensormisc/libsensormisc.a(crc-32.o)
                                 0xff (size before relaxing)
 .debug_str     0x0000123b       0x24 ./../../../sw_f103/trunk/lib/libsensormisc/libsensormisc.a(can_nxp_setRS.o)
                                0x103 (size before relaxing)
 .debug_str     0x0000125f      0x10d ./../../../sw_f103/trunk/lib/libsensormisc/libsensormisc.a(canwinch_setup_F103_pod.o)
                                0x5a4 (size before relaxing)
 .debug_str     0x0000136c       0x37 ./../../../sw_f103/trunk/lib/libsensormisc/libsensormisc.a(panic_leds_pod.o)
                                0x128 (size before relaxing)
 .debug_str     0x000013a3      0x18f ./../../../sw_f103/trunk/lib/libdevicestm32/libdevicestm32.a(flash_write.o)
                                0x236 (size before relaxing)
 .debug_str     0x00001532       0xee ./../../../sw_f103/trunk/lib/libdevicestm32/libdevicestm32.a(SENSORpinconfig.o)
                                0x2b5 (size before relaxing)
 .debug_str     0x00001620       0x41 ./../../../../svn_pod/sw_stm32/trunk/devices/libdevicesstm32.a(pinconfig_all.o)
                                0x16a (size before relaxing)
 .debug_str     0x00001661       0x69 ./../../../../svn_pod/sw_stm32/trunk/devices/libdevicesstm32.a(PODpinconfig.o)
                                0x141 (size before relaxing)
 .debug_str     0x000016ca      0x3ab ./../../../../svn_common/trunk/f103/libcommon_allf103.a(can_driver.o)
                                0x6ef (size before relaxing)
 .debug_str     0x00001a75       0x1c ./../../../../svn_common/trunk/f103/libcommon_allf103.a(can_driver_port.o)
                                0x25e (size before relaxing)
 .debug_str     0x00001a91      0x173 ./../../../../svn_common/trunk/f103/libcommon_allf103.a(can_driver_filter.o)
                                0x340 (size before relaxing)
 .debug_str     0x00001c04       0x5e ./../../../../svn_common/trunk/f103/libcommon_allf103.a(can_msg_reset.o)
                                0x3d8 (size before relaxing)

.comment        0x00000000       0x9a
 .comment       0x00000000       0x2a vector.o
                                 0x2b (size before relaxing)
 .comment       0x00000000       0x2b ldr.o
 .comment       0x00000000       0x2b newlib_support.o
 .comment       0x00000000       0x2b canwinch_ldrproto.o
 .comment       0x0000002a       0x70 ./../../../../svn_pod/sw_stm32/trunk/lib/libmiscstm32/libmiscstm32.a(busfreq.o)
                                 0x71 (size before relaxing)
 .comment       0x00000000       0x71 ./../../../../svn_pod/sw_stm32/trunk/lib/libmiscstm32/libmiscstm32.a(clockspecifysetup.o)
 .comment       0x00000000       0x71 ./../../../../svn_pod/sw_stm32/trunk/lib/libmiscstm32/libmiscstm32.a(DTW_counter.o)
 .comment       0x00000000       0x71 ./../../../../svn_pod/sw_stm32/trunk/lib/libmiscstm32/libmiscstm32.a(printf.o)
 .comment       0x00000000       0x71 ./../../../../svn_pod/sw_stm32/trunk/lib/libmiscstm32/libmiscstm32.a(startup_deh.o)
 .comment       0x00000000       0x2b ./../../../../svn_pod/sw_stm32/trunk/lib/libusartstm32/libusartstm32.a(USART1_rxinttxint.o)
 .comment       0x00000000       0x2b ./../../../../svn_pod/sw_stm32/trunk/lib/libusartstm32/libusartstm32.a(USART1_txint_putc.o)
 .comment       0x00000000       0x2b ./../../../../svn_pod/sw_stm32/trunk/lib/libusartstm32/libusartstm32.a(USART1_txint_puts.o)
 .comment       0x00000000       0x2b ./../../../../svn_pod/sw_stm32/trunk/lib/libusartstm32/libusartstm32.a(USART1_txint_send.o)
 .comment       0x00000000       0x2b ./../../../../svn_pod/sw_stm32/trunk/lib/libusartstm32/libusartstm32.a(USART1_txint_busy.o)
 .comment       0x00000000       0x2b ./../../../../svn_pod/sw_stm32/trunk/lib/libusartstm32/libusartstm32.a(USART1_txmin.o)
 .comment       0x00000000       0x2b ./../../../../svn_pod/sw_stm32/trunk/lib/libusartstm32/libusartstm32.a(usartx_txdma_init.o)
 .comment       0x00000000       0x2b ./../../../../svn_pod/sw_stm32/trunk/lib/libusartstm32/libusartstm32.a(usartx_tx_advlnptr.o)
 .comment       0x00000000       0x2b ./../../../../svn_pod/sw_stm32/trunk/lib/libusartstm32/libusartstm32.a(USART1_rxdma.o)
 .comment       0x00000000       0x2b ./../../../../svn_pod/sw_stm32/trunk/lib/libusartstm32/libusartstm32.a(usartx_rxint_init.o)
 .comment       0x00000000       0x2b ./../../../../svn_pod/sw_stm32/trunk/lib/libusartstm32/libusartstm32.a(usartx_txint_send.o)
 .comment       0x00000000       0x2b ./../../../../svn_pod/sw_stm32/trunk/lib/libusartstm32/libusartstm32.a(usartx_txint_init.o)
 .comment       0x00000000       0x2b ./../../../../svn_pod/sw_stm32/trunk/lib/libusartstm32/libusartstm32.a(mymalloc.o)
 .comment       0x00000000       0x2b ./../../../../svn_pod/sw_stm32/trunk/lib/libusartstm32/libusartstm32.a(usartx_setbaud.o)
 .comment       0x00000000       0x2b ./../../../../svn_pod/sw_stm32/trunk/lib/libusartstm32/libusartstm32.a(usartx_txmin_init.o)
 .comment       0x00000000       0x2b ./../../../../svn_pod/sw_stm32/trunk/lib/libusartstm32/libusartstm32.a(usartx_rxdma_init.o)
 .comment       0x00000000       0x2b ./../../../sw_f103/trunk/lib/libsensormisc/libsensormisc.a(crc-32.o)
 .comment       0x00000000       0x2b ./../../../sw_f103/trunk/lib/libsensormisc/libsensormisc.a(can_nxp_setRS.o)
 .comment       0x00000000       0x2b ./../../../sw_f103/trunk/lib/libsensormisc/libsensormisc.a(canwinch_setup_F103_pod.o)
 .comment       0x00000000       0x2b ./../../../sw_f103/trunk/lib/libsensormisc/libsensormisc.a(panic_leds_pod.o)
 .comment       0x00000000       0x71 ./../../../sw_f103/trunk/lib/libdevicestm32/libdevicestm32.a(flash_write.o)
 .comment       0x00000000       0x71 ./../../../sw_f103/trunk/lib/libdevicestm32/libdevicestm32.a(SENSORpinconfig.o)
 .comment       0x00000000       0x2b ./../../../../svn_pod/sw_stm32/trunk/devices/libdevicesstm32.a(pinconfig_all.o)
 .comment       0x00000000       0x2b ./../../../../svn_pod/sw_stm32/trunk/devices/libdevicesstm32.a(PODpinconfig.o)
 .comment       0x00000000       0x71 ./../../../../svn_common/trunk/f103/libcommon_allf103.a(can_driver.o)
 .comment       0x00000000       0x71 ./../../../../svn_common/trunk/f103/libcommon_allf103.a(can_driver_port.o)
 .comment       0x00000000       0x71 ./../../../../svn_common/trunk/f103/libcommon_allf103.a(can_driver_filter.o)
 .comment       0x00000000       0x71 ./../../../../svn_common/trunk/f103/libcommon_allf103.a(can_msg_reset.o)

.ARM.attributes
                0x00000000       0x33
 .ARM.attributes
                0x00000000       0x31 vector.o
 .ARM.attributes
                0x00000031       0x31 ldr.o
 .ARM.attributes
                0x00000062       0x31 newlib_support.o
 .ARM.attributes
                0x00000093       0x31 canwinch_ldrproto.o
 .ARM.attributes
                0x000000c4       0x29 /home/deh/CodeSourcery/Sourcery_G++_Lite/arm-none-eabi/lib/thumb2/libc.a(lib_a-reent.o)
 .ARM.attributes
                0x000000ed       0x29 /home/deh/CodeSourcery/Sourcery_G++_Lite/arm-none-eabi/lib/thumb2/libc.a(lib_a-freer.o)
 .ARM.attributes
                0x00000116       0x29 /home/deh/CodeSourcery/Sourcery_G++_Lite/arm-none-eabi/lib/thumb2/libc.a(lib_a-impure.o)
 .ARM.attributes
                0x0000013f       0x29 /home/deh/CodeSourcery/Sourcery_G++_Lite/arm-none-eabi/lib/thumb2/libc.a(lib_a-mallocr.o)
 .ARM.attributes
                0x00000168       0x29 /home/deh/CodeSourcery/Sourcery_G++_Lite/arm-none-eabi/lib/thumb2/libc.a(lib_a-mlock.o)
 .ARM.attributes
                0x00000191       0x29 /home/deh/CodeSourcery/Sourcery_G++_Lite/arm-none-eabi/lib/thumb2/libc.a(lib_a-sbrkr.o)
 .ARM.attributes
                0x000001ba       0x33 ./../../../../svn_pod/sw_stm32/trunk/lib/libmiscstm32/libmiscstm32.a(busfreq.o)
 .ARM.attributes
                0x000001ed       0x33 ./../../../../svn_pod/sw_stm32/trunk/lib/libmiscstm32/libmiscstm32.a(clockspecifysetup.o)
 .ARM.attributes
                0x00000220       0x33 ./../../../../svn_pod/sw_stm32/trunk/lib/libmiscstm32/libmiscstm32.a(DTW_counter.o)
 .ARM.attributes
                0x00000253       0x33 ./../../../../svn_pod/sw_stm32/trunk/lib/libmiscstm32/libmiscstm32.a(printf.o)
 .ARM.attributes
                0x00000286       0x33 ./../../../../svn_pod/sw_stm32/trunk/lib/libmiscstm32/libmiscstm32.a(startup_deh.o)
 .ARM.attributes
                0x000002b9       0x31 ./../../../../svn_pod/sw_stm32/trunk/lib/libusartstm32/libusartstm32.a(USART1_rxinttxint.o)
 .ARM.attributes
                0x000002ea       0x31 ./../../../../svn_pod/sw_stm32/trunk/lib/libusartstm32/libusartstm32.a(USART1_txint_putc.o)
 .ARM.attributes
                0x0000031b       0x31 ./../../../../svn_pod/sw_stm32/trunk/lib/libusartstm32/libusartstm32.a(USART1_txint_puts.o)
 .ARM.attributes
                0x0000034c       0x31 ./../../../../svn_pod/sw_stm32/trunk/lib/libusartstm32/libusartstm32.a(USART1_txint_send.o)
 .ARM.attributes
                0x0000037d       0x31 ./../../../../svn_pod/sw_stm32/trunk/lib/libusartstm32/libusartstm32.a(USART1_txint_busy.o)
 .ARM.attributes
                0x000003ae       0x16 ./../../../../svn_pod/sw_stm32/trunk/lib/libusartstm32/libusartstm32.a(usartx_putsS.o)
 .ARM.attributes
                0x000003c4       0x31 ./../../../../svn_pod/sw_stm32/trunk/lib/libusartstm32/libusartstm32.a(USART1_txmin.o)
 .ARM.attributes
                0x000003f5       0x31 ./../../../../svn_pod/sw_stm32/trunk/lib/libusartstm32/libusartstm32.a(usartx_txdma_init.o)
 .ARM.attributes
                0x00000426       0x31 ./../../../../svn_pod/sw_stm32/trunk/lib/libusartstm32/libusartstm32.a(usartx_tx_advlnptr.o)
 .ARM.attributes
                0x00000457       0x31 ./../../../../svn_pod/sw_stm32/trunk/lib/libusartstm32/libusartstm32.a(USART1_rxdma.o)
 .ARM.attributes
                0x00000488       0x31 ./../../../../svn_pod/sw_stm32/trunk/lib/libusartstm32/libusartstm32.a(usartx_rxint_init.o)
 .ARM.attributes
                0x000004b9       0x31 ./../../../../svn_pod/sw_stm32/trunk/lib/libusartstm32/libusartstm32.a(usartx_txint_send.o)
 .ARM.attributes
                0x000004ea       0x31 ./../../../../svn_pod/sw_stm32/trunk/lib/libusartstm32/libusartstm32.a(usartx_txint_init.o)
 .ARM.attributes
                0x0000051b       0x31 ./../../../../svn_pod/sw_stm32/trunk/lib/libusartstm32/libusartstm32.a(mymalloc.o)
 .ARM.attributes
                0x0000054c       0x31 ./../../../../svn_pod/sw_stm32/trunk/lib/libusartstm32/libusartstm32.a(usartx_setbaud.o)
 .ARM.attributes
                0x0000057d       0x31 ./../../../../svn_pod/sw_stm32/trunk/lib/libusartstm32/libusartstm32.a(usartx_txmin_init.o)
 .ARM.attributes
                0x000005ae       0x31 ./../../../../svn_pod/sw_stm32/trunk/lib/libusartstm32/libusartstm32.a(usartx_rxdma_init.o)
 .ARM.attributes
                0x000005df       0x31 ./../../../sw_f103/trunk/lib/libsensormisc/libsensormisc.a(crc-32.o)
 .ARM.attributes
                0x00000610       0x31 ./../../../sw_f103/trunk/lib/libsensormisc/libsensormisc.a(can_nxp_setRS.o)
 .ARM.attributes
                0x00000641       0x31 ./../../../sw_f103/trunk/lib/libsensormisc/libsensormisc.a(canwinch_setup_F103_pod.o)
 .ARM.attributes
                0x00000672       0x31 ./../../../sw_f103/trunk/lib/libsensormisc/libsensormisc.a(panic_leds_pod.o)
 .ARM.attributes
                0x000006a3       0x35 ./../../../sw_f103/trunk/lib/libdevicestm32/libdevicestm32.a(flash_write.o)
 .ARM.attributes
                0x000006d8       0x35 ./../../../sw_f103/trunk/lib/libdevicestm32/libdevicestm32.a(SENSORpinconfig.o)
 .ARM.attributes
                0x0000070d       0x31 ./../../../../svn_pod/sw_stm32/trunk/devices/libdevicesstm32.a(pinconfig_all.o)
 .ARM.attributes
                0x0000073e       0x31 ./../../../../svn_pod/sw_stm32/trunk/devices/libdevicesstm32.a(PODpinconfig.o)
 .ARM.attributes
                0x0000076f       0x33 ./../../../../svn_common/trunk/f103/libcommon_allf103.a(can_driver.o)
 .ARM.attributes
                0x000007a2       0x33 ./../../../../svn_common/trunk/f103/libcommon_allf103.a(can_driver_port.o)
 .ARM.attributes
                0x000007d5       0x33 ./../../../../svn_common/trunk/f103/libcommon_allf103.a(can_driver_filter.o)
 .ARM.attributes
                0x00000808       0x33 ./../../../../svn_common/trunk/f103/libcommon_allf103.a(can_msg_reset.o)
 .ARM.attributes
                0x0000083b       0x29 /home/deh/CodeSourcery/Sourcery_G++_Lite/arm-none-eabi/lib/thumb2/libc.a(lib_a-calloc.o)
 .ARM.attributes
                0x00000864       0x29 /home/deh/CodeSourcery/Sourcery_G++_Lite/arm-none-eabi/lib/thumb2/libc.a(lib_a-callocr.o)
 .ARM.attributes
                0x0000088d       0x29 /home/deh/CodeSourcery/Sourcery_G++_Lite/arm-none-eabi/lib/thumb2/libc.a(lib_a-memset.o)

.debug_frame    0x00000000     0x1088
 .debug_frame   0x00000000       0x70 vector.o
 .debug_frame   0x00000070       0x80 ldr.o
 .debug_frame   0x000000f0      0x134 newlib_support.o
 .debug_frame   0x00000224      0x230 canwinch_ldrproto.o
 .debug_frame   0x00000454       0x68 /home/deh/CodeSourcery/Sourcery_G++_Lite/arm-none-eabi/lib/thumb2/libc.a(lib_a-reent.o)
 .debug_frame   0x000004bc       0x50 /home/deh/CodeSourcery/Sourcery_G++_Lite/arm-none-eabi/lib/thumb2/libc.a(lib_a-freer.o)
 .debug_frame   0x0000050c       0x3c /home/deh/CodeSourcery/Sourcery_G++_Lite/arm-none-eabi/lib/thumb2/libc.a(lib_a-mallocr.o)
 .debug_frame   0x00000548       0x30 /home/deh/CodeSourcery/Sourcery_G++_Lite/arm-none-eabi/lib/thumb2/libc.a(lib_a-mlock.o)
 .debug_frame   0x00000578       0x2c /home/deh/CodeSourcery/Sourcery_G++_Lite/arm-none-eabi/lib/thumb2/libc.a(lib_a-sbrkr.o)
 .debug_frame   0x000005a4       0x40 ./../../../../svn_pod/sw_stm32/trunk/lib/libmiscstm32/libmiscstm32.a(clockspecifysetup.o)
 .debug_frame   0x000005e4       0x20 ./../../../../svn_pod/sw_stm32/trunk/lib/libmiscstm32/libmiscstm32.a(DTW_counter.o)
 .debug_frame   0x00000604      0x118 ./../../../../svn_pod/sw_stm32/trunk/lib/libmiscstm32/libmiscstm32.a(printf.o)
 .debug_frame   0x0000071c       0x28 ./../../../../svn_pod/sw_stm32/trunk/lib/libmiscstm32/libmiscstm32.a(startup_deh.o)
 .debug_frame   0x00000744       0x4c ./../../../../svn_pod/sw_stm32/trunk/lib/libusartstm32/libusartstm32.a(USART1_rxinttxint.o)
 .debug_frame   0x00000790       0x28 ./../../../../svn_pod/sw_stm32/trunk/lib/libusartstm32/libusartstm32.a(USART1_txint_putc.o)
 .debug_frame   0x000007b8       0x28 ./../../../../svn_pod/sw_stm32/trunk/lib/libusartstm32/libusartstm32.a(USART1_txint_puts.o)
 .debug_frame   0x000007e0       0x28 ./../../../../svn_pod/sw_stm32/trunk/lib/libusartstm32/libusartstm32.a(USART1_txint_send.o)
 .debug_frame   0x00000808       0x20 ./../../../../svn_pod/sw_stm32/trunk/lib/libusartstm32/libusartstm32.a(USART1_txint_busy.o)
 .debug_frame   0x00000828       0x20 ./../../../../svn_pod/sw_stm32/trunk/lib/libusartstm32/libusartstm32.a(USART1_txmin.o)
 .debug_frame   0x00000848       0x48 ./../../../../svn_pod/sw_stm32/trunk/lib/libusartstm32/libusartstm32.a(usartx_txdma_init.o)
 .debug_frame   0x00000890       0x30 ./../../../../svn_pod/sw_stm32/trunk/lib/libusartstm32/libusartstm32.a(usartx_tx_advlnptr.o)
 .debug_frame   0x000008c0       0x30 ./../../../../svn_pod/sw_stm32/trunk/lib/libusartstm32/libusartstm32.a(USART1_rxdma.o)
 .debug_frame   0x000008f0       0x84 ./../../../../svn_pod/sw_stm32/trunk/lib/libusartstm32/libusartstm32.a(usartx_rxint_init.o)
 .debug_frame   0x00000974       0x28 ./../../../../svn_pod/sw_stm32/trunk/lib/libusartstm32/libusartstm32.a(usartx_txint_send.o)
 .debug_frame   0x0000099c       0x48 ./../../../../svn_pod/sw_stm32/trunk/lib/libusartstm32/libusartstm32.a(usartx_txint_init.o)
 .debug_frame   0x000009e4       0x20 ./../../../../svn_pod/sw_stm32/trunk/lib/libusartstm32/libusartstm32.a(mymalloc.o)
 .debug_frame   0x00000a04       0x28 ./../../../../svn_pod/sw_stm32/trunk/lib/libusartstm32/libusartstm32.a(usartx_setbaud.o)
 .debug_frame   0x00000a2c       0x28 ./../../../../svn_pod/sw_stm32/trunk/lib/libusartstm32/libusartstm32.a(usartx_txmin_init.o)
 .debug_frame   0x00000a54       0x48 ./../../../../svn_pod/sw_stm32/trunk/lib/libusartstm32/libusartstm32.a(usartx_rxdma_init.o)
 .debug_frame   0x00000a9c       0x28 ./../../../sw_f103/trunk/lib/libsensormisc/libsensormisc.a(crc-32.o)
 .debug_frame   0x00000ac4       0x28 ./../../../sw_f103/trunk/lib/libsensormisc/libsensormisc.a(can_nxp_setRS.o)
 .debug_frame   0x00000aec       0x3c ./../../../sw_f103/trunk/lib/libsensormisc/libsensormisc.a(canwinch_setup_F103_pod.o)
 .debug_frame   0x00000b28       0x48 ./../../../sw_f103/trunk/lib/libsensormisc/libsensormisc.a(panic_leds_pod.o)
 .debug_frame   0x00000b70       0x8c ./../../../sw_f103/trunk/lib/libdevicestm32/libdevicestm32.a(flash_write.o)
 .debug_frame   0x00000bfc       0x3c ./../../../sw_f103/trunk/lib/libdevicestm32/libdevicestm32.a(SENSORpinconfig.o)
 .debug_frame   0x00000c38       0x28 ./../../../../svn_pod/sw_stm32/trunk/devices/libdevicesstm32.a(pinconfig_all.o)
 .debug_frame   0x00000c60       0x78 ./../../../../svn_pod/sw_stm32/trunk/devices/libdevicesstm32.a(PODpinconfig.o)
 .debug_frame   0x00000cd8      0x1dc ./../../../../svn_common/trunk/f103/libcommon_allf103.a(can_driver.o)
 .debug_frame   0x00000eb4       0x34 ./../../../../svn_common/trunk/f103/libcommon_allf103.a(can_driver_port.o)
 .debug_frame   0x00000ee8       0xe8 ./../../../../svn_common/trunk/f103/libcommon_allf103.a(can_driver_filter.o)
 .debug_frame   0x00000fd0       0x40 ./../../../../svn_common/trunk/f103/libcommon_allf103.a(can_msg_reset.o)
 .debug_frame   0x00001010       0x20 /home/deh/CodeSourcery/Sourcery_G++_Lite/arm-none-eabi/lib/thumb2/libc.a(lib_a-calloc.o)
 .debug_frame   0x00001030       0x2c /home/deh/CodeSourcery/Sourcery_G++_Lite/arm-none-eabi/lib/thumb2/libc.a(lib_a-callocr.o)
 .debug_frame   0x0000105c       0x2c /home/deh/CodeSourcery/Sourcery_G++_Lite/arm-none-eabi/lib/thumb2/libc.a(lib_a-memset.o)

.debug_loc      0x00000000     0x2da9
 .debug_loc     0x00000000       0xbe ldr.o
 .debug_loc     0x000000be      0x19f newlib_support.o
 .debug_loc     0x0000025d      0x80c canwinch_ldrproto.o
 .debug_loc     0x00000a69       0x78 ./../../../../svn_pod/sw_stm32/trunk/lib/libmiscstm32/libmiscstm32.a(clockspecifysetup.o)
 .debug_loc     0x00000ae1      0x719 ./../../../../svn_pod/sw_stm32/trunk/lib/libmiscstm32/libmiscstm32.a(printf.o)
 .debug_loc     0x000011fa       0x56 ./../../../../svn_pod/sw_stm32/trunk/lib/libmiscstm32/libmiscstm32.a(startup_deh.o)
 .debug_loc     0x00001250       0xb5 ./../../../../svn_pod/sw_stm32/trunk/lib/libusartstm32/libusartstm32.a(USART1_rxinttxint.o)
 .debug_loc     0x00001305       0x33 ./../../../../svn_pod/sw_stm32/trunk/lib/libusartstm32/libusartstm32.a(USART1_txint_putc.o)
 .debug_loc     0x00001338       0x54 ./../../../../svn_pod/sw_stm32/trunk/lib/libusartstm32/libusartstm32.a(USART1_txint_puts.o)
 .debug_loc     0x0000138c       0x20 ./../../../../svn_pod/sw_stm32/trunk/lib/libusartstm32/libusartstm32.a(USART1_txint_send.o)
 .debug_loc     0x000013ac       0x1e ./../../../../svn_pod/sw_stm32/trunk/lib/libusartstm32/libusartstm32.a(USART1_txmin.o)
 .debug_loc     0x000013ca      0x152 ./../../../../svn_pod/sw_stm32/trunk/lib/libusartstm32/libusartstm32.a(usartx_txdma_init.o)
 .debug_loc     0x0000151c       0x77 ./../../../../svn_pod/sw_stm32/trunk/lib/libusartstm32/libusartstm32.a(USART1_rxdma.o)
 .debug_loc     0x00001593      0x1b9 ./../../../../svn_pod/sw_stm32/trunk/lib/libusartstm32/libusartstm32.a(usartx_rxint_init.o)
 .debug_loc     0x0000174c       0x5c ./../../../../svn_pod/sw_stm32/trunk/lib/libusartstm32/libusartstm32.a(usartx_txint_send.o)
 .debug_loc     0x000017a8      0x133 ./../../../../svn_pod/sw_stm32/trunk/lib/libusartstm32/libusartstm32.a(usartx_txint_init.o)
 .debug_loc     0x000018db       0x13 ./../../../../svn_pod/sw_stm32/trunk/lib/libusartstm32/libusartstm32.a(mymalloc.o)
 .debug_loc     0x000018ee       0xdf ./../../../../svn_pod/sw_stm32/trunk/lib/libusartstm32/libusartstm32.a(usartx_setbaud.o)
 .debug_loc     0x000019cd       0x51 ./../../../../svn_pod/sw_stm32/trunk/lib/libusartstm32/libusartstm32.a(usartx_txmin_init.o)
 .debug_loc     0x00001a1e      0x128 ./../../../../svn_pod/sw_stm32/trunk/lib/libusartstm32/libusartstm32.a(usartx_rxdma_init.o)
 .debug_loc     0x00001b46       0xaf ./../../../sw_f103/trunk/lib/libsensormisc/libsensormisc.a(crc-32.o)
 .debug_loc     0x00001bf5       0x69 ./../../../sw_f103/trunk/lib/libsensormisc/libsensormisc.a(can_nxp_setRS.o)
 .debug_loc     0x00001c5e       0xf3 ./../../../sw_f103/trunk/lib/libsensormisc/libsensormisc.a(canwinch_setup_F103_pod.o)
 .debug_loc     0x00001d51      0x110 ./../../../sw_f103/trunk/lib/libsensormisc/libsensormisc.a(panic_leds_pod.o)
 .debug_loc     0x00001e61      0x215 ./../../../sw_f103/trunk/lib/libdevicestm32/libdevicestm32.a(flash_write.o)
 .debug_loc     0x00002076       0x75 ./../../../sw_f103/trunk/lib/libdevicestm32/libdevicestm32.a(SENSORpinconfig.o)
 .debug_loc     0x000020eb      0x100 ./../../../../svn_pod/sw_stm32/trunk/devices/libdevicesstm32.a(pinconfig_all.o)
 .debug_loc     0x000021eb       0xcb ./../../../../svn_pod/sw_stm32/trunk/devices/libdevicesstm32.a(PODpinconfig.o)
 .debug_loc     0x000022b6      0x654 ./../../../../svn_common/trunk/f103/libcommon_allf103.a(can_driver.o)
 .debug_loc     0x0000290a       0x74 ./../../../../svn_common/trunk/f103/libcommon_allf103.a(can_driver_port.o)
 .debug_loc     0x0000297e      0x3b2 ./../../../../svn_common/trunk/f103/libcommon_allf103.a(can_driver_filter.o)
 .debug_loc     0x00002d30       0x79 ./../../../../svn_common/trunk/f103/libcommon_allf103.a(can_msg_reset.o)

.debug_ranges   0x00000000       0xf0
 .debug_ranges  0x00000000       0x18 ldr.o
 .debug_ranges  0x00000018       0x30 canwinch_ldrproto.o
 .debug_ranges  0x00000048       0x18 ./../../../../svn_pod/sw_stm32/trunk/lib/libmiscstm32/libmiscstm32.a(printf.o)
 .debug_ranges  0x00000060       0x18 ./../../../sw_f103/trunk/lib/libsensormisc/libsensormisc.a(panic_leds_pod.o)
 .debug_ranges  0x00000078       0x78 ./../../../../svn_common/trunk/f103/libcommon_allf103.a(can_driver.o)
