Archive member included because of file (symbol)

/home/deh/CodeSourcery/Sourcery_G++_Lite/arm-none-eabi/lib/thumb2/libm.a(lib_a-w_sqrt.o)
                              p1_PC_monitor_accel.o (sqrt)
/home/deh/CodeSourcery/Sourcery_G++_Lite/arm-none-eabi/lib/thumb2/libm.a(lib_a-e_sqrt.o)
                              /home/deh/CodeSourcery/Sourcery_G++_Lite/arm-none-eabi/lib/thumb2/libm.a(lib_a-w_sqrt.o) (__ieee754_sqrt)
/home/deh/CodeSourcery/Sourcery_G++_Lite/arm-none-eabi/lib/thumb2/libm.a(lib_a-s_fpclassify.o)
                              /home/deh/CodeSourcery/Sourcery_G++_Lite/arm-none-eabi/lib/thumb2/libm.a(lib_a-w_sqrt.o) (__fpclassifyd)
/home/deh/CodeSourcery/Sourcery_G++_Lite/arm-none-eabi/lib/thumb2/libm.a(lib_a-s_lib_ver.o)
                              /home/deh/CodeSourcery/Sourcery_G++_Lite/arm-none-eabi/lib/thumb2/libm.a(lib_a-w_sqrt.o) (__fdlib_version)
/home/deh/CodeSourcery/Sourcery_G++_Lite/arm-none-eabi/lib/thumb2/libm.a(lib_a-s_matherr.o)
                              /home/deh/CodeSourcery/Sourcery_G++_Lite/arm-none-eabi/lib/thumb2/libm.a(lib_a-w_sqrt.o) (matherr)
/home/deh/CodeSourcery/Sourcery_G++_Lite/lib/gcc/arm-none-eabi/4.5.2/thumb2/libgcc.a(_arm_addsubdf3.o)
                              /home/deh/CodeSourcery/Sourcery_G++_Lite/arm-none-eabi/lib/thumb2/libm.a(lib_a-e_sqrt.o) (__aeabi_dsub)
/home/deh/CodeSourcery/Sourcery_G++_Lite/lib/gcc/arm-none-eabi/4.5.2/thumb2/libgcc.a(_arm_muldivdf3.o)
                              /home/deh/CodeSourcery/Sourcery_G++_Lite/arm-none-eabi/lib/thumb2/libm.a(lib_a-e_sqrt.o) (__aeabi_dmul)
/home/deh/CodeSourcery/Sourcery_G++_Lite/lib/gcc/arm-none-eabi/4.5.2/thumb2/libgcc.a(_arm_cmpdf2.o)
                              /home/deh/CodeSourcery/Sourcery_G++_Lite/arm-none-eabi/lib/thumb2/libm.a(lib_a-w_sqrt.o) (__aeabi_dcmplt)
/home/deh/CodeSourcery/Sourcery_G++_Lite/lib/gcc/arm-none-eabi/4.5.2/thumb2/libgcc.a(_arm_fixdfsi.o)
                              p1_PC_monitor_accel.o (__aeabi_d2iz)
/home/deh/CodeSourcery/Sourcery_G++_Lite/lib/gcc/arm-none-eabi/4.5.2/thumb2/libgcc.a(_arm_addsubsf3.o)
                              tickadjust.o (__aeabi_fadd)
/home/deh/CodeSourcery/Sourcery_G++_Lite/lib/gcc/arm-none-eabi/4.5.2/thumb2/libgcc.a(_arm_muldivsf3.o)
                              tickadjust.o (__aeabi_fmul)
/home/deh/CodeSourcery/Sourcery_G++_Lite/lib/gcc/arm-none-eabi/4.5.2/thumb2/libgcc.a(_arm_fixsfsi.o)
                              tickadjust.o (__aeabi_f2iz)
/home/deh/CodeSourcery/Sourcery_G++_Lite/lib/gcc/arm-none-eabi/4.5.2/thumb2/libgcc.a(_aeabi_ldivmod.o)
                              p1_PC_monitor.o (__aeabi_ldivmod)
/home/deh/CodeSourcery/Sourcery_G++_Lite/lib/gcc/arm-none-eabi/4.5.2/thumb2/libgcc.a(bpabi.o)
                              /home/deh/CodeSourcery/Sourcery_G++_Lite/lib/gcc/arm-none-eabi/4.5.2/thumb2/libgcc.a(_aeabi_ldivmod.o) (__gnu_ldivmod_helper)
/home/deh/CodeSourcery/Sourcery_G++_Lite/lib/gcc/arm-none-eabi/4.5.2/thumb2/libgcc.a(_dvmd_tls.o)
                              /home/deh/CodeSourcery/Sourcery_G++_Lite/lib/gcc/arm-none-eabi/4.5.2/thumb2/libgcc.a(_aeabi_ldivmod.o) (__aeabi_ldiv0)
/home/deh/CodeSourcery/Sourcery_G++_Lite/lib/gcc/arm-none-eabi/4.5.2/thumb2/libgcc.a(_divdi3.o)
                              /home/deh/CodeSourcery/Sourcery_G++_Lite/lib/gcc/arm-none-eabi/4.5.2/thumb2/libgcc.a(bpabi.o) (__divdi3)
/home/deh/CodeSourcery/Sourcery_G++_Lite/lib/gcc/arm-none-eabi/4.5.2/thumb2/libgcc.a(_udivdi3.o)
                              /home/deh/CodeSourcery/Sourcery_G++_Lite/lib/gcc/arm-none-eabi/4.5.2/thumb2/libgcc.a(bpabi.o) (__udivdi3)
/home/deh/CodeSourcery/Sourcery_G++_Lite/lib/gcc/arm-none-eabi/4.5.2/thumb2/libgcc.a(_udivsi3.o)
                              /home/deh/CodeSourcery/Sourcery_G++_Lite/lib/gcc/arm-none-eabi/4.5.2/thumb2/libgcc.a(_divdi3.o) (__aeabi_uidiv)
/home/deh/CodeSourcery/Sourcery_G++_Lite/arm-none-eabi/lib/thumb2/libc.a(lib_a-ctime.o)
                              p1_PC_handler.o (ctime)
/home/deh/CodeSourcery/Sourcery_G++_Lite/arm-none-eabi/lib/thumb2/libc.a(lib_a-errno.o)
                              /home/deh/CodeSourcery/Sourcery_G++_Lite/arm-none-eabi/lib/thumb2/libm.a(lib_a-w_sqrt.o) (__errno)
/home/deh/CodeSourcery/Sourcery_G++_Lite/arm-none-eabi/lib/thumb2/libc.a(lib_a-impure.o)
                              /home/deh/CodeSourcery/Sourcery_G++_Lite/arm-none-eabi/lib/thumb2/libc.a(lib_a-errno.o) (_impure_ptr)
/home/deh/CodeSourcery/Sourcery_G++_Lite/arm-none-eabi/lib/thumb2/libc.a(lib_a-lcltime.o)
                              /home/deh/CodeSourcery/Sourcery_G++_Lite/arm-none-eabi/lib/thumb2/libc.a(lib_a-ctime.o) (localtime)
/home/deh/CodeSourcery/Sourcery_G++_Lite/arm-none-eabi/lib/thumb2/libc.a(lib_a-lcltime_r.o)
                              /home/deh/CodeSourcery/Sourcery_G++_Lite/arm-none-eabi/lib/thumb2/libc.a(lib_a-lcltime.o) (localtime_r)
/home/deh/CodeSourcery/Sourcery_G++_Lite/arm-none-eabi/lib/thumb2/libc.a(lib_a-malloc.o)
[...]
Memory Configuration

Name             Origin             Length             Attributes
RAM              0x20000000         0x00010000         xrw
FLASH            0x08000000         0x00080000         xr
*default*        0x00000000         0xffffffff

Linker script and memory map

LOAD /home/deh/CodeSourcery/Sourcery_G++_Lite/lib/gcc/arm-none-eabi/4.5.2/thumb2/libgcc.a
LOAD /home/deh/CodeSourcery/Sourcery_G++_Lite/lib/gcc/arm-none-eabi/4.5.2/thumb2/libgcov.a
LOAD /home/deh/CodeSourcery/Sourcery_G++_Lite/arm-none-eabi/lib/thumb2/libc.a
LOAD /home/deh/CodeSourcery/Sourcery_G++_Lite/arm-none-eabi/lib/thumb2/libm.a
                0x00000400                _MYHEAP_SIZE = 0x400
                0x1ffffc00                __MSP = 0x1ffffc00

.flash          0x08000000     0xfb64
 *(.vectors)
 .vectors       0x08000000      0x130 vector.o
                0x08000000                vector_table
 *(.text .text.* .gnu.linkonce.t.*)
 .text          0x08000130        0xa vector.o
                0x08000130                hard_fault_handler
                0x08000132                mem_manage_handler
                0x08000134                bus_fault_handler
                0x08000136                usage_fault_handler
                0x08000138                rtc_isr
                0x08000138                tim7_isr
                0x08000138                adc1_2_isr
                0x08000138                tim1_trg_com_isr
                0x08000138                usb_hp_can_tx_isr
                0x08000138                usb_wakeup_isr
                0x08000138                tim5_isr
                0x08000138                spi1_isr
                0x08000138                dma1_channel6_isr
                0x08000138                exti2_isr
                0x08000138                null_handler
                0x08000138                dDMA1CH2_IRQHandler
                0x08000138                can_rx1_isr
                0x08000138                dma1_channel5_isr
                0x08000138                tim8_trg_com_isr
                0x08000138                tim1_brk_isr
                0x08000138                tim1_cc_isr
                0x08000138                sdio_isr
                0x08000138                tim8_brk_isr
                0x08000138                dma2_channel4_5_isr
                0x08000138                usart5_isr
                0x08000138                USART3_IRQHandler
                0x08000138                pvd_isr
                0x08000138                sv_call_handler
                0x08000138                rcc_isr
                0x08000138                flash_isr
                0x08000138                rtc_alarm_isr
                0x08000138                exti15_10_isr
                0x08000138                exti1_isr
                0x08000138                i2c1_ev_isr
                0x08000138                dma2_channel1_isr
                0x08000138                pend_sv_handler
                0x08000138                spi2_isr
                0x08000138                tim8_up_isr
                0x08000138                dma2_channel2_isr
                0x08000138                adc3_isr
                0x08000138                exti3_isr
                0x08000138                debug_monitor_handler
                0x08000138                tim3_isr
                0x08000138                usb_lp_can_rx0_isr
                0x08000138                i2c2_er_isr
                0x08000138                i2c2_ev_isr
                0x08000138                fsmc_isr
                0x08000138                dma1_channel1_isr
                0x08000138                exti4_isr
                0x08000138                DMA2CH3_IRQHandler
                0x08000138                exti9_5_isr
                0x08000138                tim1_up_isr
                0x08000138                tim4_isr
                0x08000138                i2c1_er_isr
                0x08000138                can_sce_isr
                0x08000138                nmi_handler
                0x08000138                USART2_IRQHandler
                0x08000138                tim8_cc_isr
                0x08000138                tamper_isr
                0x08000138                wwdg_isr
                0x08000138                dma1_channel3_isr
                0x08000138                usart4_isr
                0x08000138                spi3_isr
                0x08000138                DMA1CH7_IRQHandler
                0x08000138                tim2_isr
                0x08000138                exti0_isr
 *fill*         0x0800013a        0x2 00
 .text          0x0800013c       0x30 pod_v1.o
                0x0800013c                main
 .text          0x0800016c      0x108 ad7799_packetize.o
                0x080001a0                ad7799_packetize_init
                0x080001b8                ad7799_packetize_add
                0x08000238                ad7799_packetize_get_main
                0x0800024c                ad7799_packetize_get_monitor
                0x08000260                ad7799_packetize_get_shutdown
 .text          0x08000274      0x434 adc_packetize.o
                0x08000274                adc_packetize_init
                0x080002b4                adc_packetize
                0x08000580                adc_packetize_get_accel
                0x080005cc                adc_packetize_get_accel_monitor
                0x080005e8                adc_packetize_get_battmp_monitor
                0x0800061c                adc_packetize_get_battmp_shutdown
                0x08000650                adc_packetize_get_battmp
                0x08000674                adc_packetize_get_battmp_tickadujst
 .text          0x080006a8       0x48 calendar_arith.o
                0x080006a8                asctoint2d
                0x080006b8                calendar_pkt_to_tm
 .text          0x080006f0      0x2b8 gps_packetize.o
                0x080006f0                gps_packetize_restart
                0x080006fc                gps_packetize_get
                0x08000728                gps_send_time_packet
                0x0800074c                gps_packetize_poll
 .text          0x080009a8      0x144 LED_ctl.o
                0x080009a8                LED_ctl_turnon
                0x080009c8                LED_ctl
                0x08000a5c                LEDonboard_ctl_turnon
 .text          0x08000aec       0xec pushbutton_packetize.o
                0x08000aec                pushbutton_packetize_poll
 .text          0x08000bd8        0x0 p1_common.o
 .text          0x08000bd8        0x4 p1_cold_run.o
                0x08000bd8                p1_cold_run
 .text          0x08000bdc       0x20 p1_deepsleep_run.o
                0x08000bdc                p1_deepsleep_run
 .text          0x08000bfc       0x40 p1_get_reset_mode.o
                0x08000bfc                p1_get_reset_mode
 .text          0x08000c3c       0xe8 p1_gps_time_convert.o
                0x08000c3c                gps_time_stamp
 .text          0x08000d24       0x58 p1_gps_time_linux.o
                0x08000d34                gps_time_linux_init
 .text          0x08000d7c       0xe4 p1_gps_1pps_v2.o
                0x08000d7c                p1_GPS_1pps_init
                0x08000e20                p1_TIM1_CC_IRQHandler
                0x08000e58                p1_TIM1_UP_IRQHandler
                0x08000e5a                p1_TIM1_BRK_IRQHandler
                0x08000e5c                TIM1_TRG_COM_IRQHandler
 .text          0x08000e60      0x284 p1_initialization.o
                0x08000e60                putc
                0x08000e66                p1_initialization_basic
                0x08000f24                complete_adc
                0x08000f94                p1_initialization_deepsleep
                0x08000fc4                complete_ad7799
                0x08001024                p1_initialization_active
 .text          0x080010e4       0x50 p1_logging_handler.o
                0x080010e4                p1_logging_handler
 .text          0x08001134       0x94 p1_normal_run.o
                0x08001134                p1_normal_run
 .text          0x080011c8      0x5f0 p1_PC_handler.o
                0x080012b6                p1_PC_handler_restart
                0x080012c4                p1_PC_handler
 .text          0x080017b8      0x1a4 p1_PC_monitor.o
                0x080017b8                p1_PC_monitor
 .text          0x0800195c      0x118 p1_PC_monitor_accel.o
                0x0800195c                p1_PC_monitor_accel
 .text          0x08001a74      0x124 p1_PC_monitor_batt.o
                0x08001aa4                p1_PC_monitor_batt
 .text          0x08001b98      0x168 p1_PC_monitor_gps.o
                0x08001b98                output_gps_cnt
                0x08001bac                p1_PC_monitor_gps
 .text          0x08001d00      0x59c p1_PC_monitor_readout.o
                0x08001de0                p1_PC_monitor_readout
                0x08002260                p1_PC_monitor_readout_datetime
 .text          0x0800229c      0x18c p1_shutdown.o
                0x080022b4                p1_shutdown_deepsleep_run
                0x080022b6                p1_shutdown_timer_reset
                0x080022c8                p1_shutdown_normal_run
 .text          0x08002428       0xe8 RS232_ctl.o
                0x08002428                RS232_ctl
                0x08002500                RS232_ctl_reset_timer
 .text          0x08002510      0x358 32KHz_p1.o
                0x08002510                p1_Reset_and_RTC_init
                0x080025e8                p1_RTC_reg_load
                0x0800263c                p1_RTC_reg_load_alr
                0x08002670                p1_RTC_reg_load_prl
                0x080026a8                p1_RTC_reg_read
                0x080026f4                p1_RTC_reg_read_cnt
                0x08002718                p1_RTC_tick_synchronize
                0x08002734                p1_RTC_IRQHandler
                0x08002844                p1_TIM6_IRQHandler
                0x08002854                p1_RTC_ALARM_IRQHandler
 .text          0x08002868      0x268 p1_Tim2_pod.o
                0x08002868                p1_Tim2_pod_init
                0x080028d0                p1_Tim2_gettime_ull
                0x08002910                p1_Tim2_gettime_ui
                0x08002934                p1_Tim2_inputcapture_ui
                0x0800296c                p1_TIM2_IRQHandler
 .text          0x08002ad0      0x468 tickadjust.o
                0x08002ad0                RTC_tickadjust_entering_standby
                0x08002b68                RTC_tickadjust_init_exiting_standby
                0x08002c24                rtc_offset_computation
                0x08002c38                rtc_tick_edit
                0x08002c70                RTC_tickadjust
                0x08002d3c                rtc_tickadjust
                0x08002d70                rtc_tick_adjust_ave_reset
                0x08002d80                rtc_tick_adjust_average
                0x08002dac                rtc_tick_adjust_filter
                0x08002dec                rtc_tick_filtered_offset
                0x08002e3c                gps_tickadjust
                0x08002ea4                RTC_tickadjust_polynomial_n
                0x08002ede                RTC_tickadjust_poly_compute
 .text          0x08002f38      0x148 newlib_support.o
                0x08002f38                _close
                0x08002f3e                _execve
                0x08002f50                _fork
                0x08002f60                _fstat
                0x08002f6a                _getpid
                0x08002f6e                _isatty
                0x08002f84                _kill
                0x08002f94                _link
                0x08002fa4                _lseek
                0x08002fa8                _sbrk
                0x08002fc4                _read
                0x08002fd8                _stat
                0x08002fe2                _times
                0x08002fe8                _unlink
                0x08002ff8                _wait
                0x08003008                _write
                0x0800306c                _exit
 .text          0x08003080      0x160 p1_calibration_sd.o
                0x08003108                p1_calibration_retrieve
                0x08003160                p1_calibration_close0
                0x08003170                caldump
 .text          0x080031e0       0xd8 p1_PC_monitor_inputcal.o
                0x080031e0                p1_PC_monitor_inputcal
 .text          0x080032b8       0xac /home/deh/CodeSourcery/Sourcery_G++_Lite/arm-none-eabi/lib/thumb2/libm.a(lib_a-w_sqrt.o)
                0x080032b8                sqrt
 .text          0x08003364      0x1c0 /home/deh/CodeSourcery/Sourcery_G++_Lite/arm-none-eabi/lib/thumb2/libm.a(lib_a-e_sqrt.o)
                0x08003364                __ieee754_sqrt
 .text          0x08003524       0x90 /home/deh/CodeSourcery/Sourcery_G++_Lite/arm-none-eabi/lib/thumb2/libm.a(lib_a-s_fpclassify.o)
                0x08003524                __fpclassifyd
 .text          0x080035b4        0x0 /home/deh/CodeSourcery/Sourcery_G++_Lite/arm-none-eabi/lib/thumb2/libm.a(lib_a-s_lib_ver.o)
 .text          0x080035b4        0x4 /home/deh/CodeSourcery/Sourcery_G++_Lite/arm-none-eabi/lib/thumb2/libm.a(lib_a-s_matherr.o)
                0x080035b4                matherr
 .text          0x080035b8      0x370 /home/deh/CodeSourcery/Sourcery_G++_Lite/lib/gcc/arm-none-eabi/4.5.2/thumb2/libgcc.a(_arm_addsubdf3.o)
                0x080035b8                __aeabi_drsub
                0x080035c0                __aeabi_dsub
                0x080035c0                __subdf3
                0x080035c4                __adddf3
                0x080035c4                __aeabi_dadd
                0x0800383c                __aeabi_ui2d
                0x0800383c                __floatunsidf
                0x0800385c                __floatsidf
                0x0800385c                __aeabi_i2d
                0x08003880                __extendsfdf2
                0x08003880                __aeabi_f2d
                0x080038bc                __aeabi_ul2d
                0x080038bc                __floatundidf
                0x080038cc                __floatdidf
                0x080038cc                __aeabi_l2d
 .text          0x08003928      0x424 /home/deh/CodeSourcery/Sourcery_G++_Lite/lib/gcc/arm-none-eabi/4.5.2/thumb2/libgcc.a(_arm_muldivdf3.o)
                0x08003928                __aeabi_dmul
                0x08003928                __muldf3
                0x08003b7c                __aeabi_ddiv
                0x08003b7c                __divdf3
 .text          0x08003d4c      0x110 /home/deh/CodeSourcery/Sourcery_G++_Lite/lib/gcc/arm-none-eabi/4.5.2/thumb2/libgcc.a(_arm_cmpdf2.o)
                0x08003d4c                __gtdf2
                0x08003d4c                __gedf2
                0x08003d54                __ltdf2
                0x08003d54                __ledf2
                0x08003d5c                __cmpdf2
                0x08003d5c                __eqdf2
                0x08003d5c                __nedf2
                0x08003dd8                __aeabi_cdrcmple
                0x08003de8                __aeabi_cdcmple
                0x08003de8                __aeabi_cdcmpeq
                0x08003df8                __aeabi_dcmpeq
                0x08003e0c                __aeabi_dcmplt
                0x08003e20                __aeabi_dcmple
                0x08003e34                __aeabi_dcmpge
                0x08003e48                __aeabi_dcmpgt
 .text          0x08003e5c       0x50 /home/deh/CodeSourcery/Sourcery_G++_Lite/lib/gcc/arm-none-eabi/4.5.2/thumb2/libgcc.a(_arm_fixdfsi.o)
                0x08003e5c                __fixdfsi
                0x08003e5c                __aeabi_d2iz
 .text          0x08003eac      0x21c /home/deh/CodeSourcery/Sourcery_G++_Lite/lib/gcc/arm-none-eabi/4.5.2/thumb2/libgcc.a(_arm_addsubsf3.o)
                0x08003eac                __aeabi_frsub
                0x08003eb4                __subsf3
                0x08003eb4                __aeabi_fsub
                0x08003eb8                __aeabi_fadd
                0x08003eb8                __addsf3
                0x08004018                __aeabi_ui2f
                0x08004018                __floatunsisf
                0x08004020                __aeabi_i2f
                0x08004020                __floatsisf
                0x0800403c                __floatundisf
                0x0800403c                __aeabi_ul2f
                0x0800404c                __floatdisf
                0x0800404c                __aeabi_l2f
 .text          0x080040c8      0x2a0 /home/deh/CodeSourcery/Sourcery_G++_Lite/lib/gcc/arm-none-eabi/4.5.2/thumb2/libgcc.a(_arm_muldivsf3.o)
                0x080040c8                __mulsf3
                0x080040c8                __aeabi_fmul
                0x08004230                __divsf3
                0x08004230                __aeabi_fdiv
 .text          0x08004368       0x4c /home/deh/CodeSourcery/Sourcery_G++_Lite/lib/gcc/arm-none-eabi/4.5.2/thumb2/libgcc.a(_arm_fixsfsi.o)
                0x08004368                __fixsfsi
                0x08004368                __aeabi_f2iz
 .text          0x080043b4       0x38 /home/deh/CodeSourcery/Sourcery_G++_Lite/lib/gcc/arm-none-eabi/4.5.2/thumb2/libgcc.a(_aeabi_ldivmod.o)
                0x080043b4                __aeabi_ldivmod
 .text          0x080043ec       0x60 /home/deh/CodeSourcery/Sourcery_G++_Lite/lib/gcc/arm-none-eabi/4.5.2/thumb2/libgcc.a(bpabi.o)
                0x080043ec                __gnu_ldivmod_helper
                0x0800441c                __gnu_uldivmod_helper
 .text          0x0800444c        0x4 /home/deh/CodeSourcery/Sourcery_G++_Lite/lib/gcc/arm-none-eabi/4.5.2/thumb2/libgcc.a(_dvmd_tls.o)
                0x0800444c                __aeabi_ldiv0
                0x0800444c                __aeabi_idiv0
 .text          0x08004450      0x360 /home/deh/CodeSourcery/Sourcery_G++_Lite/lib/gcc/arm-none-eabi/4.5.2/thumb2/libgcc.a(_divdi3.o)
                0x08004450                __divdi3
 .text          0x080047b0      0x308 /home/deh/CodeSourcery/Sourcery_G++_Lite/lib/gcc/arm-none-eabi/4.5.2/thumb2/libgcc.a(_udivdi3.o)
                0x080047b0                __udivdi3
 .text          0x08004ab8      0x278 /home/deh/CodeSourcery/Sourcery_G++_Lite/lib/gcc/arm-none-eabi/4.5.2/thumb2/libgcc.a(_udivsi3.o)
                0x08004ab8                __udivsi3
                0x08004ab8                __aeabi_uidiv
                0x08004d14                __aeabi_uidivmod
 .text          0x08004d30       0x10 /home/deh/CodeSourcery/Sourcery_G++_Lite/arm-none-eabi/lib/thumb2/libc.a(lib_a-ctime.o)
                0x08004d30                ctime
 .text          0x08004d40        0xc /home/deh/CodeSourcery/Sourcery_G++_Lite/arm-none-eabi/lib/thumb2/libc.a(lib_a-errno.o)
                0x08004d40                __errno
 .text          0x08004d4c        0x0 /home/deh/CodeSourcery/Sourcery_G++_Lite/arm-none-eabi/lib/thumb2/libc.a(lib_a-impure.o)
 .text          0x08004d4c       0x2c /home/deh/CodeSourcery/Sourcery_G++_Lite/arm-none-eabi/lib/thumb2/libc.a(lib_a-lcltime.o)
                0x08004d4c                localtime
 .text          0x08004d78        0x8 /home/deh/CodeSourcery/Sourcery_G++_Lite/arm-none-eabi/lib/thumb2/libc.a(lib_a-lcltime_r.o)
                0x08004d78                localtime_r
 .text          0x08004d80       0x20 /home/deh/CodeSourcery/Sourcery_G++_Lite/arm-none-eabi/lib/thumb2/libc.a(lib_a-malloc.o)
                0x08004d80                malloc
                0x08004d90                free
 .text          0x08004da0      0x57c /home/deh/CodeSourcery/Sourcery_G++_Lite/arm-none-eabi/lib/thumb2/libc.a(lib_a-mallocr.o)
                0x08004da0                _malloc_r
 .text          0x0800531c      0x150 /home/deh/CodeSourcery/Sourcery_G++_Lite/arm-none-eabi/lib/thumb2/libc.a(lib_a-memcpy.o)
                0x0800531c                memcpy
 .text          0x0800546c      0x520 /home/deh/CodeSourcery/Sourcery_G++_Lite/arm-none-eabi/lib/thumb2/libc.a(lib_a-mktime.o)
                0x080056b8                mktime
 .text          0x0800598c      0x514 /home/deh/CodeSourcery/Sourcery_G++_Lite/arm-none-eabi/lib/thumb2/libc.a(lib_a-mktm_r.o)
                0x0800598c                __tzcalc_limits
                0x08005b10                _mktm_r
 .text          0x08005ea0        0x8 /home/deh/CodeSourcery/Sourcery_G++_Lite/arm-none-eabi/lib/thumb2/libc.a(lib_a-mlock.o)
                0x08005ea0                __malloc_lock
                0x08005ea4                __malloc_unlock
 .text          0x08005ea8      0x118 /home/deh/CodeSourcery/Sourcery_G++_Lite/arm-none-eabi/lib/thumb2/libc.a(lib_a-reent.o)
                0x08005ea8                cleanup_glue
                0x08005ec4                _reclaim_reent
                0x08005f84                _wrapup_reent
 .text          0x08005fc0       0x28 /home/deh/CodeSourcery/Sourcery_G++_Lite/arm-none-eabi/lib/thumb2/libc.a(lib_a-sbrkr.o)
                0x08005fc0                _sbrk_r
 .text          0x08005fe8        0x8 /home/deh/CodeSourcery/Sourcery_G++_Lite/arm-none-eabi/lib/thumb2/libc.a(lib_a-tzlock.o)
                0x08005fe8                __tz_lock
                0x08005fec                __tz_unlock
 .text          0x08005ff0        0x0 /home/deh/CodeSourcery/Sourcery_G++_Lite/arm-none-eabi/lib/thumb2/libc.a(lib_a-tzvars.o)
 .text          0x08005ff0       0x3c /home/deh/CodeSourcery/Sourcery_G++_Lite/arm-none-eabi/lib/thumb2/libc.a(lib_a-asctime.o)
                0x08005ff0                asctime
 .text          0x0800602c       0x60 /home/deh/CodeSourcery/Sourcery_G++_Lite/arm-none-eabi/lib/thumb2/libc.a(lib_a-asctime_r.o)
                0x0800602c                asctime_r
 .text          0x0800608c       0x48 /home/deh/CodeSourcery/Sourcery_G++_Lite/arm-none-eabi/lib/thumb2/libc.a(lib_a-div.o)
                0x0800608c                div
 .text          0x080060d4      0x240 /home/deh/CodeSourcery/Sourcery_G++_Lite/arm-none-eabi/lib/thumb2/libc.a(lib_a-freer.o)
                0x080060d4                _malloc_trim_r
                0x0800617c                _free_r
 .text          0x08006314        0xc /home/deh/CodeSourcery/Sourcery_G++_Lite/arm-none-eabi/lib/thumb2/libc.a(lib_a-gettzinfo.o)
                0x08006314                __gettzinfo
 .text          0x08006320       0xb4 /home/deh/CodeSourcery/Sourcery_G++_Lite/arm-none-eabi/lib/thumb2/libc.a(lib_a-memset.o)
                0x08006320                memset
 .text          0x080063d4       0x94 /home/deh/CodeSourcery/Sourcery_G++_Lite/arm-none-eabi/lib/thumb2/libc.a(lib_a-sprintf.o)
                0x080063d4                _sprintf_r
                0x08006418                sprintf
 .text          0x08006468     0x1640 /home/deh/CodeSourcery/Sourcery_G++_Lite/arm-none-eabi/lib/thumb2/libc.a(lib_a-svfprintf.o)
                0x08006468                _svfprintf_r
 .text          0x08007aa8      0xfe8 /home/deh/CodeSourcery/Sourcery_G++_Lite/arm-none-eabi/lib/thumb2/libc.a(lib_a-dtoa.o)
                0x08007bd4                _dtoa_r
 .text          0x08008a90       0xa0 /home/deh/CodeSourcery/Sourcery_G++_Lite/arm-none-eabi/lib/thumb2/libc.a(lib_a-locale.o)
                0x08008a90                _setlocale_r
                0x08008aec                __locale_charset
                0x08008af8                __locale_mb_cur_max
                0x08008b04                __locale_msgcharset
                0x08008b0c                __locale_cjk_lang
                0x08008b10                _localeconv_r
                0x08008b18                setlocale
                0x08008b28                localeconv
 .text          0x08008b30       0x8c /home/deh/CodeSourcery/Sourcery_G++_Lite/arm-none-eabi/lib/thumb2/libc.a(lib_a-memchr.o)
                0x08008b30                memchr
 .text          0x08008bbc      0x91c /home/deh/CodeSourcery/Sourcery_G++_Lite/arm-none-eabi/lib/thumb2/libc.a(lib_a-mprec.o)
                0x08008bbc                _Balloc
                0x08008c24                _Bfree
                0x08008c5c                __multadd
                0x08008ce0                __s2b
                0x08008d78                __hi0bits
                0x08008db8                __lo0bits
                0x08008e1c                __i2b
                0x08008e30                __multiply
                0x08008f58                __pow5mult
                0x08008ffc                __lshift
                0x080090a8                __mcmp
                0x080090e4                __mdiff
                0x080091dc                __ulp
                0x08009224                __b2d
                0x080092d0                __d2b
                0x08009398                __ratio
                0x08009400                _mprec_log10
                0x08009434                __copybits
                0x0800947c                __any_on
 .text          0x080094d8      0x1dc /home/deh/CodeSourcery/Sourcery_G++_Lite/arm-none-eabi/lib/thumb2/libc.a(lib_a-strcmp.o)
                0x080094d8                strcmp
 .text          0x080096b4       0x60 /home/deh/CodeSourcery/Sourcery_G++_Lite/arm-none-eabi/lib/thumb2/libc.a(lib_a-strlen.o)
                0x080096b4                strlen
 .text          0x08009714      0xbe8 /home/deh/CodeSourcery/Sourcery_G++_Lite/arm-none-eabi/lib/thumb2/libc.a(lib_a-svfiprintf.o)
                0x08009714                __ssprint_r
                0x0800981c                _svfiprintf_r
 .text          0x0800a2fc       0x5c /home/deh/CodeSourcery/Sourcery_G++_Lite/arm-none-eabi/lib/thumb2/libc.a(lib_a-callocr.o)
                0x0800a2fc                _calloc_r
 .text          0x0800a358       0xb4 /home/deh/CodeSourcery/Sourcery_G++_Lite/arm-none-eabi/lib/thumb2/libc.a(lib_a-memmove.o)
                0x0800a358                memmove
 .text          0x0800a40c      0x41c /home/deh/CodeSourcery/Sourcery_G++_Lite/arm-none-eabi/lib/thumb2/libc.a(lib_a-reallocr.o)
                0x0800a40c                _realloc_r
 .text          0x0800a828      0x2b0 /home/deh/CodeSourcery/Sourcery_G++_Lite/lib/gcc/arm-none-eabi/4.5.2/thumb2/libgcc.a(_divsi3.o)
                0x0800a828                __aeabi_idiv
                0x0800a828                __divsi3
                0x0800aabc                __aeabi_idivmod
 .text          0x0800aad8       0x2c /home/deh/CodeSourcery/Sourcery_G++_Lite/lib/gcc/arm-none-eabi/4.5.2/thumb2/libgcc.a(_aeabi_uldivmod.o)
                0x0800aad8                __aeabi_uldivmod
 .text          0x0800ab04        0x0 ./../../../sw_stm32/trunk/lib/libmiscstm32/libmiscstm32.a(busfreq.o)
 .text          0x0800ab04      0x1a4 ./../../../sw_stm32/trunk/lib/libmiscstm32/libmiscstm32.a(clockspecifysetup.o)
                0x0800ab04                convert
                0x0800ab14                clockspecifysetup
 .text          0x0800aca8      0x2c0 ./../../../sw_stm32/trunk/lib/libmiscstm32/libmiscstm32.a(printf.o)
                0x0800ad94                tfp_format
                0x0800af0a                init_printf
                0x0800af18                tfp_printf
                0x0800af3c                tfp_sprintf
 .text          0x0800af68       0x40 ./../../../sw_stm32/trunk/lib/libmiscstm32/libmiscstm32.a(startup_deh.o)
                0x0800af68                Reset_Handler
 .text          0x0800afa8       0x68 ./../../../sw_stm32/trunk/lib/libmiscstm32/libmiscstm32.a(systick1.o)
                0x0800afa8                SYSTICK_init
                0x0800afe8                SYSTICK_IRQHandler
 .text          0x0800b010       0x1c ./../../../sw_stm32/trunk/lib/libmiscstm32/libmiscstm32.a(SYSTICK_getcount32.o)
                0x0800b010                SYSTICK_getcount32
 .text          0x0800b02c       0x2c ./../../../sw_stm32/trunk/lib/libusartstm32/libusartstm32.a(USART1_rxint_getlineboth.o)
                0x0800b02c                USART1_rxint_getlineboth
 .text          0x0800b058       0xf8 ./../../../sw_stm32/trunk/lib/libusartstm32/libusartstm32.a(USART1_rxinttxintRTC.o)
                0x0800b058                USART1_rxinttxint_initRTC
                0x0800b0e4                USART1_IRQHandler
 .text          0x0800b150       0x38 ./../../../sw_stm32/trunk/lib/libusartstm32/libusartstm32.a(USART1_txint_putc.o)
                0x0800b150                USART1_txint_putc
 .text          0x0800b188       0x2c ./../../../sw_stm32/trunk/lib/libusartstm32/libusartstm32.a(USART1_txint_puts.o)
                0x0800b188                USART1_txint_puts
 .text          0x0800b1b4       0x1c ./../../../sw_stm32/trunk/lib/libusartstm32/libusartstm32.a(USART1_txint_send.o)
                0x0800b1b4                USART1_txint_send
 .text          0x0800b1d0       0x14 ./../../../sw_stm32/trunk/lib/libusartstm32/libusartstm32.a(USART1_txint_busy.o)
                0x0800b1d0                USART1_txint_busy
 .text          0x0800b1e4       0xf4 ./../../../sw_stm32/trunk/lib/libusartstm32/libusartstm32.a(UART4_rxinttxintRTC.o)
                0x0800b1e4                UART4_rxinttxint_initRTC
                0x0800b270                UART4_IRQHandler
 .text          0x0800b2d8       0x2c ./../../../sw_stm32/trunk/lib/libusartstm32/libusartstm32.a(UART4_rxint_getlineboth.o)
                0x0800b2d8                UART4_rxint_getlineboth
 .text          0x0800b304       0x20 ./../../../sw_stm32/trunk/lib/libusartstm32/libusartstm32.a(usartx_putsS.o)
                0x0800b304                usartx_putsS
 .text          0x0800b324       0x30 ./../../../sw_stm32/trunk/lib/libusartstm32/libusartstm32.a(USART1_txmin.o)
                0x0800b324                USART1_txmin_init
 .text          0x0800b354       0x9a ./../../../sw_stm32/trunk/lib/libusartstm32/libusartstm32.a(usartx_txdma_init.o)
                0x0800b354                usartx_txdma_allocatebuffers
                0x0800b3d0                usartx_txdma_usart_init
 .text          0x0800b3ee       0x44 ./../../../sw_stm32/trunk/lib/libusartstm32/libusartstm32.a(usartx_tx_advlnptr.o)
                0x0800b3ee                usartx_txmain_advlnptr
                0x0800b410                usartx_txisr_advlnptr
 *fill*         0x0800b432        0x2 00
 .text          0x0800b434       0x68 ./../../../sw_stm32/trunk/lib/libusartstm32/libusartstm32.a(USART1_rxdma.o)
                0x0800b434                USART1_rxdma_init
 .text          0x0800b49c       0xfe ./../../../sw_stm32/trunk/lib/libusartstm32/libusartstm32.a(usartx_rxint_init.o)
                0x0800b49c                usartx_rxint_allocatebuffers
                0x0800b4fe                usartx_rxint_usart_init
                0x0800b514                usartx_rxint_rxmainadvptr
                0x0800b538                usartx_rxint_rxisrptradv2
                0x0800b55a                usartx_rxint_rxisrptradv
 *fill*         0x0800b59a        0x2 00
 .text          0x0800b59c       0x7c ./../../../sw_stm32/trunk/lib/libusartstm32/libusartstm32.a(usartx_rxint_rxisrptradvRTC.o)
                0x0800b59c                usartx_rxint_rxisrptradv2R
                0x0800b5be                usartx_rxint_rxisrptradvRTC
 .text          0x0800b618       0x1c ./../../../sw_stm32/trunk/lib/libusartstm32/libusartstm32.a(usartx_txint_send.o)
                0x0800b618                usartx_txint_send
 .text          0x0800b634       0x76 ./../../../sw_stm32/trunk/lib/libusartstm32/libusartstm32.a(usartx_txint_init.o)
                0x0800b634                usartx_txint_allocatebuffers
                0x0800b694                usartx_txint_usart_init
 *fill*         0x0800b6aa        0x2 00
 .text          0x0800b6ac       0x24 ./../../../sw_stm32/trunk/lib/libusartstm32/libusartstm32.a(mymalloc.o)
                0x0800b6ac                mymalloc
 .text          0x0800b6d0       0x48 ./../../../sw_stm32/trunk/lib/libusartstm32/libusartstm32.a(usartx_setbaud.o)
                0x0800b6d0                usartx_setbaud
 .text          0x0800b718       0x16 ./../../../sw_stm32/trunk/lib/libusartstm32/libusartstm32.a(usartx_txmin_init.o)
                0x0800b718                usartx_txmin_init
 .text          0x0800b72e       0x6e ./../../../sw_stm32/trunk/lib/libusartstm32/libusartstm32.a(usartx_rxdma_init.o)
                0x0800b72e                usartx_rxdma_allocatebuffers
                0x0800b77e                usartx_rxdma_usart_init
 .text          0x0800b79c      0x28c ./../../../sw_stm32/trunk/devices/libdevicesstm32.a(32KHz.o)
                0x0800b79c                Reset_and_RTC_init
                0x0800b874                RTC_reg_load
                0x0800b8c8                RTC_reg_load_alr
                0x0800b8fc                RTC_reg_load_prl
                0x0800b934                RTC_reg_read
                0x0800b980                RTC_reg_read_cnt
                0x0800b9a4                RTC_IRQHandler
                0x0800ba14                TIM6_IRQHandler
                0x0800ba24                RTC_ALARM_IRQHandler
 .text          0x0800ba28      0x290 ./../../../sw_stm32/trunk/devices/libdevicesstm32.a(spi1ad7799.o)
                0x0800ba28                SPIsd_dummy
                0x0800ba2a                spi1ad7799_init
                0x0800bb0c                ad7799_1_ready
                0x0800bb1c                spi1_busy
                0x0800bb34                spi1_write
                0x0800bb60                spi1_read
                0x0800bb9c                spi1_ad7799_reset_noint
                0x0800bc00                SPI1_IRQHandler
 .text          0x0800bcb8      0x35c ./../../../sw_stm32/trunk/devices/libdevicesstm32.a(ad7799_comm.o)
                0x0800bcb8                ad7799_rd_8bit_reg2
                0x0800bcdc                ad7799_reset1
                0x0800bd00                ad7799_rd_16bit_reg2
                0x0800bd2c                ad7799_rd_24bit_reg2
                0x0800bd64                ad7799_wr_16bit_reg3
                0x0800bd88                ad7799_wr_16bit_reg2
                0x0800bda4                ad7799_wr_16bit_reg1
                0x0800bdc0                ad7799_rd_24bit_reg1
                0x0800bddc                ad7799_rd_16bit_reg1
                0x0800bdf8                ad7799_rd_8bit_reg1
                0x0800be14                ad7799_1_RDY
                0x0800be30                ad7799_rd_8bit_reg
                0x0800be68                ad7799_rd_status_reg
                0x0800be80                ad7799_IO_reg
                0x0800be84                ad7799_rd_ID_reg
                0x0800be88                ad7799_set_continous_rd
                0x0800be8c                ad7799_exit_continous_rd
                0x0800be90                ad7799_reset
                0x0800bebc                ad7799_rd_16bit_reg
                0x0800bef4                ad7799_rd_mode_reg
                0x0800bef8                ad7799_rd_configuration_reg
                0x0800befc                ad7799_rd_24bit_reg
                0x0800bf34                ad7799_rd_data_reg
                0x0800bf38                ad7799_rd_fullscale_reg
                0x0800bf3c                ad7799_rd_offset_reg
                0x0800bf40                ad7799_signextend_24bit_reg
                0x0800bf50                ad7799_wr_16bit_reg
                0x0800bf84                ad7799_wr_mode_reg
                0x0800bf98                ad7799_wr_configuration_reg
                0x0800bfac                ad7799_1_initB
                0x0800bfe0                ad7799_1_initA
 .text          0x0800c014      0x254 ./../../../sw_stm32/trunk/devices/libdevicesstm32.a(adcpod.o)
                0x0800c014                adc_init
                0x0800c144                adc_start_cal_register_reset
                0x0800c160                adc_start_calibration
                0x0800c17c                adc_start_conversion
                0x0800c19c                adc_busy
                0x0800c1ac                adc_regulator_turn_on
                0x0800c1d4                adc_battery_sws_turn_on
                0x0800c200                adc_init_sequence
                0x0800c21a                DMA1CH1_IRQHandler
 .text          0x0800c268       0x34 ./../../../sw_stm32/trunk/devices/libdevicesstm32.a(hwcrc.o)
                0x0800c268                hwcrcgen
 .text          0x0800c29c      0x1a0 ./../../../sw_stm32/trunk/devices/libdevicesstm32.a(PODpinconfig.o)
                0x0800c29c                PODgpiopins_Config
                0x0800c378                PODgpiopins_default
                0x0800c3ec                PA0_reconfig
                0x0800c418                configure_pin
 .text          0x0800c43c       0xe8 ./../../../sw_stm32/trunk/devices/libdevicesstm32.a(pwrctl.o)
                0x0800c43c                Powerdown_to_standby
                0x0800c4cc                Power_extern_miminum
 .text          0x0800c524       0xe0 ./../../../sw_stm32/trunk/lib/libsupportstm32/libsupportstm32.a(ad7799_filter.o)
                0x0800c524                ad7799_filter
                0x0800c5b8                ad7799_poll_rdy
 .text          0x0800c604       0x28 ./../../../sw_stm32/trunk/lib/libsupportstm32/libsupportstm32.a(adctherm_cal.o)
                0x0800c604                adctherm_cal
 .text          0x0800c62c       0x8c ./../../../sw_stm32/trunk/lib/libsupportstm32/libsupportstm32.a(calibration_init.o)
                0x0800c62c                calibration_init_default
 .text          0x0800c6b8       0x54 ./../../../sw_stm32/trunk/lib/libsupportstm32/libsupportstm32.a(cic_filter_l_N2_M3.o)
                0x0800c6b8                cic_filter_l_N2_M3
 .text          0x0800c70c       0x94 ./../../../sw_stm32/trunk/lib/libsupportstm32/libsupportstm32.a(cic_filter_ll_N2_M3.o)
                0x0800c70c                cic_filter_ll_N2_M3
 .text          0x0800c7a0       0x40 ./../../../sw_stm32/trunk/lib/libsupportstm32/libsupportstm32.a(rtctimers.o)
                0x0800c7a0                rtctimers_countdown
 .text          0x0800c7e0      0x694 ./../../../sw_stm32/trunk/lib/libsupportstm32/libsupportstm32.a(sdlog.o)
                0x0800c83c                wf
                0x0800c854                wf2
                0x0800c870                wf3
                0x0800c890                wfs
                0x0800c8a8                sdlog_read_tell
                0x0800c8d0                sdlog_write_tell
                0x0800c8f8                sdlog_flush
                0x0800c928                sdlog_seek
                0x0800ca8c                sdlog_keepalive
                0x0800ca90                sdlog_fatal
                0x0800caa4                sdlog_read_backwards
                0x0800cc00                sdlog_write
                0x0800ccc4                sdlog_init
                0x0800cdcc                sdlog_read_extra_block
                0x0800ce10                sdlog_write_extra_block
                0x0800ce54                sdlog_debug_get_card_size_in_blocks
                0x0800ce60                sdlog_debug_set_card_size_in_blocks
 .text          0x0800ce74        0x0 ./../../../sw_stm32/trunk/lib/libsupportstm32/libsupportstm32.a(adcthermtmp.o)
 .text          0x0800ce74       0x60 ./../../../sw_stm32/trunk/lib/libsupportstm32/libsupportstm32.a(sdcard_csd.o)
                0x0800ce74                sdcard_csd_extract_v1
                0x0800cea2                sdcard_csd_memory_size
                0x0800cec2                sdcard_csd_block_size
 .text          0x0800ced4      0x164 ./../../../sw_stm32/trunk/devices/libdevicesstm32.a(sdcard.o)
                0x0800ced4                sdcard_init
                0x0800cf84                sdcard_read
                0x0800cfa0                sdcard_write
                0x0800cfbc                sdcard_async_read
                0x0800cfc6                sdcard_async_write
                0x0800cfd0                sdcard_async_erase
                0x0800d018                sdcard_erase
                0x0800d034                sdcard_read_status
 .text          0x0800d038      0x7c0 ./../../../sw_stm32/trunk/devices/libdevicesstm32.a(sdcard_ll.o)
                0x0800d2f4                sdcard_ll_init
                0x0800d30c                sdc0_go_idle_state
                0x0800d344                sdc1_read_op_cond
                0x0800d380                sdc8_read_if_cond
                0x0800d3d0                sdc9_read_csd
                0x0800d450                sdc10_read_cid
                0x0800d4d0                sdc13_read_status
                0x0800d50c                sdc16_write_blocklen
                0x0800d52c                sdc17_read_block
                0x0800d554                sdc24_write_block
                0x0800d57c                sdc29_clr_write_prot
                0x0800d5d8                sdc32_erase_wr_blk_start_addr
                0x0800d5f8                sdc33_erase_wr_blk_end_addr
                0x0800d618                sdc38_erase
                0x0800d638                sdc58_read_ocr
                0x0800d688                sdac13_read_status
                0x0800d728                sdac41_sd_send_op_cond
                0x0800d78c                sdc_completed
                0x0800d7a0                sdc_get_last_response
                0x0800d7b0                sdc_debug
 .text          0x0800d7f8      0x2b4 ./../../../sw_stm32/trunk/devices/libdevicesstm32.a(spi2sdcard.o)
                0x0800d7f8                spi2sdcard_init
                0x0800d8b0                spi2_busy
                0x0800d8e0                spi2_write
                0x0800d96c                spi2_read
                0x0800d9f4                spi2_poi
                0x0800da38                spi2_sclk_set_divisor_code
                0x0800da64                spi2_sclk_get_divisor_code
                0x0800da74                DMA1CH4_IRQHandler
 *(.plt)
 *(.gnu.warning)
 *(.glue_7t)
 .glue_7t       0x00000000        0x0 linker stubs
 *(.glue_7)
 .glue_7        0x00000000        0x0 linker stubs
 *(.vfp11_veneer)
 .vfp11_veneer  0x00000000        0x0 linker stubs
 *(.ARM.extab* .gnu.linkonce.armextab.*)
 .ARM.extab     0x0800daac        0x0 /home/deh/CodeSourcery/Sourcery_G++_Lite/lib/gcc/arm-none-eabi/4.5.2/thumb2/libgcc.a(_divdi3.o)
 .ARM.extab     0x0800daac        0x0 /home/deh/CodeSourcery/Sourcery_G++_Lite/lib/gcc/arm-none-eabi/4.5.2/thumb2/libgcc.a(_udivdi3.o)
 *(.gcc_except_table)
 *(.v4_bx)
 .v4_bx         0x00000000        0x0 linker stubs
 *(.rodata.str1.*)
 .rodata.str1.1
                0x0800daac        0x5 gps_packetize.o
                                  0x7 (size before relaxing)
 .rodata.str1.1
                0x0800dab1        0x8 p1_gps_time_convert.o
 .rodata.str1.1
                0x0800dab9       0x1c p1_initialization.o
 .rodata.str1.1
                0x0800dad5        0xf p1_normal_run.o
 .rodata.str1.1
                0x0800dae4      0x432 p1_PC_handler.o
                                0x43b (size before relaxing)
 .rodata.str1.1
                0x0800df16       0x4c p1_PC_monitor.o
                                 0x53 (size before relaxing)
 .rodata.str1.1
                0x0800df62       0x4a p1_PC_monitor_accel.o
                                 0x59 (size before relaxing)
 .rodata.str1.1
                0x0800dfac       0x6c p1_PC_monitor_batt.o
                                 0x71 (size before relaxing)
 .rodata.str1.1
                0x0800e018       0x3f p1_PC_monitor_gps.o
                                 0x4d (size before relaxing)
 .rodata.str1.1
                0x0800e057       0xcc p1_PC_monitor_readout.o
                                 0xd8 (size before relaxing)
 .rodata.str1.1
                0x0800e123       0x52 p1_shutdown.o
                                 0x60 (size before relaxing)
 .rodata.str1.1
                0x0800e175        0x6 newlib_support.o
 .rodata.str1.1
                0x00000000        0x3 p1_calibration_sd.o
 .rodata.str1.1
                0x0800e17b      0x36b p1_PC_monitor_inputcal.o
 *fill*         0x0800e4e6        0x2 00
 .rodata.str1.4
                0x0800e4e8        0x5 /home/deh/CodeSourcery/Sourcery_G++_Lite/arm-none-eabi/lib/thumb2/libm.a(lib_a-w_sqrt.o)
                                  0x8 (size before relaxing)
 *fill*         0x0800e4ed        0x3 00
 .rodata.str1.4
                0x0800e4f0        0x2 /home/deh/CodeSourcery/Sourcery_G++_Lite/arm-none-eabi/lib/thumb2/libc.a(lib_a-impure.o)
                                  0x4 (size before relaxing)
 *fill*         0x0800e4f2        0x2 00
 .rodata.str1.4
                0x0800e4f4        0x4 /home/deh/CodeSourcery/Sourcery_G++_Lite/arm-none-eabi/lib/thumb2/libc.a(lib_a-tzvars.o)
 .rodata.str1.4
                0x0800e4f8       0x20 /home/deh/CodeSourcery/Sourcery_G++_Lite/arm-none-eabi/lib/thumb2/libc.a(lib_a-asctime_r.o)
 .rodata.str1.4
                0x0800e518       0x42 /home/deh/CodeSourcery/Sourcery_G++_Lite/arm-none-eabi/lib/thumb2/libc.a(lib_a-svfprintf.o)
                                 0x44 (size before relaxing)
 *fill*         0x0800e55a        0x2 00
 .rodata.str1.4
                0x0800e55c       0x10 /home/deh/CodeSourcery/Sourcery_G++_Lite/arm-none-eabi/lib/thumb2/libc.a(lib_a-dtoa.o)
                                 0x14 (size before relaxing)
 .rodata.str1.4
                0x0800e56c        0xc /home/deh/CodeSourcery/Sourcery_G++_Lite/arm-none-eabi/lib/thumb2/libc.a(lib_a-locale.o)
                                 0x14 (size before relaxing)
 .rodata.str1.4
                0x00000000       0x30 /home/deh/CodeSourcery/Sourcery_G++_Lite/arm-none-eabi/lib/thumb2/libc.a(lib_a-svfiprintf.o)
 .rodata.str1.1
                0x0800e578       0x35 ./../../../sw_stm32/trunk/lib/libsupportstm32/libsupportstm32.a(sdlog.o)
 *(.rodata)
 *fill*         0x0800e5ad        0x3 00
 .rodata        0x0800e5b0        0xc p1_initialization.o
                0x0800e5b0                clocks
 .rodata        0x0800e5bc       0x4c p1_PC_handler.o
 .rodata        0x0800e608       0x10 p1_PC_monitor_readout.o
 .rodata        0x0800e618       0x30 tickadjust.o
                0x0800e618                KHz32_xtal
                0x0800e628                MHz8_xtal_A
                0x0800e638                MHz8_xtal_B
 .rodata        0x0800e648       0x10 p1_calibration_sd.o
 .rodata        0x0800e658        0x4 /home/deh/CodeSourcery/Sourcery_G++_Lite/arm-none-eabi/lib/thumb2/libc.a(lib_a-impure.o)
                0x0800e658                _global_impure_ptr
 .rodata        0x0800e65c       0x60 /home/deh/CodeSourcery/Sourcery_G++_Lite/arm-none-eabi/lib/thumb2/libc.a(lib_a-mktime.o)
 .rodata        0x0800e6bc       0x68 /home/deh/CodeSourcery/Sourcery_G++_Lite/arm-none-eabi/lib/thumb2/libc.a(lib_a-mktm_r.o)
 .rodata        0x0800e724       0x3c /home/deh/CodeSourcery/Sourcery_G++_Lite/arm-none-eabi/lib/thumb2/libc.a(lib_a-asctime_r.o)
 .rodata        0x0800e760       0x20 /home/deh/CodeSourcery/Sourcery_G++_Lite/arm-none-eabi/lib/thumb2/libc.a(lib_a-svfprintf.o)
 .rodata        0x0800e780      0x128 /home/deh/CodeSourcery/Sourcery_G++_Lite/arm-none-eabi/lib/thumb2/libc.a(lib_a-mprec.o)
                0x0800e790                __mprec_tens
                0x0800e858                __mprec_bigtens
                0x0800e880                __mprec_tinytens
 .rodata        0x0800e8a8       0x20 /home/deh/CodeSourcery/Sourcery_G++_Lite/arm-none-eabi/lib/thumb2/libc.a(lib_a-svfiprintf.o)
 .rodata        0x0800e8c8       0x3e ./../../../sw_stm32/trunk/lib/libmiscstm32/libmiscstm32.a(clockspecifysetup.o)
                0x0800e8c8                pllmulxtbl
                0x0800e8d6                ahbtbl
                0x0800e8f6                pllmulx2tbl
 .rodata        0x0800e906        0x8 ./../../../sw_stm32/trunk/devices/libdevicesstm32.a(ad7799_comm.o)
                0x0800e906                ad7799_ones
 .rodata        0x0800e90e     0x1256 ./../../../sw_stm32/trunk/lib/libsupportstm32/libsupportstm32.a(adcthermtmp.o)
                0x0800e90e                usTHERMtbloffset
                0x0800e910                usTHERMtablesize
                0x0800e912                sTHERMtable
                0x0800fb64                . = ALIGN (0x4)

.ARM.exidx      0x0800fb64        0x8
                0x0800fb64                __exidx_start = .
 *(.ARM.exidx* .gnu.linkonce.armexidx.*)
 .ARM.exidx     0x0800fb64        0x8 /home/deh/CodeSourcery/Sourcery_G++_Lite/lib/gcc/arm-none-eabi/4.5.2/thumb2/libgcc.a(_divdi3.o)
 .ARM.exidx     0x0800fb6c        0x0 /home/deh/CodeSourcery/Sourcery_G++_Lite/lib/gcc/arm-none-eabi/4.5.2/thumb2/libgcc.a(_udivdi3.o)
                                  0x8 (size before relaxing)
                0x0800fb6c                __exidx_end = .
                0x0800fb6c                __data_image = .
                0x0800fb6c                PROVIDE (__data_image, .)

.data           0x20000000      0x70c load address 0x0800fb6c
                0x20000000                __data_section_start = .
                0x20000000                _sdata = .
                0x20000000                PROVIDE (__data_section_start, .)
 *(.cs3.region-head.ram)
 *(.jcr)
 *(.got.plt)
 *(.got)
 *(.shdata)
 *(.data .data.* .gnu.linkonce.d.*)
 .data          0x20000000        0x0 vector.o
 .data          0x20000000        0x0 pod_v1.o
 .data          0x20000000        0x0 ad7799_packetize.o
 .data          0x20000000        0x2 adc_packetize.o
 .data          0x20000002        0x0 calendar_arith.o
 .data          0x20000002        0x2 gps_packetize.o
 .data          0x20000004        0x0 LED_ctl.o
 .data          0x20000004        0x0 pushbutton_packetize.o
 .data          0x20000004        0x0 p1_common.o
 .data          0x20000004        0x0 p1_cold_run.o
 .data          0x20000004        0x0 p1_deepsleep_run.o
 .data          0x20000004        0xc p1_get_reset_mode.o
                0x20000004                strRtc_reg_init
 .data          0x20000010        0x0 p1_gps_time_convert.o
 .data          0x20000010        0x0 p1_gps_time_linux.o
 .data          0x20000010        0x0 p1_gps_1pps_v2.o
 .data          0x20000010        0x0 p1_initialization.o
 .data          0x20000010       0x14 p1_logging_handler.o
                0x20000010                packetize_ptr
 .data          0x20000024        0x0 p1_normal_run.o
 .data          0x20000024        0x0 p1_PC_handler.o
 .data          0x20000024        0x0 p1_PC_monitor.o
 .data          0x20000024        0x0 p1_PC_monitor_accel.o
 .data          0x20000024        0x0 p1_PC_monitor_batt.o
 .data          0x20000024        0x0 p1_PC_monitor_gps.o
 .data          0x20000024        0x0 p1_PC_monitor_readout.o
 .data          0x20000024        0x4 p1_shutdown.o
 .data          0x20000028        0x0 RS232_ctl.o
 .data          0x20000028        0x0 32KHz_p1.o
 .data          0x20000028        0x0 p1_Tim2_pod.o
 .data          0x20000028        0x0 tickadjust.o
 .data          0x20000028        0x4 newlib_support.o
                0x20000028                environ
 .data          0x2000002c        0x0 p1_calibration_sd.o
 .data          0x2000002c      0x100 p1_PC_monitor_inputcal.o
                0x2000002c                calib_name
 .data          0x2000012c        0x0 /home/deh/CodeSourcery/Sourcery_G++_Lite/arm-none-eabi/lib/thumb2/libm.a(lib_a-w_sqrt.o)
 .data          0x2000012c        0x0 /home/deh/CodeSourcery/Sourcery_G++_Lite/arm-none-eabi/lib/thumb2/libm.a(lib_a-e_sqrt.o)
 .data          0x2000012c        0x0 /home/deh/CodeSourcery/Sourcery_G++_Lite/arm-none-eabi/lib/thumb2/libm.a(lib_a-s_fpclassify.o)
 .data          0x2000012c        0x1 /home/deh/CodeSourcery/Sourcery_G++_Lite/arm-none-eabi/lib/thumb2/libm.a(lib_a-s_lib_ver.o)
                0x2000012c                __fdlib_version
 .data          0x2000012d        0x0 /home/deh/CodeSourcery/Sourcery_G++_Lite/arm-none-eabi/lib/thumb2/libm.a(lib_a-s_matherr.o)
 .data          0x2000012d        0x0 /home/deh/CodeSourcery/Sourcery_G++_Lite/lib/gcc/arm-none-eabi/4.5.2/thumb2/libgcc.a(_arm_addsubdf3.o)
 .data          0x2000012d        0x0 /home/deh/CodeSourcery/Sourcery_G++_Lite/lib/gcc/arm-none-eabi/4.5.2/thumb2/libgcc.a(_arm_muldivdf3.o)
 .data          0x2000012d        0x0 /home/deh/CodeSourcery/Sourcery_G++_Lite/lib/gcc/arm-none-eabi/4.5.2/thumb2/libgcc.a(_arm_cmpdf2.o)
 .data          0x2000012d        0x0 /home/deh/CodeSourcery/Sourcery_G++_Lite/lib/gcc/arm-none-eabi/4.5.2/thumb2/libgcc.a(_arm_fixdfsi.o)
 .data          0x2000012d        0x0 /home/deh/CodeSourcery/Sourcery_G++_Lite/lib/gcc/arm-none-eabi/4.5.2/thumb2/libgcc.a(_arm_addsubsf3.o)
 .data          0x2000012d        0x0 /home/deh/CodeSourcery/Sourcery_G++_Lite/lib/gcc/arm-none-eabi/4.5.2/thumb2/libgcc.a(_arm_muldivsf3.o)
 .data          0x2000012d        0x0 /home/deh/CodeSourcery/Sourcery_G++_Lite/lib/gcc/arm-none-eabi/4.5.2/thumb2/libgcc.a(_arm_fixsfsi.o)
 .data          0x2000012d        0x0 /home/deh/CodeSourcery/Sourcery_G++_Lite/lib/gcc/arm-none-eabi/4.5.2/thumb2/libgcc.a(_aeabi_ldivmod.o)
 .data          0x2000012d        0x0 /home/deh/CodeSourcery/Sourcery_G++_Lite/lib/gcc/arm-none-eabi/4.5.2/thumb2/libgcc.a(bpabi.o)
 .data          0x2000012d        0x0 /home/deh/CodeSourcery/Sourcery_G++_Lite/lib/gcc/arm-none-eabi/4.5.2/thumb2/libgcc.a(_dvmd_tls.o)
 .data          0x2000012d        0x0 /home/deh/CodeSourcery/Sourcery_G++_Lite/lib/gcc/arm-none-eabi/4.5.2/thumb2/libgcc.a(_divdi3.o)
 .data          0x2000012d        0x0 /home/deh/CodeSourcery/Sourcery_G++_Lite/lib/gcc/arm-none-eabi/4.5.2/thumb2/libgcc.a(_udivdi3.o)
 .data          0x2000012d        0x0 /home/deh/CodeSourcery/Sourcery_G++_Lite/lib/gcc/arm-none-eabi/4.5.2/thumb2/libgcc.a(_udivsi3.o)
 .data          0x2000012d        0x0 /home/deh/CodeSourcery/Sourcery_G++_Lite/arm-none-eabi/lib/thumb2/libc.a(lib_a-ctime.o)
 .data          0x2000012d        0x0 /home/deh/CodeSourcery/Sourcery_G++_Lite/arm-none-eabi/lib/thumb2/libc.a(lib_a-errno.o)
 *fill*         0x2000012d        0x3 00
 .data          0x20000130       0xf4 /home/deh/CodeSourcery/Sourcery_G++_Lite/arm-none-eabi/lib/thumb2/libc.a(lib_a-impure.o)
                0x20000130                _impure_ptr
 .data          0x20000224        0x0 /home/deh/CodeSourcery/Sourcery_G++_Lite/arm-none-eabi/lib/thumb2/libc.a(lib_a-lcltime.o)
 .data          0x20000224        0x0 /home/deh/CodeSourcery/Sourcery_G++_Lite/arm-none-eabi/lib/thumb2/libc.a(lib_a-lcltime_r.o)
 .data          0x20000224        0x0 /home/deh/CodeSourcery/Sourcery_G++_Lite/arm-none-eabi/lib/thumb2/libc.a(lib_a-malloc.o)
 .data          0x20000224      0x410 /home/deh/CodeSourcery/Sourcery_G++_Lite/arm-none-eabi/lib/thumb2/libc.a(lib_a-mallocr.o)
                0x20000224                __malloc_av_
                0x2000062c                __malloc_sbrk_base
                0x20000630                __malloc_trim_threshold
 .data          0x20000634        0x0 /home/deh/CodeSourcery/Sourcery_G++_Lite/arm-none-eabi/lib/thumb2/libc.a(lib_a-memcpy.o)
 .data          0x20000634        0x0 /home/deh/CodeSourcery/Sourcery_G++_Lite/arm-none-eabi/lib/thumb2/libc.a(lib_a-mktime.o)
 .data          0x20000634        0x0 /home/deh/CodeSourcery/Sourcery_G++_Lite/arm-none-eabi/lib/thumb2/libc.a(lib_a-mktm_r.o)
 .data          0x20000634        0x0 /home/deh/CodeSourcery/Sourcery_G++_Lite/arm-none-eabi/lib/thumb2/libc.a(lib_a-mlock.o)
 .data          0x20000634        0x0 /home/deh/CodeSourcery/Sourcery_G++_Lite/arm-none-eabi/lib/thumb2/libc.a(lib_a-reent.o)
 .data          0x20000634        0x0 /home/deh/CodeSourcery/Sourcery_G++_Lite/arm-none-eabi/lib/thumb2/libc.a(lib_a-sbrkr.o)
 .data          0x20000634        0x0 /home/deh/CodeSourcery/Sourcery_G++_Lite/arm-none-eabi/lib/thumb2/libc.a(lib_a-tzlock.o)
 .data          0x20000634        0x8 /home/deh/CodeSourcery/Sourcery_G++_Lite/arm-none-eabi/lib/thumb2/libc.a(lib_a-tzvars.o)
                0x20000634                _tzname
 .data          0x2000063c        0x0 /home/deh/CodeSourcery/Sourcery_G++_Lite/arm-none-eabi/lib/thumb2/libc.a(lib_a-asctime.o)
 .data          0x2000063c        0x0 /home/deh/CodeSourcery/Sourcery_G++_Lite/arm-none-eabi/lib/thumb2/libc.a(lib_a-asctime_r.o)
 .data          0x2000063c        0x0 /home/deh/CodeSourcery/Sourcery_G++_Lite/arm-none-eabi/lib/thumb2/libc.a(lib_a-div.o)
 .data          0x2000063c        0x0 /home/deh/CodeSourcery/Sourcery_G++_Lite/arm-none-eabi/lib/thumb2/libc.a(lib_a-freer.o)
 .data          0x2000063c       0x40 /home/deh/CodeSourcery/Sourcery_G++_Lite/arm-none-eabi/lib/thumb2/libc.a(lib_a-gettzinfo.o)
 .data          0x2000067c        0x0 /home/deh/CodeSourcery/Sourcery_G++_Lite/arm-none-eabi/lib/thumb2/libc.a(lib_a-memset.o)
 .data          0x2000067c        0x0 /home/deh/CodeSourcery/Sourcery_G++_Lite/arm-none-eabi/lib/thumb2/libc.a(lib_a-sprintf.o)
 .data          0x2000067c        0x0 /home/deh/CodeSourcery/Sourcery_G++_Lite/arm-none-eabi/lib/thumb2/libc.a(lib_a-svfprintf.o)
 .data          0x2000067c        0x0 /home/deh/CodeSourcery/Sourcery_G++_Lite/arm-none-eabi/lib/thumb2/libc.a(lib_a-dtoa.o)
 .data          0x2000067c       0x7c /home/deh/CodeSourcery/Sourcery_G++_Lite/arm-none-eabi/lib/thumb2/libc.a(lib_a-locale.o)
                0x2000069c                __mb_cur_max
 .data          0x200006f8        0x0 /home/deh/CodeSourcery/Sourcery_G++_Lite/arm-none-eabi/lib/thumb2/libc.a(lib_a-memchr.o)
 .data          0x200006f8        0x0 /home/deh/CodeSourcery/Sourcery_G++_Lite/arm-none-eabi/lib/thumb2/libc.a(lib_a-mprec.o)
 .data          0x200006f8        0x0 /home/deh/CodeSourcery/Sourcery_G++_Lite/arm-none-eabi/lib/thumb2/libc.a(lib_a-strcmp.o)
 .data          0x200006f8        0x0 /home/deh/CodeSourcery/Sourcery_G++_Lite/arm-none-eabi/lib/thumb2/libc.a(lib_a-strlen.o)
 .data          0x200006f8        0x0 /home/deh/CodeSourcery/Sourcery_G++_Lite/arm-none-eabi/lib/thumb2/libc.a(lib_a-svfiprintf.o)
 .data          0x200006f8        0x0 /home/deh/CodeSourcery/Sourcery_G++_Lite/arm-none-eabi/lib/thumb2/libc.a(lib_a-callocr.o)
 .data          0x200006f8        0x0 /home/deh/CodeSourcery/Sourcery_G++_Lite/arm-none-eabi/lib/thumb2/libc.a(lib_a-memmove.o)
 .data          0x200006f8        0x0 /home/deh/CodeSourcery/Sourcery_G++_Lite/arm-none-eabi/lib/thumb2/libc.a(lib_a-reallocr.o)
 .data          0x200006f8        0x0 /home/deh/CodeSourcery/Sourcery_G++_Lite/lib/gcc/arm-none-eabi/4.5.2/thumb2/libgcc.a(_divsi3.o)
 .data          0x200006f8        0x0 /home/deh/CodeSourcery/Sourcery_G++_Lite/lib/gcc/arm-none-eabi/4.5.2/thumb2/libgcc.a(_aeabi_uldivmod.o)
 .data          0x200006f8        0x0 ./../../../sw_stm32/trunk/lib/libmiscstm32/libmiscstm32.a(busfreq.o)
 .data          0x200006f8        0x0 ./../../../sw_stm32/trunk/lib/libmiscstm32/libmiscstm32.a(clockspecifysetup.o)
 .data          0x200006f8        0x0 ./../../../sw_stm32/trunk/lib/libmiscstm32/libmiscstm32.a(printf.o)
 .data          0x200006f8        0x0 ./../../../sw_stm32/trunk/lib/libmiscstm32/libmiscstm32.a(startup_deh.o)
 .data          0x200006f8        0x8 ./../../../sw_stm32/trunk/lib/libmiscstm32/libmiscstm32.a(systick1.o)
                0x200006f8                systick_hibyte
                0x200006fc                systick_u32hi
 .data          0x20000700        0x0 ./../../../sw_stm32/trunk/lib/libmiscstm32/libmiscstm32.a(SYSTICK_getcount32.o)
 .data          0x20000700        0x0 ./../../../sw_stm32/trunk/lib/libusartstm32/libusartstm32.a(USART1_rxint_getlineboth.o)
 .data          0x20000700        0x0 ./../../../sw_stm32/trunk/lib/libusartstm32/libusartstm32.a(USART1_rxinttxintRTC.o)
 .data          0x20000700        0x0 ./../../../sw_stm32/trunk/lib/libusartstm32/libusartstm32.a(USART1_txint_putc.o)
 .data          0x20000700        0x0 ./../../../sw_stm32/trunk/lib/libusartstm32/libusartstm32.a(USART1_txint_puts.o)
 .data          0x20000700        0x0 ./../../../sw_stm32/trunk/lib/libusartstm32/libusartstm32.a(USART1_txint_send.o)
 .data          0x20000700        0x0 ./../../../sw_stm32/trunk/lib/libusartstm32/libusartstm32.a(USART1_txint_busy.o)
 .data          0x20000700        0x0 ./../../../sw_stm32/trunk/lib/libusartstm32/libusartstm32.a(UART4_rxinttxintRTC.o)
 .data          0x20000700        0x0 ./../../../sw_stm32/trunk/lib/libusartstm32/libusartstm32.a(UART4_rxint_getlineboth.o)
 .data          0x20000700        0x0 ./../../../sw_stm32/trunk/lib/libusartstm32/libusartstm32.a(usartx_putsS.o)
 .data          0x20000700        0x0 ./../../../sw_stm32/trunk/lib/libusartstm32/libusartstm32.a(USART1_txmin.o)
 .data          0x20000700        0x0 ./../../../sw_stm32/trunk/lib/libusartstm32/libusartstm32.a(usartx_txdma_init.o)
 .data          0x20000700        0x0 ./../../../sw_stm32/trunk/lib/libusartstm32/libusartstm32.a(usartx_tx_advlnptr.o)
 .data          0x20000700        0x0 ./../../../sw_stm32/trunk/lib/libusartstm32/libusartstm32.a(USART1_rxdma.o)
 .data          0x20000700        0x0 ./../../../sw_stm32/trunk/lib/libusartstm32/libusartstm32.a(usartx_rxint_init.o)
 .data          0x20000700        0x0 ./../../../sw_stm32/trunk/lib/libusartstm32/libusartstm32.a(usartx_rxint_rxisrptradvRTC.o)
 .data          0x20000700        0x0 ./../../../sw_stm32/trunk/lib/libusartstm32/libusartstm32.a(usartx_txint_send.o)
 .data          0x20000700        0x0 ./../../../sw_stm32/trunk/lib/libusartstm32/libusartstm32.a(usartx_txint_init.o)
 .data          0x20000700        0x4 ./../../../sw_stm32/trunk/lib/libusartstm32/libusartstm32.a(mymalloc.o)
                0x20000700                myheap
 .data          0x20000704        0x0 ./../../../sw_stm32/trunk/lib/libusartstm32/libusartstm32.a(usartx_setbaud.o)
 .data          0x20000704        0x0 ./../../../sw_stm32/trunk/lib/libusartstm32/libusartstm32.a(usartx_txmin_init.o)
 .data          0x20000704        0x0 ./../../../sw_stm32/trunk/lib/libusartstm32/libusartstm32.a(usartx_rxdma_init.o)
 .data          0x20000704        0x0 ./../../../sw_stm32/trunk/devices/libdevicesstm32.a(32KHz.o)
 .data          0x20000704        0x0 ./../../../sw_stm32/trunk/devices/libdevicesstm32.a(spi1ad7799.o)
 .data          0x20000704        0x0 ./../../../sw_stm32/trunk/devices/libdevicesstm32.a(ad7799_comm.o)
 .data          0x20000704        0x0 ./../../../sw_stm32/trunk/devices/libdevicesstm32.a(adcpod.o)
 .data          0x20000704        0x0 ./../../../sw_stm32/trunk/devices/libdevicesstm32.a(hwcrc.o)
 .data          0x20000704        0x0 ./../../../sw_stm32/trunk/devices/libdevicesstm32.a(PODpinconfig.o)
 .data          0x20000704        0x0 ./../../../sw_stm32/trunk/devices/libdevicesstm32.a(pwrctl.o)
 .data          0x20000704        0x4 ./../../../sw_stm32/trunk/lib/libsupportstm32/libsupportstm32.a(ad7799_filter.o)
 .data          0x20000708        0x0 ./../../../sw_stm32/trunk/lib/libsupportstm32/libsupportstm32.a(adctherm_cal.o)
 .data          0x20000708        0x0 ./../../../sw_stm32/trunk/lib/libsupportstm32/libsupportstm32.a(calibration_init.o)
 .data          0x20000708        0x0 ./../../../sw_stm32/trunk/lib/libsupportstm32/libsupportstm32.a(cic_filter_l_N2_M3.o)
 .data          0x20000708        0x0 ./../../../sw_stm32/trunk/lib/libsupportstm32/libsupportstm32.a(cic_filter_ll_N2_M3.o)
 .data          0x20000708        0x0 ./../../../sw_stm32/trunk/lib/libsupportstm32/libsupportstm32.a(rtctimers.o)
 .data          0x20000708        0x0 ./../../../sw_stm32/trunk/lib/libsupportstm32/libsupportstm32.a(sdlog.o)
 .data          0x20000708        0x0 ./../../../sw_stm32/trunk/lib/libsupportstm32/libsupportstm32.a(adcthermtmp.o)
 .data          0x20000708        0x0 ./../../../sw_stm32/trunk/lib/libsupportstm32/libsupportstm32.a(sdcard_csd.o)
 .data          0x20000708        0x0 ./../../../sw_stm32/trunk/devices/libdevicesstm32.a(sdcard.o)
 .data          0x20000708        0x1 ./../../../sw_stm32/trunk/devices/libdevicesstm32.a(sdcard_ll.o)
 .data          0x20000709        0x0 ./../../../sw_stm32/trunk/devices/libdevicesstm32.a(spi2sdcard.o)
                0x20000709                _edata = .
                0x20000709                __data_image_end = .
                0x20000709                PROVIDE (__data_image_end, .)
                0x20000709                _end_data = .
                0x2000070c                . = ALIGN (0x4)
 *fill*         0x20000709        0x3 00

.ram            0x20000710     0x2098 load address 0x08010278
                0x20000710                PROVIDE (_start_of_bss, .)
                0x20000710                _sbss = .
 *(.bss)
 .bss           0x20000710        0x0 vector.o
 .bss           0x20000710        0x0 pod_v1.o
 .bss           0x20000710      0x158 ad7799_packetize.o
                0x20000718                ad7799_buf
                0x20000858                usAD7799filterFlagPrev
                0x2000085c                rtc_ad7799_packetizedone_ptr
 .bss           0x20000868      0x388 adc_packetize.o
                0x20000868                accel_pktbuf
                0x20000bd4                uiThermistor_tickadjust
                0x20000bd8                uiThermistoradcflag
                0x20000bdc                adc_filterdone_ptr
                0x20000be8                uiThermistoradcflagPrev
                0x20000bec                usAccelpktctr
 .bss           0x20000bf0       0x2c calendar_arith.o
                0x20000bf0                strTM
 *fill*         0x20000c1c        0x4 00
 .bss           0x20000c20      0x140 gps_packetize.o
                0x20000c28                pkt_gps_sd
                0x20000ca8                gps_sd_pkt_ready
                0x20000cb0                pkt_gps_mn
                0x20000d40                uiConsecutiveGoodGPSctr
                0x20000d50                nOffsetCalFlag
                0x20000d54                cGPS_flag
                0x20000d56                gps_OK_to_shutdown
                0x20000d58                gps_mn_pkt_ctr
                0x20000d5a                gps_monitor_flag
                0x20000d5c                nOffsetave
 .bss           0x20000d60       0x1c LED_ctl.o
 *fill*         0x20000d7c        0x4 00
 .bss           0x20000d80       0x20 pushbutton_packetize.o
                0x20000d80                pkt_pushbutton_sd
                0x20000d94                pushbutton_sd_pkt_ctr
 .bss           0x20000da0      0x118 p1_common.o
                0x20000da0                strDefaultCalib
                0x20000ea0                cPA0_reset
                0x20000ea2                shutdownflag
                0x20000ea4                sys
 .bss           0x20000eb8        0x0 p1_cold_run.o
 .bss           0x20000eb8        0x0 p1_deepsleep_run.o
 .bss           0x20000eb8        0x4 p1_get_reset_mode.o
                0x20000eb8                uiRCC_CSR_init
 .bss           0x20000ebc        0x0 p1_gps_time_convert.o
 .bss           0x20000ebc        0x0 p1_gps_time_linux.o
 .bss           0x20000ebc       0x24 p1_gps_1pps_v2.o
                0x20000ec8                uiTim1onesec
                0x20000ecc                Debug_TIM1
                0x20000ed0                nTim1Debug0
                0x20000ed4                nTim1Debug1
                0x20000ed8                nTim1Debug2
                0x20000edc                nTim1Debug3
 .bss           0x20000ee0        0x0 p1_initialization.o
 .bss           0x20000ee0        0xc p1_logging_handler.o
                0x20000ee0                sdlog_keepalive_ctr
                0x20000ee4                sdlog_keepalive_max
                0x20000ee8                Debugpktctr
 .bss           0x20000eec       0x10 p1_normal_run.o
                0x20000eec                uiDebug_norm0
                0x20000ef0                uiDebug_norm1
                0x20000ef4                uiDebug_normX
                0x20000ef8                uiDebug_normC
 .bss           0x20000efc       0x34 p1_PC_handler.o
                0x20000efc                state_PC_handler
                0x20000f00                strlb
                0x20000f08                two_f
                0x20000f14                ulreadbackstart
                0x20000f18                ulreadbackstop
                0x20000f1c                cmd_save
                0x20000f22                usMonHeader
                0x20000f24                uiLoad_cell_zeroing
                0x20000f28                uiLoad_cell_zero_save
                0x20000f2c                gps_timeadjustflag
 .bss           0x20000f30       0x78 p1_PC_monitor.o
 .bss           0x20000fa8        0x8 p1_PC_monitor_accel.o
 .bss           0x20000fb0        0x8 p1_PC_monitor_batt.o
 .bss           0x20000fb8        0x4 p1_PC_monitor_gps.o
 *fill*         0x20000fbc        0x4 00
 .bss           0x20000fc0      0x228 p1_PC_monitor_readout.o
                0x200011d8                Debugreadout
                0x200011e2                state_readout
 .bss           0x200011e8       0x10 p1_shutdown.o
                0x200011f4                nDebug_shutdown
 .bss           0x200011f8        0xc RS232_ctl.o
                0x20001200                cRS232_skip_flag
 *fill*         0x20001204        0x4 00
 .bss           0x20001208       0x80 32KHz_p1.o
                0x20001208                p1_cResetFlag
                0x20001218                strAlltime
                0x20001280                sPreTickReset
                0x20001284                p1_rtc_secf_ptr
 .bss           0x20001288       0x20 p1_Tim2_pod.o
                0x20001298                p1_usTim2ch2_Flag
 .bss           0x200012a8       0x64 tickadjust.o
                0x200012a8                Debug_dif
                0x200012ac                nAdcppm_temp_latest
                0x200012b0                Debug_nErrorT
                0x200012b4                Debug_nError
                0x200012b8                TickAdjustflg
                0x200012bc                rtc_tickadjustdone_ptr
                0x20001304                DIFjamflag
                0x20001305                DIFtmpctr
                0x20001306                TickAdjustOTO
                0x20001308                Debug_nErrorO
 .bss           0x2000130c        0x8 newlib_support.o
                0x20001310                __env
 .bss           0x20001314      0x204 p1_calibration_sd.o
                0x20001314                cCalDefaultflag
                0x20001315                cCalChangeFlag
                0x20001318                sdcalblock0
 .bss           0x20001518        0xc p1_PC_monitor_inputcal.o
 .bss           0x20001524        0x0 /home/deh/CodeSourcery/Sourcery_G++_Lite/arm-none-eabi/lib/thumb2/libm.a(lib_a-w_sqrt.o)
 .bss           0x20001524        0x0 /home/deh/CodeSourcery/Sourcery_G++_Lite/arm-none-eabi/lib/thumb2/libm.a(lib_a-e_sqrt.o)
 .bss           0x20001524        0x0 /home/deh/CodeSourcery/Sourcery_G++_Lite/arm-none-eabi/lib/thumb2/libm.a(lib_a-s_fpclassify.o)
 .bss           0x20001524        0x0 /home/deh/CodeSourcery/Sourcery_G++_Lite/arm-none-eabi/lib/thumb2/libm.a(lib_a-s_lib_ver.o)
 .bss           0x20001524        0x0 /home/deh/CodeSourcery/Sourcery_G++_Lite/arm-none-eabi/lib/thumb2/libm.a(lib_a-s_matherr.o)
 .bss           0x20001524        0x0 /home/deh/CodeSourcery/Sourcery_G++_Lite/lib/gcc/arm-none-eabi/4.5.2/thumb2/libgcc.a(_arm_addsubdf3.o)
 .bss           0x20001524        0x0 /home/deh/CodeSourcery/Sourcery_G++_Lite/lib/gcc/arm-none-eabi/4.5.2/thumb2/libgcc.a(_arm_muldivdf3.o)
 .bss           0x20001524        0x0 /home/deh/CodeSourcery/Sourcery_G++_Lite/lib/gcc/arm-none-eabi/4.5.2/thumb2/libgcc.a(_arm_cmpdf2.o)
 .bss           0x20001524        0x0 /home/deh/CodeSourcery/Sourcery_G++_Lite/lib/gcc/arm-none-eabi/4.5.2/thumb2/libgcc.a(_arm_fixdfsi.o)
 .bss           0x20001524        0x0 /home/deh/CodeSourcery/Sourcery_G++_Lite/lib/gcc/arm-none-eabi/4.5.2/thumb2/libgcc.a(_arm_addsubsf3.o)
 .bss           0x20001524        0x0 /home/deh/CodeSourcery/Sourcery_G++_Lite/lib/gcc/arm-none-eabi/4.5.2/thumb2/libgcc.a(_arm_muldivsf3.o)
 .bss           0x20001524        0x0 /home/deh/CodeSourcery/Sourcery_G++_Lite/lib/gcc/arm-none-eabi/4.5.2/thumb2/libgcc.a(_arm_fixsfsi.o)
 .bss           0x20001524        0x0 /home/deh/CodeSourcery/Sourcery_G++_Lite/lib/gcc/arm-none-eabi/4.5.2/thumb2/libgcc.a(_aeabi_ldivmod.o)
 .bss           0x20001524        0x0 /home/deh/CodeSourcery/Sourcery_G++_Lite/lib/gcc/arm-none-eabi/4.5.2/thumb2/libgcc.a(bpabi.o)
 .bss           0x20001524        0x0 /home/deh/CodeSourcery/Sourcery_G++_Lite/lib/gcc/arm-none-eabi/4.5.2/thumb2/libgcc.a(_dvmd_tls.o)
 .bss           0x20001524        0x0 /home/deh/CodeSourcery/Sourcery_G++_Lite/lib/gcc/arm-none-eabi/4.5.2/thumb2/libgcc.a(_divdi3.o)
 .bss           0x20001524        0x0 /home/deh/CodeSourcery/Sourcery_G++_Lite/lib/gcc/arm-none-eabi/4.5.2/thumb2/libgcc.a(_udivdi3.o)
 .bss           0x20001524        0x0 /home/deh/CodeSourcery/Sourcery_G++_Lite/lib/gcc/arm-none-eabi/4.5.2/thumb2/libgcc.a(_udivsi3.o)
 .bss           0x20001524        0x0 /home/deh/CodeSourcery/Sourcery_G++_Lite/arm-none-eabi/lib/thumb2/libc.a(lib_a-ctime.o)
 .bss           0x20001524        0x0 /home/deh/CodeSourcery/Sourcery_G++_Lite/arm-none-eabi/lib/thumb2/libc.a(lib_a-errno.o)
 .bss           0x20001524        0x0 /home/deh/CodeSourcery/Sourcery_G++_Lite/arm-none-eabi/lib/thumb2/libc.a(lib_a-impure.o)
 .bss           0x20001524        0x0 /home/deh/CodeSourcery/Sourcery_G++_Lite/arm-none-eabi/lib/thumb2/libc.a(lib_a-lcltime.o)
 .bss           0x20001524        0x0 /home/deh/CodeSourcery/Sourcery_G++_Lite/arm-none-eabi/lib/thumb2/libc.a(lib_a-lcltime_r.o)
 .bss           0x20001524        0x0 /home/deh/CodeSourcery/Sourcery_G++_Lite/arm-none-eabi/lib/thumb2/libc.a(lib_a-malloc.o)
 .bss           0x20001524       0x34 /home/deh/CodeSourcery/Sourcery_G++_Lite/arm-none-eabi/lib/thumb2/libc.a(lib_a-mallocr.o)
                0x20001524                __malloc_top_pad
                0x20001528                __malloc_current_mallinfo
                0x20001550                __malloc_max_sbrked_mem
                0x20001554                __malloc_max_total_mem
 .bss           0x20001558        0x0 /home/deh/CodeSourcery/Sourcery_G++_Lite/arm-none-eabi/lib/thumb2/libc.a(lib_a-memcpy.o)
 .bss           0x20001558        0x0 /home/deh/CodeSourcery/Sourcery_G++_Lite/arm-none-eabi/lib/thumb2/libc.a(lib_a-mktime.o)
 .bss           0x20001558        0x0 /home/deh/CodeSourcery/Sourcery_G++_Lite/arm-none-eabi/lib/thumb2/libc.a(lib_a-mktm_r.o)
 .bss           0x20001558        0x0 /home/deh/CodeSourcery/Sourcery_G++_Lite/arm-none-eabi/lib/thumb2/libc.a(lib_a-mlock.o)
 .bss           0x20001558        0x0 /home/deh/CodeSourcery/Sourcery_G++_Lite/arm-none-eabi/lib/thumb2/libc.a(lib_a-reent.o)
 .bss           0x20001558        0x0 /home/deh/CodeSourcery/Sourcery_G++_Lite/arm-none-eabi/lib/thumb2/libc.a(lib_a-sbrkr.o)
 .bss           0x20001558        0x0 /home/deh/CodeSourcery/Sourcery_G++_Lite/arm-none-eabi/lib/thumb2/libc.a(lib_a-tzlock.o)
 .bss           0x20001558        0x8 /home/deh/CodeSourcery/Sourcery_G++_Lite/arm-none-eabi/lib/thumb2/libc.a(lib_a-tzvars.o)
                0x20001558                _daylight
                0x2000155c                _timezone
 .bss           0x20001560        0x0 /home/deh/CodeSourcery/Sourcery_G++_Lite/arm-none-eabi/lib/thumb2/libc.a(lib_a-asctime.o)
 .bss           0x20001560        0x0 /home/deh/CodeSourcery/Sourcery_G++_Lite/arm-none-eabi/lib/thumb2/libc.a(lib_a-asctime_r.o)
 .bss           0x20001560        0x0 /home/deh/CodeSourcery/Sourcery_G++_Lite/arm-none-eabi/lib/thumb2/libc.a(lib_a-div.o)
 .bss           0x20001560        0x0 /home/deh/CodeSourcery/Sourcery_G++_Lite/arm-none-eabi/lib/thumb2/libc.a(lib_a-freer.o)
 .bss           0x20001560        0x0 /home/deh/CodeSourcery/Sourcery_G++_Lite/arm-none-eabi/lib/thumb2/libc.a(lib_a-gettzinfo.o)
 .bss           0x20001560        0x0 /home/deh/CodeSourcery/Sourcery_G++_Lite/arm-none-eabi/lib/thumb2/libc.a(lib_a-memset.o)
 .bss           0x20001560        0x0 /home/deh/CodeSourcery/Sourcery_G++_Lite/arm-none-eabi/lib/thumb2/libc.a(lib_a-sprintf.o)
 .bss           0x20001560        0x0 /home/deh/CodeSourcery/Sourcery_G++_Lite/arm-none-eabi/lib/thumb2/libc.a(lib_a-svfprintf.o)
 .bss           0x20001560        0x0 /home/deh/CodeSourcery/Sourcery_G++_Lite/arm-none-eabi/lib/thumb2/libc.a(lib_a-dtoa.o)
 .bss           0x20001560        0xc /home/deh/CodeSourcery/Sourcery_G++_Lite/arm-none-eabi/lib/thumb2/libc.a(lib_a-locale.o)
                0x20001560                __nlocale_changed
                0x20001564                __mlocale_changed
                0x20001568                _PathLocale
 .bss           0x2000156c        0x0 /home/deh/CodeSourcery/Sourcery_G++_Lite/arm-none-eabi/lib/thumb2/libc.a(lib_a-memchr.o)
 .bss           0x2000156c        0x0 /home/deh/CodeSourcery/Sourcery_G++_Lite/arm-none-eabi/lib/thumb2/libc.a(lib_a-mprec.o)
 .bss           0x2000156c        0x0 /home/deh/CodeSourcery/Sourcery_G++_Lite/arm-none-eabi/lib/thumb2/libc.a(lib_a-strcmp.o)
 .bss           0x2000156c        0x0 /home/deh/CodeSourcery/Sourcery_G++_Lite/arm-none-eabi/lib/thumb2/libc.a(lib_a-strlen.o)
 .bss           0x2000156c        0x0 /home/deh/CodeSourcery/Sourcery_G++_Lite/arm-none-eabi/lib/thumb2/libc.a(lib_a-svfiprintf.o)
 .bss           0x2000156c        0x0 /home/deh/CodeSourcery/Sourcery_G++_Lite/arm-none-eabi/lib/thumb2/libc.a(lib_a-callocr.o)
 .bss           0x2000156c        0x0 /home/deh/CodeSourcery/Sourcery_G++_Lite/arm-none-eabi/lib/thumb2/libc.a(lib_a-memmove.o)
 .bss           0x2000156c        0x0 /home/deh/CodeSourcery/Sourcery_G++_Lite/arm-none-eabi/lib/thumb2/libc.a(lib_a-reallocr.o)
 .bss           0x2000156c        0x0 /home/deh/CodeSourcery/Sourcery_G++_Lite/lib/gcc/arm-none-eabi/4.5.2/thumb2/libgcc.a(_divsi3.o)
 .bss           0x2000156c        0x0 /home/deh/CodeSourcery/Sourcery_G++_Lite/lib/gcc/arm-none-eabi/4.5.2/thumb2/libgcc.a(_aeabi_uldivmod.o)
 .bss           0x2000156c       0x10 ./../../../sw_stm32/trunk/lib/libmiscstm32/libmiscstm32.a(busfreq.o)
                0x2000156c                hclk_freq
                0x20001570                pclk1_freq
                0x20001574                pclk2_freq
                0x20001578                sysclk_freq
 .bss           0x2000157c        0x8 ./../../../sw_stm32/trunk/lib/libmiscstm32/libmiscstm32.a(clockspecifysetup.o)
                0x2000157c                pmul1
                0x2000157e                pmul2
                0x20001580                pdev1
                0x20001582                pdev2
 .bss           0x20001584        0x8 ./../../../sw_stm32/trunk/lib/libmiscstm32/libmiscstm32.a(printf.o)
 .bss           0x2000158c        0x0 ./../../../sw_stm32/trunk/lib/libmiscstm32/libmiscstm32.a(startup_deh.o)
 .bss           0x2000158c        0x0 ./../../../sw_stm32/trunk/lib/libmiscstm32/libmiscstm32.a(systick1.o)
 .bss           0x2000158c        0x0 ./../../../sw_stm32/trunk/lib/libmiscstm32/libmiscstm32.a(SYSTICK_getcount32.o)
 .bss           0x2000158c        0x0 ./../../../sw_stm32/trunk/lib/libusartstm32/libusartstm32.a(USART1_rxint_getlineboth.o)
 .bss           0x2000158c        0x0 ./../../../sw_stm32/trunk/lib/libusartstm32/libusartstm32.a(USART1_rxinttxintRTC.o)
 .bss           0x2000158c        0x0 ./../../../sw_stm32/trunk/lib/libusartstm32/libusartstm32.a(USART1_txint_putc.o)
 .bss           0x2000158c        0x0 ./../../../sw_stm32/trunk/lib/libusartstm32/libusartstm32.a(USART1_txint_puts.o)
 .bss           0x2000158c        0x0 ./../../../sw_stm32/trunk/lib/libusartstm32/libusartstm32.a(USART1_txint_send.o)
 .bss           0x2000158c        0x0 ./../../../sw_stm32/trunk/lib/libusartstm32/libusartstm32.a(USART1_txint_busy.o)
 .bss           0x2000158c        0x8 ./../../../sw_stm32/trunk/lib/libusartstm32/libusartstm32.a(UART4_rxinttxintRTC.o)
                0x2000158c                pUSARTcbr4
                0x20001590                pUSARTcbt4
 .bss           0x20001594        0x0 ./../../../sw_stm32/trunk/lib/libusartstm32/libusartstm32.a(UART4_rxint_getlineboth.o)
 .bss           0x20001594        0x0 ./../../../sw_stm32/trunk/lib/libusartstm32/libusartstm32.a(usartx_putsS.o)
 .bss           0x20001594        0x4 ./../../../sw_stm32/trunk/lib/libusartstm32/libusartstm32.a(USART1_txmin.o)
                0x20001594                pUSARTcbt1
 .bss           0x20001598        0x0 ./../../../sw_stm32/trunk/lib/libusartstm32/libusartstm32.a(usartx_txdma_init.o)
 .bss           0x20001598        0x0 ./../../../sw_stm32/trunk/lib/libusartstm32/libusartstm32.a(usartx_tx_advlnptr.o)
 .bss           0x20001598        0x4 ./../../../sw_stm32/trunk/lib/libusartstm32/libusartstm32.a(USART1_rxdma.o)
                0x20001598                pUSARTcbr1
 .bss           0x2000159c        0x0 ./../../../sw_stm32/trunk/lib/libusartstm32/libusartstm32.a(usartx_rxint_init.o)
 .bss           0x2000159c        0x0 ./../../../sw_stm32/trunk/lib/libusartstm32/libusartstm32.a(usartx_rxint_rxisrptradvRTC.o)
 .bss           0x2000159c        0x0 ./../../../sw_stm32/trunk/lib/libusartstm32/libusartstm32.a(usartx_txint_send.o)
 .bss           0x2000159c        0x0 ./../../../sw_stm32/trunk/lib/libusartstm32/libusartstm32.a(usartx_txint_init.o)
 .bss           0x2000159c      0x800 ./../../../sw_stm32/trunk/lib/libusartstm32/libusartstm32.a(mymalloc.o)
                0x2000159c                myheapblock
 .bss           0x20001d9c        0x0 ./../../../sw_stm32/trunk/lib/libusartstm32/libusartstm32.a(usartx_setbaud.o)
 .bss           0x20001d9c        0x0 ./../../../sw_stm32/trunk/lib/libusartstm32/libusartstm32.a(usartx_txmin_init.o)
 .bss           0x20001d9c        0x0 ./../../../sw_stm32/trunk/lib/libusartstm32/libusartstm32.a(usartx_rxdma_init.o)
 .bss           0x20001d9c       0x20 ./../../../sw_stm32/trunk/devices/libdevicesstm32.a(32KHz.o)
                0x20001d9c                cResetFlag
                0x20001da0                RTC_debug1
                0x20001da4                RTC_debug2
                0x20001da8                uiRTCsystemcounter
                0x20001db0                uiSecondsFlag
                0x20001db4                rtc_secf_ptr
                0x20001db8                RTC_debug0
 .bss           0x20001dbc       0x14 ./../../../sw_stm32/trunk/devices/libdevicesstm32.a(spi1ad7799.o)
                0x20001dbc                spi1_writedoneptr
                0x20001dc0                spi1_readdoneptr
                0x20001dc4                spi1_cnt
                0x20001dc8                spi1_ptr
                0x20001dcc                xmt_flag
                0x20001dcd                spi1_xmt
 .bss           0x20001dd0       0x10 ./../../../sw_stm32/trunk/devices/libdevicesstm32.a(ad7799_comm.o)
                0x20001dd0                ad7799_comm_busy
                0x20001dd2                ad7799_16bit
                0x20001dd4                ad7799_24bit
                0x20001dd8                ad7799_last_good_reading
                0x20001ddc                ad7799_8bit_reg
                0x20001ddd                ad7799_8bit_wrt
                0x20001dde                ad7799_16bit_wrt
 .bss           0x20001de0      0x1a0 ./../../../sw_stm32/trunk/devices/libdevicesstm32.a(adcpod.o)
                0x20001de0                strADC1resultptr
                0x20001de4                strADC1dr
                0x20001e34                strADCsave
                0x20001f74                uiDebug0
                0x20001f78                uiDebug1
                0x20001f7c                uiDebug2
 .bss           0x20001f80        0x0 ./../../../sw_stm32/trunk/devices/libdevicesstm32.a(hwcrc.o)
 .bss           0x20001f80        0x0 ./../../../sw_stm32/trunk/devices/libdevicesstm32.a(PODpinconfig.o)
 .bss           0x20001f80        0x0 ./../../../sw_stm32/trunk/devices/libdevicesstm32.a(pwrctl.o)
 .bss           0x20001f80       0x60 ./../../../sw_stm32/trunk/lib/libsupportstm32/libsupportstm32.a(ad7799_filter.o)
                0x20001fd0                llAD7799_out
                0x20001fd8                usAD7799filterFlag
                0x20001fdc                ad7799_filterdone_ptr
 .bss           0x20001fe0        0x0 ./../../../sw_stm32/trunk/lib/libsupportstm32/libsupportstm32.a(adctherm_cal.o)
 .bss           0x20001fe0        0x0 ./../../../sw_stm32/trunk/lib/libsupportstm32/libsupportstm32.a(calibration_init.o)
 .bss           0x20001fe0        0x0 ./../../../sw_stm32/trunk/lib/libsupportstm32/libsupportstm32.a(cic_filter_l_N2_M3.o)
 .bss           0x20001fe0        0x0 ./../../../sw_stm32/trunk/lib/libsupportstm32/libsupportstm32.a(cic_filter_ll_N2_M3.o)
 .bss           0x20001fe0       0x24 ./../../../sw_stm32/trunk/lib/libsupportstm32/libsupportstm32.a(rtctimers.o)
                0x20001fe0                nTimercounter
                0x20001ff0                rtc_timer_ptr
                0x20002000                rtc_timerdone_ptr
 *fill*         0x20002004        0x4 00
 .bss           0x20002008      0x430 ./../../../sw_stm32/trunk/lib/libsupportstm32/libsupportstm32.a(sdlog.o)
                0x20002424                sdlog_err
                0x20002430                sdlog_fatal_counter
 .bss           0x20002438        0x0 ./../../../sw_stm32/trunk/lib/libsupportstm32/libsupportstm32.a(adcthermtmp.o)
 .bss           0x20002438        0x0 ./../../../sw_stm32/trunk/lib/libsupportstm32/libsupportstm32.a(sdcard_csd.o)
 .bss           0x20002438        0x8 ./../../../sw_stm32/trunk/devices/libdevicesstm32.a(sdcard.o)
                0x20002438                sdcard_marker
                0x2000243c                sdcard_status
 .bss           0x20002440      0x354 ./../../../sw_stm32/trunk/devices/libdevicesstm32.a(sdcard_ll.o)
                0x20002470                sdc_pt_queue
                0x20002474                sdc_queue
 .bss           0x20002794       0x10 ./../../../sw_stm32/trunk/devices/libdevicesstm32.a(spi2sdcard.o)
                0x20002794                spi2_isrdoneptr
                0x20002798                xmit2_busy_flag
                0x20002799                dummyread
                0x2000279a                spi2_xmt_dummy
                0x2000279c                spi2_ptr
                0x200027a0                spi2_cnt
 *(.bss*)
 *(.shbss)
 *(.bss .bss.* .gnu.linkonce.b.*)
 *(COMMON)
 COMMON         0x200027a4        0x4 /home/deh/CodeSourcery/Sourcery_G++_Lite/arm-none-eabi/lib/thumb2/libc.a(lib_a-reent.o)
                0x200027a4                errno
                0x200027a8                . = ALIGN (0x4)
 *(.ram.b .bss.ram)
                0x200027a8                . = ALIGN (0x4)
                0x200027a8                _ebss = .
                0x200027a8                _end_of_bss = .
                0x200027a8                _end = .
                0x200027a8                __end = .
                0x200027a8                PROVIDE (_end_of_bss, .)
LOAD vector.o
LOAD pod_v1.o
LOAD ad7799_packetize.o
LOAD adc_packetize.o
LOAD calendar_arith.o
LOAD gps_packetize.o
LOAD LED_ctl.o
LOAD pushbutton_packetize.o
LOAD p1_common.o
LOAD p1_cold_run.o
LOAD p1_deepsleep_run.o
LOAD p1_get_reset_mode.o
LOAD p1_gps_time_convert.o
LOAD p1_gps_time_linux.o
LOAD p1_gps_1pps_v2.o
LOAD p1_initialization.o
LOAD p1_logging_handler.o
LOAD p1_normal_run.o
LOAD p1_PC_handler.o
LOAD p1_PC_monitor.o
LOAD p1_PC_monitor_accel.o
LOAD p1_PC_monitor_batt.o
LOAD p1_PC_monitor_gps.o
LOAD p1_PC_monitor_readout.o
LOAD p1_shutdown.o
LOAD RS232_ctl.o
LOAD 32KHz_p1.o
LOAD p1_Tim2_pod.o
LOAD tickadjust.o
LOAD newlib_support.o
LOAD p1_calibration_sd.o
LOAD p1_PC_monitor_inputcal.o
LOAD /home/deh/CodeSourcery/Sourcery_G++_Lite/arm-none-eabi/lib/thumb2/libm.a
LOAD /home/deh/CodeSourcery/Sourcery_G++_Lite/lib/gcc/arm-none-eabi/4.5.2/thumb2/libgcc.a
LOAD /home/deh/CodeSourcery/Sourcery_G++_Lite/arm-none-eabi/lib/thumb2/libc.a
LOAD /home/deh/CodeSourcery/Sourcery_G++_Lite/lib/gcc/arm-none-eabi/4.5.2/thumb2/libgcc.a
LOAD ./../../../sw_stm32/trunk/lib/libmiscstm32/libmiscstm32.a
LOAD ./../../../sw_stm32/trunk/lib/libusartstm32/libusartstm32.a
LOAD ./../../../sw_stm32/trunk/devices/libdevicesstm32.a
LOAD ./../../../sw_stm32/trunk/lib/libsupportstm32/libsupportstm32.a
LOAD ./../../../sw_stm32/trunk/devices/libdevicesstm32.a
LOAD ./../../../sw_stm32/trunk/lib/libusartstm32/libusartstm32.a
LOAD ./../../../sw_stm32/trunk/lib/libmiscstm32/libmiscstm32.a
LOAD ./../../../sw_stm32/trunk/lib/libsupportstm32/libsupportstm32.a
LOAD /home/deh/CodeSourcery/Sourcery_G++_Lite/arm-none-eabi/lib/thumb2/libc.a
LOAD /home/deh/CodeSourcery/Sourcery_G++_Lite/arm-none-eabi/lib/thumb2/libm.a
LOAD /home/deh/CodeSourcery/Sourcery_G++_Lite/lib/gcc/arm-none-eabi/4.5.2/thumb2/libgcc.a
OUTPUT(pod_v1 elf32-littlearm)

.debug_abbrev   0x00000000     0x4cbb
 .debug_abbrev  0x00000000       0x6e vector.o
 .debug_abbrev  0x0000006e       0x52 pod_v1.o
 .debug_abbrev  0x000000c0      0x152 ad7799_packetize.o
 .debug_abbrev  0x00000212      0x15e adc_packetize.o
 .debug_abbrev  0x00000370      0x10f calendar_arith.o
 .debug_abbrev  0x0000047f      0x1bf gps_packetize.o
 .debug_abbrev  0x0000063e       0x9f LED_ctl.o
 .debug_abbrev  0x000006dd      0x117 pushbutton_packetize.o
 .debug_abbrev  0x000007f4       0x9a p1_common.o
 .debug_abbrev  0x0000088e       0x3f p1_cold_run.o
 .debug_abbrev  0x000008cd       0x61 p1_deepsleep_run.o
 .debug_abbrev  0x0000092e       0xb8 p1_get_reset_mode.o
 .debug_abbrev  0x000009e6      0x10c p1_gps_time_convert.o
 .debug_abbrev  0x00000af2      0x107 p1_gps_time_linux.o
 .debug_abbrev  0x00000bf9       0xf2 p1_gps_1pps_v2.o
 .debug_abbrev  0x00000ceb      0x198 p1_initialization.o
 .debug_abbrev  0x00000e83       0xd2 p1_logging_handler.o
 .debug_abbrev  0x00000f55       0x7a p1_normal_run.o
 .debug_abbrev  0x00000fcf      0x29a p1_PC_handler.o
 .debug_abbrev  0x00001269       0xff p1_PC_monitor.o
 .debug_abbrev  0x00001368       0xd4 p1_PC_monitor_accel.o
 .debug_abbrev  0x0000143c      0x132 p1_PC_monitor_batt.o
 .debug_abbrev  0x0000156e      0x105 p1_PC_monitor_gps.o
 .debug_abbrev  0x00001673      0x269 p1_PC_monitor_readout.o
 .debug_abbrev  0x000018dc      0x16a p1_shutdown.o
 .debug_abbrev  0x00001a46       0xba RS232_ctl.o
 .debug_abbrev  0x00001b00      0x1f2 32KHz_p1.o
 .debug_abbrev  0x00001cf2      0x15e p1_Tim2_pod.o
 .debug_abbrev  0x00001e50      0x25f tickadjust.o
 .debug_abbrev  0x000020af      0x162 newlib_support.o
 .debug_abbrev  0x00002211      0x1dd p1_calibration_sd.o
 .debug_abbrev  0x000023ee       0xee p1_PC_monitor_inputcal.o
 .debug_abbrev  0x000024dc       0x30 ./../../../sw_stm32/trunk/lib/libmiscstm32/libmiscstm32.a(busfreq.o)
 .debug_abbrev  0x0000250c      0x12a ./../../../sw_stm32/trunk/lib/libmiscstm32/libmiscstm32.a(clockspecifysetup.o)
 .debug_abbrev  0x00002636      0x20c ./../../../sw_stm32/trunk/lib/libmiscstm32/libmiscstm32.a(printf.o)
 .debug_abbrev  0x00002842       0x6c ./../../../sw_stm32/trunk/lib/libmiscstm32/libmiscstm32.a(startup_deh.o)
 .debug_abbrev  0x000028ae       0xa1 ./../../../sw_stm32/trunk/lib/libmiscstm32/libmiscstm32.a(systick1.o)
 .debug_abbrev  0x0000294f       0x84 ./../../../sw_stm32/trunk/lib/libmiscstm32/libmiscstm32.a(SYSTICK_getcount32.o)
 .debug_abbrev  0x000029d3       0xc0 ./../../../sw_stm32/trunk/lib/libusartstm32/libusartstm32.a(USART1_rxint_getlineboth.o)
 .debug_abbrev  0x00002a93       0xd7 ./../../../sw_stm32/trunk/lib/libusartstm32/libusartstm32.a(USART1_rxinttxintRTC.o)
 .debug_abbrev  0x00002b6a       0xa4 ./../../../sw_stm32/trunk/lib/libusartstm32/libusartstm32.a(USART1_txint_putc.o)
 .debug_abbrev  0x00002c0e       0xa2 ./../../../sw_stm32/trunk/lib/libusartstm32/libusartstm32.a(USART1_txint_puts.o)
 .debug_abbrev  0x00002cb0       0x91 ./../../../sw_stm32/trunk/lib/libusartstm32/libusartstm32.a(USART1_txint_send.o)
 .debug_abbrev  0x00002d41       0x93 ./../../../sw_stm32/trunk/lib/libusartstm32/libusartstm32.a(USART1_txint_busy.o)
 .debug_abbrev  0x00002dd4       0xe8 ./../../../sw_stm32/trunk/lib/libusartstm32/libusartstm32.a(UART4_rxinttxintRTC.o)
 .debug_abbrev  0x00002ebc       0xc0 ./../../../sw_stm32/trunk/lib/libusartstm32/libusartstm32.a(UART4_rxint_getlineboth.o)
 .debug_abbrev  0x00002f7c       0xa2 ./../../../sw_stm32/trunk/lib/libusartstm32/libusartstm32.a(USART1_txmin.o)
 .debug_abbrev  0x0000301e       0xc6 ./../../../sw_stm32/trunk/lib/libusartstm32/libusartstm32.a(usartx_txdma_init.o)
 .debug_abbrev  0x000030e4       0xa6 ./../../../sw_stm32/trunk/lib/libusartstm32/libusartstm32.a(usartx_tx_advlnptr.o)
 .debug_abbrev  0x0000318a       0xc4 ./../../../sw_stm32/trunk/lib/libusartstm32/libusartstm32.a(USART1_rxdma.o)
 .debug_abbrev  0x0000324e      0x11c ./../../../sw_stm32/trunk/lib/libusartstm32/libusartstm32.a(usartx_rxint_init.o)
 .debug_abbrev  0x0000336a       0xc8 ./../../../sw_stm32/trunk/lib/libusartstm32/libusartstm32.a(usartx_rxint_rxisrptradvRTC.o)
 .debug_abbrev  0x00003432       0xa2 ./../../../sw_stm32/trunk/lib/libusartstm32/libusartstm32.a(usartx_txint_send.o)
 .debug_abbrev  0x000034d4       0xc6 ./../../../sw_stm32/trunk/lib/libusartstm32/libusartstm32.a(usartx_txint_init.o)
 .debug_abbrev  0x0000359a       0xbf ./../../../sw_stm32/trunk/lib/libusartstm32/libusartstm32.a(mymalloc.o)
 .debug_abbrev  0x00003659       0x99 ./../../../sw_stm32/trunk/lib/libusartstm32/libusartstm32.a(usartx_setbaud.o)
 .debug_abbrev  0x000036f2       0x68 ./../../../sw_stm32/trunk/lib/libusartstm32/libusartstm32.a(usartx_txmin_init.o)
 .debug_abbrev  0x0000375a       0xc6 ./../../../sw_stm32/trunk/lib/libusartstm32/libusartstm32.a(usartx_rxdma_init.o)
 .debug_abbrev  0x00003820      0x186 ./../../../sw_stm32/trunk/devices/libdevicesstm32.a(32KHz.o)
 .debug_abbrev  0x000039a6      0x128 ./../../../sw_stm32/trunk/devices/libdevicesstm32.a(spi1ad7799.o)
 .debug_abbrev  0x00003ace      0x1c4 ./../../../sw_stm32/trunk/devices/libdevicesstm32.a(ad7799_comm.o)
 .debug_abbrev  0x00003c92      0x185 ./../../../sw_stm32/trunk/devices/libdevicesstm32.a(adcpod.o)